../Core/Src/main.c:82:5:main	32	static,ignoring_inline_asm
../Core/Src/main.c:157:6:SystemClock_Config	88	static
../Core/Src/main.c:204:13:MX_GPIO_Init	64	static
../Core/Src/main.c:471:6:switch_priority	32	static
../Core/Src/main.c:508:13:ledGreenHandler	16	static
../Core/Src/main.c:525:13:ledRedHandler	16	static
../Core/Src/main.c:540:6:button_interrupt_handler	8	static
../Core/Src/main.c:560:6:HAL_TIM_PeriodElapsedCallback	16	static
../Core/Src/main.c:577:6:Error_Handler	4	static,ignoring_inline_asm
