Archive member included to satisfy reference by file (symbol)

c:/st/stm32cubeide_1.12.1/stm32cubeide/plugins/com.st.stm32cube.ide.mcu.externaltools.gnu-tools-for-stm32.10.3-2021.10.win32_1.0.200.202301161003/tools/bin/../lib/gcc/arm-none-eabi/10.3.1/../../../../arm-none-eabi/lib/thumb/v7e-m+fp/hard\libc_nano.a(lib_a-errno.o)
                              ./Core/Src/syscalls.o (__errno)
c:/st/stm32cubeide_1.12.1/stm32cubeide/plugins/com.st.stm32cube.ide.mcu.externaltools.gnu-tools-for-stm32.10.3-2021.10.win32_1.0.200.202301161003/tools/bin/../lib/gcc/arm-none-eabi/10.3.1/../../../../arm-none-eabi/lib/thumb/v7e-m+fp/hard\libc_nano.a(lib_a-exit.o)
                              c:/st/stm32cubeide_1.12.1/stm32cubeide/plugins/com.st.stm32cube.ide.mcu.externaltools.gnu-tools-for-stm32.10.3-2021.10.win32_1.0.200.202301161003/tools/bin/../lib/gcc/arm-none-eabi/10.3.1/../../../../arm-none-eabi/lib/thumb/v7e-m+fp/hard/crt0.o (exit)
c:/st/stm32cubeide_1.12.1/stm32cubeide/plugins/com.st.stm32cube.ide.mcu.externaltools.gnu-tools-for-stm32.10.3-2021.10.win32_1.0.200.202301161003/tools/bin/../lib/gcc/arm-none-eabi/10.3.1/../../../../arm-none-eabi/lib/thumb/v7e-m+fp/hard\libc_nano.a(lib_a-impure.o)
                              c:/st/stm32cubeide_1.12.1/stm32cubeide/plugins/com.st.stm32cube.ide.mcu.externaltools.gnu-tools-for-stm32.10.3-2021.10.win32_1.0.200.202301161003/tools/bin/../lib/gcc/arm-none-eabi/10.3.1/../../../../arm-none-eabi/lib/thumb/v7e-m+fp/hard\libc_nano.a(lib_a-exit.o) (_global_impure_ptr)
c:/st/stm32cubeide_1.12.1/stm32cubeide/plugins/com.st.stm32cube.ide.mcu.externaltools.gnu-tools-for-stm32.10.3-2021.10.win32_1.0.200.202301161003/tools/bin/../lib/gcc/arm-none-eabi/10.3.1/../../../../arm-none-eabi/lib/thumb/v7e-m+fp/hard\libc_nano.a(lib_a-init.o)
                              c:/st/stm32cubeide_1.12.1/stm32cubeide/plugins/com.st.stm32cube.ide.mcu.externaltools.gnu-tools-for-stm32.10.3-2021.10.win32_1.0.200.202301161003/tools/bin/../lib/gcc/arm-none-eabi/10.3.1/../../../../arm-none-eabi/lib/thumb/v7e-m+fp/hard/crt0.o (__libc_init_array)
c:/st/stm32cubeide_1.12.1/stm32cubeide/plugins/com.st.stm32cube.ide.mcu.externaltools.gnu-tools-for-stm32.10.3-2021.10.win32_1.0.200.202301161003/tools/bin/../lib/gcc/arm-none-eabi/10.3.1/../../../../arm-none-eabi/lib/thumb/v7e-m+fp/hard\libc_nano.a(lib_a-memcmp.o)
                              ./common/SEGGER/os/SEGGER_SYSVIEW_FreeRTOS.o (memcmp)
c:/st/stm32cubeide_1.12.1/stm32cubeide/plugins/com.st.stm32cube.ide.mcu.externaltools.gnu-tools-for-stm32.10.3-2021.10.win32_1.0.200.202301161003/tools/bin/../lib/gcc/arm-none-eabi/10.3.1/../../../../arm-none-eabi/lib/thumb/v7e-m+fp/hard\libc_nano.a(lib_a-memcpy-stub.o)
                              ./common/FreeRTOS/queue.o (memcpy)
c:/st/stm32cubeide_1.12.1/stm32cubeide/plugins/com.st.stm32cube.ide.mcu.externaltools.gnu-tools-for-stm32.10.3-2021.10.win32_1.0.200.202301161003/tools/bin/../lib/gcc/arm-none-eabi/10.3.1/../../../../arm-none-eabi/lib/thumb/v7e-m+fp/hard\libc_nano.a(lib_a-memset.o)
                              c:/st/stm32cubeide_1.12.1/stm32cubeide/plugins/com.st.stm32cube.ide.mcu.externaltools.gnu-tools-for-stm32.10.3-2021.10.win32_1.0.200.202301161003/tools/bin/../lib/gcc/arm-none-eabi/10.3.1/../../../../arm-none-eabi/lib/thumb/v7e-m+fp/hard/crt0.o (memset)
c:/st/stm32cubeide_1.12.1/stm32cubeide/plugins/com.st.stm32cube.ide.mcu.externaltools.gnu-tools-for-stm32.10.3-2021.10.win32_1.0.200.202301161003/tools/bin/../lib/gcc/arm-none-eabi/10.3.1/../../../../arm-none-eabi/lib/thumb/v7e-m+fp/hard\libc_nano.a(lib_a-strlen.o)
                              ./common/SEGGER/SEGGER/SEGGER_RTT.o (strlen)
c:/st/stm32cubeide_1.12.1/stm32cubeide/plugins/com.st.stm32cube.ide.mcu.externaltools.gnu-tools-for-stm32.10.3-2021.10.win32_1.0.200.202301161003/tools/bin/../lib/gcc/arm-none-eabi/10.3.1/thumb/v7e-m+fp/hard\libgcc.a(_aeabi_uldivmod.o)
                              ./Drivers/STM32F4xx_HAL_Driver/Src/stm32f4xx_hal_rcc.o (__aeabi_uldivmod)
c:/st/stm32cubeide_1.12.1/stm32cubeide/plugins/com.st.stm32cube.ide.mcu.externaltools.gnu-tools-for-stm32.10.3-2021.10.win32_1.0.200.202301161003/tools/bin/../lib/gcc/arm-none-eabi/10.3.1/thumb/v7e-m+fp/hard\libgcc.a(_udivmoddi4.o)
                              c:/st/stm32cubeide_1.12.1/stm32cubeide/plugins/com.st.stm32cube.ide.mcu.externaltools.gnu-tools-for-stm32.10.3-2021.10.win32_1.0.200.202301161003/tools/bin/../lib/gcc/arm-none-eabi/10.3.1/thumb/v7e-m+fp/hard\libgcc.a(_aeabi_uldivmod.o) (__udivmoddi4)
c:/st/stm32cubeide_1.12.1/stm32cubeide/plugins/com.st.stm32cube.ide.mcu.externaltools.gnu-tools-for-stm32.10.3-2021.10.win32_1.0.200.202301161003/tools/bin/../lib/gcc/arm-none-eabi/10.3.1/thumb/v7e-m+fp/hard\libgcc.a(_dvmd_tls.o)
[...]
Memory Configuration

Name             Origin             Length             Attributes
CCMRAM           0x0000000010000000 0x0000000000010000 xrw
RAM              0x0000000020000000 0x0000000000030000 xrw
FLASH            0x0000000008000000 0x0000000000200000 xr
*default*        0x0000000000000000 0xffffffffffffffff

Linker script and memory map

LOAD c:/st/stm32cubeide_1.12.1/stm32cubeide/plugins/com.st.stm32cube.ide.mcu.externaltools.gnu-tools-for-stm32.10.3-2021.10.win32_1.0.200.202301161003/tools/bin/../lib/gcc/arm-none-eabi/10.3.1/thumb/v7e-m+fp/hard/crti.o
LOAD c:/st/stm32cubeide_1.12.1/stm32cubeide/plugins/com.st.stm32cube.ide.mcu.externaltools.gnu-tools-for-stm32.10.3-2021.10.win32_1.0.200.202301161003/tools/bin/../lib/gcc/arm-none-eabi/10.3.1/thumb/v7e-m+fp/hard/crtbegin.o
LOAD c:/st/stm32cubeide_1.12.1/stm32cubeide/plugins/com.st.stm32cube.ide.mcu.externaltools.gnu-tools-for-stm32.10.3-2021.10.win32_1.0.200.202301161003/tools/bin/../lib/gcc/arm-none-eabi/10.3.1/../../../../arm-none-eabi/lib/thumb/v7e-m+fp/hard/crt0.o
LOAD ./Core/Src/STM32_Disc1_Gpio.o
LOAD ./Core/Src/VirtualCommDriver.o
LOAD ./Core/Src/main.o
LOAD ./Core/Src/stm32f4xx_hal_msp.o
LOAD ./Core/Src/stm32f4xx_hal_timebase_tim.o
LOAD ./Core/Src/stm32f4xx_it.o
LOAD ./Core/Src/syscalls.o
LOAD ./Core/Src/sysmem.o
LOAD ./Core/Src/system_stm32f4xx.o
LOAD ./Core/Startup/startup_stm32f429zitx.o
LOAD ./Drivers/STM32F4xx_HAL_Driver/Src/stm32f4xx_hal.o
LOAD ./Drivers/STM32F4xx_HAL_Driver/Src/stm32f4xx_hal_cortex.o
LOAD ./Drivers/STM32F4xx_HAL_Driver/Src/stm32f4xx_hal_dma.o
LOAD ./Drivers/STM32F4xx_HAL_Driver/Src/stm32f4xx_hal_dma_ex.o
LOAD ./Drivers/STM32F4xx_HAL_Driver/Src/stm32f4xx_hal_exti.o
LOAD ./Drivers/STM32F4xx_HAL_Driver/Src/stm32f4xx_hal_flash.o
LOAD ./Drivers/STM32F4xx_HAL_Driver/Src/stm32f4xx_hal_flash_ex.o
LOAD ./Drivers/STM32F4xx_HAL_Driver/Src/stm32f4xx_hal_flash_ramfunc.o
LOAD ./Drivers/STM32F4xx_HAL_Driver/Src/stm32f4xx_hal_gpio.o
LOAD ./Drivers/STM32F4xx_HAL_Driver/Src/stm32f4xx_hal_pcd.o
LOAD ./Drivers/STM32F4xx_HAL_Driver/Src/stm32f4xx_hal_pcd_ex.o
LOAD ./Drivers/STM32F4xx_HAL_Driver/Src/stm32f4xx_hal_pwr.o
LOAD ./Drivers/STM32F4xx_HAL_Driver/Src/stm32f4xx_hal_pwr_ex.o
LOAD ./Drivers/STM32F4xx_HAL_Driver/Src/stm32f4xx_hal_rcc.o
LOAD ./Drivers/STM32F4xx_HAL_Driver/Src/stm32f4xx_hal_rcc_ex.o
LOAD ./Drivers/STM32F4xx_HAL_Driver/Src/stm32f4xx_hal_tim.o
LOAD ./Drivers/STM32F4xx_HAL_Driver/Src/stm32f4xx_hal_tim_ex.o
LOAD ./Drivers/STM32F4xx_HAL_Driver/Src/stm32f4xx_hal_uart.o
LOAD ./Drivers/STM32F4xx_HAL_Driver/Src/stm32f4xx_ll_usb.o
LOAD ./Middlewares/ST/STM32_USB_Device_Library/Class/CDC/Src/usbd_cdc.o
LOAD ./Middlewares/ST/STM32_USB_Device_Library/Core/Src/usbd_core.o
LOAD ./Middlewares/ST/STM32_USB_Device_Library/Core/Src/usbd_ctlreq.o
LOAD ./Middlewares/ST/STM32_USB_Device_Library/Core/Src/usbd_ioreq.o
LOAD ./USB_DEVICE/App/usb_device.o
LOAD ./USB_DEVICE/App/usbd_cdc_if.o
LOAD ./USB_DEVICE/App/usbd_desc.o
LOAD ./USB_DEVICE/Target/usbd_conf.o
LOAD ./common/FreeRTOS/croutine.o
LOAD ./common/FreeRTOS/event_groups.o
LOAD ./common/FreeRTOS/list.o
LOAD ./common/FreeRTOS/queue.o
LOAD ./common/FreeRTOS/stream_buffer.o
LOAD ./common/FreeRTOS/tasks.o
LOAD ./common/FreeRTOS/timers.o
LOAD ./common/FreeRTOS/portable/GCC/ARM_CM4F/port.o
LOAD ./common/FreeRTOS/portable/MemMang/heap_4.o
LOAD ./common/SEGGER/SEGGER/SEGGER_RTT.o
LOAD ./common/SEGGER/SEGGER/SEGGER_RTT_ASM_ARMv7M.o
LOAD ./common/SEGGER/SEGGER/SEGGER_RTT_printf.o
LOAD ./common/SEGGER/SEGGER/SEGGER_SYSVIEW.o
LOAD ./common/SEGGER/SEGGER/Syscalls/SEGGER_RTT_Syscalls_GCC.o
LOAD ./common/SEGGER/config/SEGGER_SYSVIEW_Config_FreeRTOS.o
LOAD ./common/SEGGER/os/SEGGER_SYSVIEW_FreeRTOS.o
START GROUP
LOAD c:/st/stm32cubeide_1.12.1/stm32cubeide/plugins/com.st.stm32cube.ide.mcu.externaltools.gnu-tools-for-stm32.10.3-2021.10.win32_1.0.200.202301161003/tools/bin/../lib/gcc/arm-none-eabi/10.3.1/../../../../arm-none-eabi/lib/thumb/v7e-m+fp/hard\libc_nano.a
LOAD c:/st/stm32cubeide_1.12.1/stm32cubeide/plugins/com.st.stm32cube.ide.mcu.externaltools.gnu-tools-for-stm32.10.3-2021.10.win32_1.0.200.202301161003/tools/bin/../lib/gcc/arm-none-eabi/10.3.1/../../../../arm-none-eabi/lib/thumb/v7e-m+fp/hard\libm.a
END GROUP
START GROUP
LOAD c:/st/stm32cubeide_1.12.1/stm32cubeide/plugins/com.st.stm32cube.ide.mcu.externaltools.gnu-tools-for-stm32.10.3-2021.10.win32_1.0.200.202301161003/tools/bin/../lib/gcc/arm-none-eabi/10.3.1/thumb/v7e-m+fp/hard\libgcc.a
LOAD c:/st/stm32cubeide_1.12.1/stm32cubeide/plugins/com.st.stm32cube.ide.mcu.externaltools.gnu-tools-for-stm32.10.3-2021.10.win32_1.0.200.202301161003/tools/bin/../lib/gcc/arm-none-eabi/10.3.1/../../../../arm-none-eabi/lib/thumb/v7e-m+fp/hard\libc_nano.a
END GROUP
START GROUP
LOAD c:/st/stm32cubeide_1.12.1/stm32cubeide/plugins/com.st.stm32cube.ide.mcu.externaltools.gnu-tools-for-stm32.10.3-2021.10.win32_1.0.200.202301161003/tools/bin/../lib/gcc/arm-none-eabi/10.3.1/thumb/v7e-m+fp/hard\libgcc.a
LOAD c:/st/stm32cubeide_1.12.1/stm32cubeide/plugins/com.st.stm32cube.ide.mcu.externaltools.gnu-tools-for-stm32.10.3-2021.10.win32_1.0.200.202301161003/tools/bin/../lib/gcc/arm-none-eabi/10.3.1/../../../../arm-none-eabi/lib/thumb/v7e-m+fp/hard\libc_nano.a
LOAD c:/st/stm32cubeide_1.12.1/stm32cubeide/plugins/com.st.stm32cube.ide.mcu.externaltools.gnu-tools-for-stm32.10.3-2021.10.win32_1.0.200.202301161003/tools/bin/../lib/gcc/arm-none-eabi/10.3.1/../../../../arm-none-eabi/lib/thumb/v7e-m+fp/hard\libnosys.a
END GROUP
START GROUP
LOAD c:/st/stm32cubeide_1.12.1/stm32cubeide/plugins/com.st.stm32cube.ide.mcu.externaltools.gnu-tools-for-stm32.10.3-2021.10.win32_1.0.200.202301161003/tools/bin/../lib/gcc/arm-none-eabi/10.3.1/thumb/v7e-m+fp/hard\libgcc.a
LOAD c:/st/stm32cubeide_1.12.1/stm32cubeide/plugins/com.st.stm32cube.ide.mcu.externaltools.gnu-tools-for-stm32.10.3-2021.10.win32_1.0.200.202301161003/tools/bin/../lib/gcc/arm-none-eabi/10.3.1/../../../../arm-none-eabi/lib/thumb/v7e-m+fp/hard\libc_nano.a
LOAD c:/st/stm32cubeide_1.12.1/stm32cubeide/plugins/com.st.stm32cube.ide.mcu.externaltools.gnu-tools-for-stm32.10.3-2021.10.win32_1.0.200.202301161003/tools/bin/../lib/gcc/arm-none-eabi/10.3.1/../../../../arm-none-eabi/lib/thumb/v7e-m+fp/hard\libnosys.a
END GROUP
LOAD c:/st/stm32cubeide_1.12.1/stm32cubeide/plugins/com.st.stm32cube.ide.mcu.externaltools.gnu-tools-for-stm32.10.3-2021.10.win32_1.0.200.202301161003/tools/bin/../lib/gcc/arm-none-eabi/10.3.1/thumb/v7e-m+fp/hard/crtend.o
LOAD c:/st/stm32cubeide_1.12.1/stm32cubeide/plugins/com.st.stm32cube.ide.mcu.externaltools.gnu-tools-for-stm32.10.3-2021.10.win32_1.0.200.202301161003/tools/bin/../lib/gcc/arm-none-eabi/10.3.1/thumb/v7e-m+fp/hard/crtn.o
                0x0000000020030000                _estack = (ORIGIN (RAM) + LENGTH (RAM))
                0x0000000000000200                _Min_Heap_Size = 0x200
                0x0000000000000400                _Min_Stack_Size = 0x400

.isr_vector     0x0000000008000000      0x1ac
                0x0000000008000000                . = ALIGN (0x4)
 *(.isr_vector)
 .isr_vector    0x0000000008000000      0x1ac ./Core/Startup/startup_stm32f429zitx.o
                0x0000000008000000                g_pfnVectors
                0x00000000080001ac                . = ALIGN (0x4)

.text           0x00000000080001b0     0xdb48
                0x00000000080001b0                . = ALIGN (0x4)
 *(.text)
 .text          0x00000000080001b0       0x40 c:/st/stm32cubeide_1.12.1/stm32cubeide/plugins/com.st.stm32cube.ide.mcu.externaltools.gnu-tools-for-stm32.10.3-2021.10.win32_1.0.200.202301161003/tools/bin/../lib/gcc/arm-none-eabi/10.3.1/thumb/v7e-m+fp/hard/crtbegin.o
 .text          0x00000000080001f0       0x94 ./common/SEGGER/SEGGER/SEGGER_RTT_ASM_ARMv7M.o
                0x00000000080001f0                SEGGER_RTT_ASM_WriteSkipNoLock
 .text          0x0000000008000284       0x30 c:/st/stm32cubeide_1.12.1/stm32cubeide/plugins/com.st.stm32cube.ide.mcu.externaltools.gnu-tools-for-stm32.10.3-2021.10.win32_1.0.200.202301161003/tools/bin/../lib/gcc/arm-none-eabi/10.3.1/thumb/v7e-m+fp/hard\libgcc.a(_aeabi_uldivmod.o)
                0x0000000008000284                __aeabi_uldivmod
 .text          0x00000000080002b4      0x2d0 c:/st/stm32cubeide_1.12.1/stm32cubeide/plugins/com.st.stm32cube.ide.mcu.externaltools.gnu-tools-for-stm32.10.3-2021.10.win32_1.0.200.202301161003/tools/bin/../lib/gcc/arm-none-eabi/10.3.1/thumb/v7e-m+fp/hard\libgcc.a(_udivmoddi4.o)
                0x00000000080002b4                __udivmoddi4
 .text          0x0000000008000584        0x4 c:/st/stm32cubeide_1.12.1/stm32cubeide/plugins/com.st.stm32cube.ide.mcu.externaltools.gnu-tools-for-stm32.10.3-2021.10.win32_1.0.200.202301161003/tools/bin/../lib/gcc/arm-none-eabi/10.3.1/thumb/v7e-m+fp/hard\libgcc.a(_dvmd_tls.o)
                0x0000000008000584                __aeabi_idiv0
                0x0000000008000584                __aeabi_ldiv0
 *(.text*)
 .text.__NVIC_SetPriority
                0x0000000008000588       0x54 ./Core/Src/VirtualCommDriver.o
 .text.VirtualCommInit
                0x00000000080005dc       0x90 ./Core/Src/VirtualCommDriver.o
                0x00000000080005dc                VirtualCommInit
 .text.TransmitUsbDataLossy
                0x000000000800066c       0x2c ./Core/Src/VirtualCommDriver.o
                0x000000000800066c                TransmitUsbDataLossy
 .text.usbTask  0x0000000008000698       0xcc ./Core/Src/VirtualCommDriver.o
                0x0000000008000698                usbTask
 .text.usbTxComplete
                0x0000000008000764       0x50 ./Core/Src/VirtualCommDriver.o
                0x0000000008000764                usbTxComplete
 .text.main     0x00000000080007b4       0x5c ./Core/Src/main.o
                0x00000000080007b4                main
 .text.SystemClock_Config
                0x0000000008000810       0xd4 ./Core/Src/main.o
                0x0000000008000810                SystemClock_Config
 .text.MX_USART2_UART_Init
                0x00000000080008e4       0x54 ./Core/Src/main.o
 .text.MX_GPIO_Init
                0x0000000008000938       0x50 ./Core/Src/main.o
 .text.usbPrintOutTask
                0x0000000008000988       0x60 ./Core/Src/main.o
                0x0000000008000988                usbPrintOutTask
 .text.HAL_TIM_PeriodElapsedCallback
                0x00000000080009e8       0x24 ./Core/Src/main.o
                0x00000000080009e8                HAL_TIM_PeriodElapsedCallback
 .text.Error_Handler
                0x0000000008000a0c        0xa ./Core/Src/main.o
                0x0000000008000a0c                Error_Handler
 .text.assert_failed
                0x0000000008000a16       0x16 ./Core/Src/main.o
                0x0000000008000a16                assert_failed
 .text.HAL_MspInit
                0x0000000008000a2c       0x50 ./Core/Src/stm32f4xx_hal_msp.o
                0x0000000008000a2c                HAL_MspInit
 .text.HAL_UART_MspInit
                0x0000000008000a7c       0x90 ./Core/Src/stm32f4xx_hal_msp.o
                0x0000000008000a7c                HAL_UART_MspInit
 .text.HAL_InitTick
                0x0000000008000b0c       0xf8 ./Core/Src/stm32f4xx_hal_timebase_tim.o
                0x0000000008000b0c                HAL_InitTick
 .text.NMI_Handler
                0x0000000008000c04        0x6 ./Core/Src/stm32f4xx_it.o
                0x0000000008000c04                NMI_Handler
 .text.HardFault_Handler
                0x0000000008000c0a        0x6 ./Core/Src/stm32f4xx_it.o
                0x0000000008000c0a                HardFault_Handler
 .text.MemManage_Handler
                0x0000000008000c10        0x6 ./Core/Src/stm32f4xx_it.o
                0x0000000008000c10                MemManage_Handler
 .text.BusFault_Handler
                0x0000000008000c16        0x6 ./Core/Src/stm32f4xx_it.o
                0x0000000008000c16                BusFault_Handler
 .text.UsageFault_Handler
                0x0000000008000c1c        0x6 ./Core/Src/stm32f4xx_it.o
                0x0000000008000c1c                UsageFault_Handler
 .text.DebugMon_Handler
                0x0000000008000c22        0xe ./Core/Src/stm32f4xx_it.o
                0x0000000008000c22                DebugMon_Handler
 .text.TIM6_DAC_IRQHandler
                0x0000000008000c30       0x14 ./Core/Src/stm32f4xx_it.o
                0x0000000008000c30                TIM6_DAC_IRQHandler
 .text.OTG_FS_IRQHandler
                0x0000000008000c44       0x14 ./Core/Src/stm32f4xx_it.o
                0x0000000008000c44                OTG_FS_IRQHandler
 .text.SystemInit
                0x0000000008000c58       0x24 ./Core/Src/system_stm32f4xx.o
                0x0000000008000c58                SystemInit
 .text.Reset_Handler
                0x0000000008000c7c       0x50 ./Core/Startup/startup_stm32f429zitx.o
                0x0000000008000c7c                Reset_Handler
 .text.Default_Handler
                0x0000000008000ccc        0x2 ./Core/Startup/startup_stm32f429zitx.o
                0x0000000008000ccc                RTC_Alarm_IRQHandler
                0x0000000008000ccc                HASH_RNG_IRQHandler
                0x0000000008000ccc                EXTI2_IRQHandler
                0x0000000008000ccc                TIM8_CC_IRQHandler
                0x0000000008000ccc                UART8_IRQHandler
                0x0000000008000ccc                SPI4_IRQHandler
                0x0000000008000ccc                TIM1_CC_IRQHandler
                0x0000000008000ccc                DMA2_Stream5_IRQHandler
                0x0000000008000ccc                DMA1_Stream5_IRQHandler
                0x0000000008000ccc                PVD_IRQHandler
                0x0000000008000ccc                SDIO_IRQHandler
                0x0000000008000ccc                TAMP_STAMP_IRQHandler
                0x0000000008000ccc                CAN2_RX1_IRQHandler
                0x0000000008000ccc                EXTI3_IRQHandler
                0x0000000008000ccc                TIM8_TRG_COM_TIM14_IRQHandler
                0x0000000008000ccc                TIM1_UP_TIM10_IRQHandler
                0x0000000008000ccc                TIM8_UP_TIM13_IRQHandler
                0x0000000008000ccc                I2C3_ER_IRQHandler
                0x0000000008000ccc                EXTI0_IRQHandler
                0x0000000008000ccc                I2C2_EV_IRQHandler
                0x0000000008000ccc                DMA1_Stream2_IRQHandler
                0x0000000008000ccc                CAN1_RX0_IRQHandler
                0x0000000008000ccc                FPU_IRQHandler
                0x0000000008000ccc                OTG_HS_WKUP_IRQHandler
                0x0000000008000ccc                LTDC_ER_IRQHandler
                0x0000000008000ccc                CAN2_SCE_IRQHandler
                0x0000000008000ccc                DMA2_Stream2_IRQHandler
                0x0000000008000ccc                SPI1_IRQHandler
                0x0000000008000ccc                TIM1_BRK_TIM9_IRQHandler
                0x0000000008000ccc                DCMI_IRQHandler
                0x0000000008000ccc                CAN2_RX0_IRQHandler
                0x0000000008000ccc                DMA2_Stream3_IRQHandler
                0x0000000008000ccc                USART6_IRQHandler
                0x0000000008000ccc                USART3_IRQHandler
                0x0000000008000ccc                CAN1_RX1_IRQHandler
                0x0000000008000ccc                UART5_IRQHandler
                0x0000000008000ccc                DMA2_Stream0_IRQHandler
                0x0000000008000ccc                TIM4_IRQHandler
                0x0000000008000ccc                I2C1_EV_IRQHandler
                0x0000000008000ccc                DMA1_Stream6_IRQHandler
                0x0000000008000ccc                DMA1_Stream1_IRQHandler
                0x0000000008000ccc                UART4_IRQHandler
                0x0000000008000ccc                TIM3_IRQHandler
                0x0000000008000ccc                RCC_IRQHandler
                0x0000000008000ccc                TIM8_BRK_TIM12_IRQHandler
                0x0000000008000ccc                Default_Handler
                0x0000000008000ccc                EXTI15_10_IRQHandler
                0x0000000008000ccc                ADC_IRQHandler
                0x0000000008000ccc                DMA1_Stream7_IRQHandler
                0x0000000008000ccc                SPI5_IRQHandler
                0x0000000008000ccc                TIM7_IRQHandler
                0x0000000008000ccc                CAN2_TX_IRQHandler
                0x0000000008000ccc                TIM5_IRQHandler
                0x0000000008000ccc                DMA2_Stream7_IRQHandler
                0x0000000008000ccc                I2C3_EV_IRQHandler
                0x0000000008000ccc                EXTI9_5_IRQHandler
                0x0000000008000ccc                RTC_WKUP_IRQHandler
                0x0000000008000ccc                LTDC_IRQHandler
                0x0000000008000ccc                ETH_WKUP_IRQHandler
                0x0000000008000ccc                SPI2_IRQHandler
                0x0000000008000ccc                OTG_HS_EP1_IN_IRQHandler
                0x0000000008000ccc                DMA1_Stream0_IRQHandler
                0x0000000008000ccc                CAN1_TX_IRQHandler
                0x0000000008000ccc                EXTI4_IRQHandler
                0x0000000008000ccc                ETH_IRQHandler
                0x0000000008000ccc                OTG_HS_EP1_OUT_IRQHandler
                0x0000000008000ccc                WWDG_IRQHandler
                0x0000000008000ccc                SPI6_IRQHandler
                0x0000000008000ccc                TIM2_IRQHandler
                0x0000000008000ccc                OTG_FS_WKUP_IRQHandler
                0x0000000008000ccc                TIM1_TRG_COM_TIM11_IRQHandler
                0x0000000008000ccc                OTG_HS_IRQHandler
                0x0000000008000ccc                DMA2D_IRQHandler
                0x0000000008000ccc                EXTI1_IRQHandler
                0x0000000008000ccc                UART7_IRQHandler
                0x0000000008000ccc                USART2_IRQHandler
                0x0000000008000ccc                I2C2_ER_IRQHandler
                0x0000000008000ccc                DMA2_Stream1_IRQHandler
                0x0000000008000ccc                CAN1_SCE_IRQHandler
                0x0000000008000ccc                FLASH_IRQHandler
                0x0000000008000ccc                DMA2_Stream4_IRQHandler
                0x0000000008000ccc                USART1_IRQHandler
                0x0000000008000ccc                SPI3_IRQHandler
                0x0000000008000ccc                DMA1_Stream4_IRQHandler
                0x0000000008000ccc                I2C1_ER_IRQHandler
                0x0000000008000ccc                FMC_IRQHandler
                0x0000000008000ccc                DMA2_Stream6_IRQHandler
                0x0000000008000ccc                SAI1_IRQHandler
                0x0000000008000ccc                DMA1_Stream3_IRQHandler
 *fill*         0x0000000008000cce        0x2 
 .text.HAL_Init
                0x0000000008000cd0       0x44 ./Drivers/STM32F4xx_HAL_Driver/Src/stm32f4xx_hal.o
                0x0000000008000cd0                HAL_Init
 .text.HAL_IncTick
                0x0000000008000d14       0x28 ./Drivers/STM32F4xx_HAL_Driver/Src/stm32f4xx_hal.o
                0x0000000008000d14                HAL_IncTick
 .text.HAL_GetTick
                0x0000000008000d3c       0x18 ./Drivers/STM32F4xx_HAL_Driver/Src/stm32f4xx_hal.o
                0x0000000008000d3c                HAL_GetTick
 .text.HAL_Delay
                0x0000000008000d54       0x48 ./Drivers/STM32F4xx_HAL_Driver/Src/stm32f4xx_hal.o
                0x0000000008000d54                HAL_Delay
 .text.__NVIC_SetPriorityGrouping
                0x0000000008000d9c       0x48 ./Drivers/STM32F4xx_HAL_Driver/Src/stm32f4xx_hal_cortex.o
 .text.__NVIC_GetPriorityGrouping
                0x0000000008000de4       0x1c ./Drivers/STM32F4xx_HAL_Driver/Src/stm32f4xx_hal_cortex.o
 .text.__NVIC_EnableIRQ
                0x0000000008000e00       0x3c ./Drivers/STM32F4xx_HAL_Driver/Src/stm32f4xx_hal_cortex.o
 .text.__NVIC_SetPriority
                0x0000000008000e3c       0x54 ./Drivers/STM32F4xx_HAL_Driver/Src/stm32f4xx_hal_cortex.o
 .text.NVIC_EncodePriority
                0x0000000008000e90       0x66 ./Drivers/STM32F4xx_HAL_Driver/Src/stm32f4xx_hal_cortex.o
 *fill*         0x0000000008000ef6        0x2 
 .text.HAL_NVIC_SetPriorityGrouping
                0x0000000008000ef8       0x40 ./Drivers/STM32F4xx_HAL_Driver/Src/stm32f4xx_hal_cortex.o
                0x0000000008000ef8                HAL_NVIC_SetPriorityGrouping
 .text.HAL_NVIC_SetPriority
                0x0000000008000f38       0x58 ./Drivers/STM32F4xx_HAL_Driver/Src/stm32f4xx_hal_cortex.o
                0x0000000008000f38                HAL_NVIC_SetPriority
 .text.HAL_NVIC_EnableIRQ
                0x0000000008000f90       0x30 ./Drivers/STM32F4xx_HAL_Driver/Src/stm32f4xx_hal_cortex.o
                0x0000000008000f90                HAL_NVIC_EnableIRQ
 .text.HAL_GPIO_Init
                0x0000000008000fc0      0x644 ./Drivers/STM32F4xx_HAL_Driver/Src/stm32f4xx_hal_gpio.o
                0x0000000008000fc0                HAL_GPIO_Init
 .text.HAL_PCD_Init
                0x0000000008001604      0x260 ./Drivers/STM32F4xx_HAL_Driver/Src/stm32f4xx_hal_pcd.o
                0x0000000008001604                HAL_PCD_Init
 .text.HAL_PCD_Start
                0x0000000008001864       0x66 ./Drivers/STM32F4xx_HAL_Driver/Src/stm32f4xx_hal_pcd.o
                0x0000000008001864                HAL_PCD_Start
 .text.HAL_PCD_IRQHandler
                0x00000000080018ca      0x93e ./Drivers/STM32F4xx_HAL_Driver/Src/stm32f4xx_hal_pcd.o
                0x00000000080018ca                HAL_PCD_IRQHandler
 .text.HAL_PCD_SetAddress
                0x0000000008002208       0x4a ./Drivers/STM32F4xx_HAL_Driver/Src/stm32f4xx_hal_pcd.o
                0x0000000008002208                HAL_PCD_SetAddress
 .text.HAL_PCD_EP_Open
                0x0000000008002252       0xd0 ./Drivers/STM32F4xx_HAL_Driver/Src/stm32f4xx_hal_pcd.o
                0x0000000008002252                HAL_PCD_EP_Open
 .text.HAL_PCD_EP_Close
                0x0000000008002322       0x94 ./Drivers/STM32F4xx_HAL_Driver/Src/stm32f4xx_hal_pcd.o
                0x0000000008002322                HAL_PCD_EP_Close
 .text.HAL_PCD_EP_Receive
                0x00000000080023b6       0x96 ./Drivers/STM32F4xx_HAL_Driver/Src/stm32f4xx_hal_pcd.o
                0x00000000080023b6                HAL_PCD_EP_Receive
 .text.HAL_PCD_EP_GetRxCount
                0x000000000800244c       0x30 ./Drivers/STM32F4xx_HAL_Driver/Src/stm32f4xx_hal_pcd.o
                0x000000000800244c                HAL_PCD_EP_GetRxCount
 .text.HAL_PCD_EP_Transmit
                0x000000000800247c       0x94 ./Drivers/STM32F4xx_HAL_Driver/Src/stm32f4xx_hal_pcd.o
                0x000000000800247c                HAL_PCD_EP_Transmit
 .text.HAL_PCD_EP_SetStall
                0x0000000008002510       0xc8 ./Drivers/STM32F4xx_HAL_Driver/Src/stm32f4xx_hal_pcd.o
                0x0000000008002510                HAL_PCD_EP_SetStall
 .text.HAL_PCD_EP_ClrStall
                0x00000000080025d8       0xac ./Drivers/STM32F4xx_HAL_Driver/Src/stm32f4xx_hal_pcd.o
                0x00000000080025d8                HAL_PCD_EP_ClrStall
 .text.HAL_PCD_EP_Abort
                0x0000000008002684       0x62 ./Drivers/STM32F4xx_HAL_Driver/Src/stm32f4xx_hal_pcd.o
                0x0000000008002684                HAL_PCD_EP_Abort
 .text.PCD_WriteEmptyTxFifo
                0x00000000080026e6      0x11a ./Drivers/STM32F4xx_HAL_Driver/Src/stm32f4xx_hal_pcd.o
 .text.PCD_EP_OutXfrComplete_int
                0x0000000008002800      0x1d0 ./Drivers/STM32F4xx_HAL_Driver/Src/stm32f4xx_hal_pcd.o
 .text.PCD_EP_OutSetupPacket_int
                0x00000000080029d0       0x8c ./Drivers/STM32F4xx_HAL_Driver/Src/stm32f4xx_hal_pcd.o
 .text.HAL_PCDEx_SetTxFiFo
                0x0000000008002a5c       0x8e ./Drivers/STM32F4xx_HAL_Driver/Src/stm32f4xx_hal_pcd_ex.o
                0x0000000008002a5c                HAL_PCDEx_SetTxFiFo
 .text.HAL_PCDEx_SetRxFiFo
                0x0000000008002aea       0x22 ./Drivers/STM32F4xx_HAL_Driver/Src/stm32f4xx_hal_pcd_ex.o
                0x0000000008002aea                HAL_PCDEx_SetRxFiFo
 .text.HAL_PCDEx_LPM_Callback
                0x0000000008002b0c       0x18 ./Drivers/STM32F4xx_HAL_Driver/Src/stm32f4xx_hal_pcd_ex.o
                0x0000000008002b0c                HAL_PCDEx_LPM_Callback
 .text.HAL_RCC_OscConfig
                0x0000000008002b24      0x650 ./Drivers/STM32F4xx_HAL_Driver/Src/stm32f4xx_hal_rcc.o
                0x0000000008002b24                HAL_RCC_OscConfig
 .text.HAL_RCC_ClockConfig
                0x0000000008003174      0x34c ./Drivers/STM32F4xx_HAL_Driver/Src/stm32f4xx_hal_rcc.o
                0x0000000008003174                HAL_RCC_ClockConfig
 .text.HAL_RCC_GetSysClockFreq
                0x00000000080034c0      0x20c ./Drivers/STM32F4xx_HAL_Driver/Src/stm32f4xx_hal_rcc.o
                0x00000000080034c0                HAL_RCC_GetSysClockFreq
 .text.HAL_RCC_GetHCLKFreq
                0x00000000080036cc       0x18 ./Drivers/STM32F4xx_HAL_Driver/Src/stm32f4xx_hal_rcc.o
                0x00000000080036cc                HAL_RCC_GetHCLKFreq
 .text.HAL_RCC_GetPCLK1Freq
                0x00000000080036e4       0x28 ./Drivers/STM32F4xx_HAL_Driver/Src/stm32f4xx_hal_rcc.o
                0x00000000080036e4                HAL_RCC_GetPCLK1Freq
 .text.HAL_RCC_GetPCLK2Freq
                0x000000000800370c       0x28 ./Drivers/STM32F4xx_HAL_Driver/Src/stm32f4xx_hal_rcc.o
                0x000000000800370c                HAL_RCC_GetPCLK2Freq
 .text.HAL_RCC_GetClockConfig
                0x0000000008003734       0x64 ./Drivers/STM32F4xx_HAL_Driver/Src/stm32f4xx_hal_rcc.o
                0x0000000008003734                HAL_RCC_GetClockConfig
 .text.HAL_TIM_Base_Init
                0x0000000008003798      0x1e0 ./Drivers/STM32F4xx_HAL_Driver/Src/stm32f4xx_hal_tim.o
                0x0000000008003798                HAL_TIM_Base_Init
 .text.HAL_TIM_Base_MspInit
                0x0000000008003978       0x14 ./Drivers/STM32F4xx_HAL_Driver/Src/stm32f4xx_hal_tim.o
                0x0000000008003978                HAL_TIM_Base_MspInit
 .text.HAL_TIM_Base_Start_IT
                0x000000000800398c      0x18c ./Drivers/STM32F4xx_HAL_Driver/Src/stm32f4xx_hal_tim.o
                0x000000000800398c                HAL_TIM_Base_Start_IT
 .text.HAL_TIM_IRQHandler
                0x0000000008003b18      0x210 ./Drivers/STM32F4xx_HAL_Driver/Src/stm32f4xx_hal_tim.o
                0x0000000008003b18                HAL_TIM_IRQHandler
 .text.HAL_TIM_OC_DelayElapsedCallback
                0x0000000008003d28       0x14 ./Drivers/STM32F4xx_HAL_Driver/Src/stm32f4xx_hal_tim.o
                0x0000000008003d28                HAL_TIM_OC_DelayElapsedCallback
 .text.HAL_TIM_IC_CaptureCallback
                0x0000000008003d3c       0x14 ./Drivers/STM32F4xx_HAL_Driver/Src/stm32f4xx_hal_tim.o
                0x0000000008003d3c                HAL_TIM_IC_CaptureCallback
 .text.HAL_TIM_PWM_PulseFinishedCallback
                0x0000000008003d50       0x14 ./Drivers/STM32F4xx_HAL_Driver/Src/stm32f4xx_hal_tim.o
                0x0000000008003d50                HAL_TIM_PWM_PulseFinishedCallback
 .text.HAL_TIM_TriggerCallback
                0x0000000008003d64       0x14 ./Drivers/STM32F4xx_HAL_Driver/Src/stm32f4xx_hal_tim.o
                0x0000000008003d64                HAL_TIM_TriggerCallback
 .text.TIM_Base_SetConfig
                0x0000000008003d78      0x140 ./Drivers/STM32F4xx_HAL_Driver/Src/stm32f4xx_hal_tim.o
                0x0000000008003d78                TIM_Base_SetConfig
 .text.HAL_TIMEx_CommutCallback
                0x0000000008003eb8       0x14 ./Drivers/STM32F4xx_HAL_Driver/Src/stm32f4xx_hal_tim_ex.o
                0x0000000008003eb8                HAL_TIMEx_CommutCallback
 .text.HAL_TIMEx_BreakCallback
                0x0000000008003ecc       0x14 ./Drivers/STM32F4xx_HAL_Driver/Src/stm32f4xx_hal_tim_ex.o
                0x0000000008003ecc                HAL_TIMEx_BreakCallback
 .text.HAL_UART_Init
                0x0000000008003ee0      0x1bc ./Drivers/STM32F4xx_HAL_Driver/Src/stm32f4xx_hal_uart.o
                0x0000000008003ee0                HAL_UART_Init
 .text.UART_SetConfig
                0x000000000800409c      0x574 ./Drivers/STM32F4xx_HAL_Driver/Src/stm32f4xx_hal_uart.o
 .text.USB_CoreInit
                0x0000000008004610       0xc2 ./Drivers/STM32F4xx_HAL_Driver/Src/stm32f4xx_ll_usb.o
                0x0000000008004610                USB_CoreInit
 *fill*         0x00000000080046d2        0x2 
 .text.USB_SetTurnaroundTime
                0x00000000080046d4      0x144 ./Drivers/STM32F4xx_HAL_Driver/Src/stm32f4xx_ll_usb.o
                0x00000000080046d4                USB_SetTurnaroundTime
 .text.USB_EnableGlobalInt
                0x0000000008004818       0x22 ./Drivers/STM32F4xx_HAL_Driver/Src/stm32f4xx_ll_usb.o
                0x0000000008004818                USB_EnableGlobalInt
 .text.USB_DisableGlobalInt
                0x000000000800483a       0x22 ./Drivers/STM32F4xx_HAL_Driver/Src/stm32f4xx_ll_usb.o
                0x000000000800483a                USB_DisableGlobalInt
 .text.USB_SetCurrentMode
                0x000000000800485c       0x98 ./Drivers/STM32F4xx_HAL_Driver/Src/stm32f4xx_ll_usb.o
                0x000000000800485c                USB_SetCurrentMode
 .text.USB_DevInit
                0x00000000080048f4      0x2c8 ./Drivers/STM32F4xx_HAL_Driver/Src/stm32f4xx_ll_usb.o
                0x00000000080048f4                USB_DevInit
 .text.USB_FlushTxFifo
                0x0000000008004bbc       0x68 ./Drivers/STM32F4xx_HAL_Driver/Src/stm32f4xx_ll_usb.o
                0x0000000008004bbc                USB_FlushTxFifo
 .text.USB_FlushRxFifo
                0x0000000008004c24       0x60 ./Drivers/STM32F4xx_HAL_Driver/Src/stm32f4xx_ll_usb.o
                0x0000000008004c24                USB_FlushRxFifo
 .text.USB_SetDevSpeed
                0x0000000008004c84       0x32 ./Drivers/STM32F4xx_HAL_Driver/Src/stm32f4xx_ll_usb.o
                0x0000000008004c84                USB_SetDevSpeed
 .text.USB_GetDevSpeed
                0x0000000008004cb6       0x4a ./Drivers/STM32F4xx_HAL_Driver/Src/stm32f4xx_ll_usb.o
                0x0000000008004cb6                USB_GetDevSpeed
 .text.USB_ActivateEndpoint
                0x0000000008004d00      0x10e ./Drivers/STM32F4xx_HAL_Driver/Src/stm32f4xx_ll_usb.o
                0x0000000008004d00                USB_ActivateEndpoint
 *fill*         0x0000000008004e0e        0x2 
 .text.USB_DeactivateEndpoint
                0x0000000008004e10      0x1b8 ./Drivers/STM32F4xx_HAL_Driver/Src/stm32f4xx_ll_usb.o
                0x0000000008004e10                USB_DeactivateEndpoint
 .text.USB_EPStartXfer
                0x0000000008004fc8      0x490 ./Drivers/STM32F4xx_HAL_Driver/Src/stm32f4xx_ll_usb.o
                0x0000000008004fc8                USB_EPStartXfer
 .text.USB_EP0StartXfer
                0x0000000008005458      0x2b0 ./Drivers/STM32F4xx_HAL_Driver/Src/stm32f4xx_ll_usb.o
                0x0000000008005458                USB_EP0StartXfer
 .text.USB_EPStopXfer
                0x0000000008005708      0x154 ./Drivers/STM32F4xx_HAL_Driver/Src/stm32f4xx_ll_usb.o
                0x0000000008005708                USB_EPStopXfer
 .text.USB_WritePacket
                0x000000000800585c       0x7c ./Drivers/STM32F4xx_HAL_Driver/Src/stm32f4xx_ll_usb.o
                0x000000000800585c                USB_WritePacket
 .text.USB_ReadPacket
                0x00000000080058d8       0xb0 ./Drivers/STM32F4xx_HAL_Driver/Src/stm32f4xx_ll_usb.o
                0x00000000080058d8                USB_ReadPacket
 .text.USB_EPSetStall
                0x0000000008005988       0xdc ./Drivers/STM32F4xx_HAL_Driver/Src/stm32f4xx_ll_usb.o
                0x0000000008005988                USB_EPSetStall
 .text.USB_EPClearStall
                0x0000000008005a64       0xcc ./Drivers/STM32F4xx_HAL_Driver/Src/stm32f4xx_ll_usb.o
                0x0000000008005a64                USB_EPClearStall
 .text.USB_SetDevAddress
                0x0000000008005b30       0x4c ./Drivers/STM32F4xx_HAL_Driver/Src/stm32f4xx_ll_usb.o
                0x0000000008005b30                USB_SetDevAddress
 .text.USB_DevConnect
                0x0000000008005b7c       0x42 ./Drivers/STM32F4xx_HAL_Driver/Src/stm32f4xx_ll_usb.o
                0x0000000008005b7c                USB_DevConnect
 .text.USB_DevDisconnect
                0x0000000008005bbe       0x42 ./Drivers/STM32F4xx_HAL_Driver/Src/stm32f4xx_ll_usb.o
                0x0000000008005bbe                USB_DevDisconnect
 .text.USB_ReadInterrupts
                0x0000000008005c00       0x26 ./Drivers/STM32F4xx_HAL_Driver/Src/stm32f4xx_ll_usb.o
                0x0000000008005c00                USB_ReadInterrupts
 .text.USB_ReadDevAllOutEpInterrupt
                0x0000000008005c26       0x34 ./Drivers/STM32F4xx_HAL_Driver/Src/stm32f4xx_ll_usb.o
                0x0000000008005c26                USB_ReadDevAllOutEpInterrupt
 .text.USB_ReadDevAllInEpInterrupt
                0x0000000008005c5a       0x34 ./Drivers/STM32F4xx_HAL_Driver/Src/stm32f4xx_ll_usb.o
                0x0000000008005c5a                USB_ReadDevAllInEpInterrupt
 .text.USB_ReadDevOutEPInterrupt
                0x0000000008005c8e       0x3c ./Drivers/STM32F4xx_HAL_Driver/Src/stm32f4xx_ll_usb.o
                0x0000000008005c8e                USB_ReadDevOutEPInterrupt
 .text.USB_ReadDevInEPInterrupt
                0x0000000008005cca       0x5c ./Drivers/STM32F4xx_HAL_Driver/Src/stm32f4xx_ll_usb.o
                0x0000000008005cca                USB_ReadDevInEPInterrupt
 .text.USB_GetMode
                0x0000000008005d26       0x1c ./Drivers/STM32F4xx_HAL_Driver/Src/stm32f4xx_ll_usb.o
                0x0000000008005d26                USB_GetMode
 .text.USB_ActivateSetup
                0x0000000008005d42       0x46 ./Drivers/STM32F4xx_HAL_Driver/Src/stm32f4xx_ll_usb.o
                0x0000000008005d42                USB_ActivateSetup
 .text.USB_EP0_OutStart
                0x0000000008005d88       0xbc ./Drivers/STM32F4xx_HAL_Driver/Src/stm32f4xx_ll_usb.o
                0x0000000008005d88                USB_EP0_OutStart
 .text.USB_CoreReset
                0x0000000008005e44       0x68 ./Drivers/STM32F4xx_HAL_Driver/Src/stm32f4xx_ll_usb.o
 .text.USBD_CDC_Init
                0x0000000008005eac      0x1f8 ./Middlewares/ST/STM32_USB_Device_Library/Class/CDC/Src/usbd_cdc.o
 .text.USBD_CDC_DeInit
                0x00000000080060a4      0x104 ./Middlewares/ST/STM32_USB_Device_Library/Class/CDC/Src/usbd_cdc.o
 .text.USBD_CDC_Setup
                0x00000000080061a8      0x1b8 ./Middlewares/ST/STM32_USB_Device_Library/Class/CDC/Src/usbd_cdc.o
 .text.USBD_CDC_DataIn
                0x0000000008006360       0xe0 ./Middlewares/ST/STM32_USB_Device_Library/Class/CDC/Src/usbd_cdc.o
 .text.USBD_CDC_DataOut
                0x0000000008006440       0x70 ./Middlewares/ST/STM32_USB_Device_Library/Class/CDC/Src/usbd_cdc.o
 .text.USBD_CDC_EP0_RxReady
                0x00000000080064b0       0x76 ./Middlewares/ST/STM32_USB_Device_Library/Class/CDC/Src/usbd_cdc.o
 *fill*         0x0000000008006526        0x2 
 .text.USBD_CDC_GetFSCfgDesc
                0x0000000008006528       0x70 ./Middlewares/ST/STM32_USB_Device_Library/Class/CDC/Src/usbd_cdc.o
 .text.USBD_CDC_GetHSCfgDesc
                0x0000000008006598       0x70 ./Middlewares/ST/STM32_USB_Device_Library/Class/CDC/Src/usbd_cdc.o
 .text.USBD_CDC_GetOtherSpeedCfgDesc
                0x0000000008006608       0x70 ./Middlewares/ST/STM32_USB_Device_Library/Class/CDC/Src/usbd_cdc.o
 .text.USBD_CDC_GetDeviceQualifierDescriptor
                0x0000000008006678       0x20 ./Middlewares/ST/STM32_USB_Device_Library/Class/CDC/Src/usbd_cdc.o
                0x0000000008006678                USBD_CDC_GetDeviceQualifierDescriptor
 .text.USBD_CDC_RegisterInterface
                0x0000000008006698       0x34 ./Middlewares/ST/STM32_USB_Device_Library/Class/CDC/Src/usbd_cdc.o
                0x0000000008006698                USBD_CDC_RegisterInterface
 .text.USBD_CDC_SetTxBuffer
                0x00000000080066cc       0x44 ./Middlewares/ST/STM32_USB_Device_Library/Class/CDC/Src/usbd_cdc.o
                0x00000000080066cc                USBD_CDC_SetTxBuffer
 .text.USBD_CDC_SetRxBuffer
                0x0000000008006710       0x3a ./Middlewares/ST/STM32_USB_Device_Library/Class/CDC/Src/usbd_cdc.o
                0x0000000008006710                USBD_CDC_SetRxBuffer
 *fill*         0x000000000800674a        0x2 
 .text.USBD_CDC_TransmitPacket
                0x000000000800674c       0x8c ./Middlewares/ST/STM32_USB_Device_Library/Class/CDC/Src/usbd_cdc.o
                0x000000000800674c                USBD_CDC_TransmitPacket
 .text.USBD_CDC_ReceivePacket
                0x00000000080067d8       0x6c ./Middlewares/ST/STM32_USB_Device_Library/Class/CDC/Src/usbd_cdc.o
                0x00000000080067d8                USBD_CDC_ReceivePacket
 .text.USBD_Init
                0x0000000008006844       0x60 ./Middlewares/ST/STM32_USB_Device_Library/Core/Src/usbd_core.o
                0x0000000008006844                USBD_Init
 .text.USBD_RegisterClass
                0x00000000080068a4       0x6c ./Middlewares/ST/STM32_USB_Device_Library/Core/Src/usbd_core.o
                0x00000000080068a4                USBD_RegisterClass
 .text.USBD_Start
                0x0000000008006910       0x18 ./Middlewares/ST/STM32_USB_Device_Library/Core/Src/usbd_core.o
                0x0000000008006910                USBD_Start
 .text.USBD_RunTestMode
                0x0000000008006928       0x16 ./Middlewares/ST/STM32_USB_Device_Library/Core/Src/usbd_core.o
                0x0000000008006928                USBD_RunTestMode
 .text.USBD_SetClassConfig
                0x000000000800693e       0x38 ./Middlewares/ST/STM32_USB_Device_Library/Core/Src/usbd_core.o
                0x000000000800693e                USBD_SetClassConfig
 .text.USBD_ClrClassConfig
                0x0000000008006976       0x34 ./Middlewares/ST/STM32_USB_Device_Library/Core/Src/usbd_core.o
                0x0000000008006976                USBD_ClrClassConfig
 .text.USBD_LL_SetupStage
                0x00000000080069aa       0xaa ./Middlewares/ST/STM32_USB_Device_Library/Core/Src/usbd_core.o
                0x00000000080069aa                USBD_LL_SetupStage
 .text.USBD_LL_DataOutStage
                0x0000000008006a54      0x166 ./Middlewares/ST/STM32_USB_Device_Library/Core/Src/usbd_core.o
                0x0000000008006a54                USBD_LL_DataOutStage
 .text.USBD_LL_DataInStage
                0x0000000008006bba      0x164 ./Middlewares/ST/STM32_USB_Device_Library/Core/Src/usbd_core.o
                0x0000000008006bba                USBD_LL_DataInStage
 .text.USBD_LL_Reset
                0x0000000008006d1e       0xa4 ./Middlewares/ST/STM32_USB_Device_Library/Core/Src/usbd_core.o
                0x0000000008006d1e                USBD_LL_Reset
 .text.USBD_LL_SetSpeed
                0x0000000008006dc2       0x20 ./Middlewares/ST/STM32_USB_Device_Library/Core/Src/usbd_core.o
                0x0000000008006dc2                USBD_LL_SetSpeed
 .text.USBD_LL_Suspend
                0x0000000008006de2       0x2c ./Middlewares/ST/STM32_USB_Device_Library/Core/Src/usbd_core.o
                0x0000000008006de2                USBD_LL_Suspend
 .text.USBD_LL_Resume
                0x0000000008006e0e       0x30 ./Middlewares/ST/STM32_USB_Device_Library/Core/Src/usbd_core.o
                0x0000000008006e0e                USBD_LL_Resume
 .text.USBD_LL_SOF
                0x0000000008006e3e       0x40 ./Middlewares/ST/STM32_USB_Device_Library/Core/Src/usbd_core.o
                0x0000000008006e3e                USBD_LL_SOF
 .text.USBD_LL_IsoINIncomplete
                0x0000000008006e7e       0x64 ./Middlewares/ST/STM32_USB_Device_Library/Core/Src/usbd_core.o
                0x0000000008006e7e                USBD_LL_IsoINIncomplete
 .text.USBD_LL_IsoOUTIncomplete
                0x0000000008006ee2       0x64 ./Middlewares/ST/STM32_USB_Device_Library/Core/Src/usbd_core.o
                0x0000000008006ee2                USBD_LL_IsoOUTIncomplete
 .text.USBD_LL_DevConnected
                0x0000000008006f46       0x16 ./Middlewares/ST/STM32_USB_Device_Library/Core/Src/usbd_core.o
                0x0000000008006f46                USBD_LL_DevConnected
 .text.USBD_LL_DevDisconnected
                0x0000000008006f5c       0x46 ./Middlewares/ST/STM32_USB_Device_Library/Core/Src/usbd_core.o
                0x0000000008006f5c                USBD_LL_DevDisconnected
 .text.USBD_CoreFindIF
                0x0000000008006fa2       0x1a ./Middlewares/ST/STM32_USB_Device_Library/Core/Src/usbd_core.o
                0x0000000008006fa2                USBD_CoreFindIF
 .text.USBD_CoreFindEP
                0x0000000008006fbc       0x1a ./Middlewares/ST/STM32_USB_Device_Library/Core/Src/usbd_core.o
                0x0000000008006fbc                USBD_CoreFindEP
 .text.USBD_GetEpDesc
                0x0000000008006fd6       0x74 ./Middlewares/ST/STM32_USB_Device_Library/Core/Src/usbd_core.o
                0x0000000008006fd6                USBD_GetEpDesc
 .text.USBD_GetNextDesc
                0x000000000800704a       0x3a ./Middlewares/ST/STM32_USB_Device_Library/Core/Src/usbd_core.o
                0x000000000800704a                USBD_GetNextDesc
 .text.SWAPBYTE
                0x0000000008007084       0x3c ./Middlewares/ST/STM32_USB_Device_Library/Core/Src/usbd_ctlreq.o
 .text.USBD_StdDevReq
                0x00000000080070c0       0xe4 ./Middlewares/ST/STM32_USB_Device_Library/Core/Src/usbd_ctlreq.o
                0x00000000080070c0                USBD_StdDevReq
 .text.USBD_StdItfReq
                0x00000000080071a4       0xd8 ./Middlewares/ST/STM32_USB_Device_Library/Core/Src/usbd_ctlreq.o
                0x00000000080071a4                USBD_StdItfReq
 .text.USBD_StdEPReq
                0x000000000800727c      0x33a ./Middlewares/ST/STM32_USB_Device_Library/Core/Src/usbd_ctlreq.o
                0x000000000800727c                USBD_StdEPReq
 *fill*         0x00000000080075b6        0x2 
 .text.USBD_GetDescriptor
                0x00000000080075b8      0x2d4 ./Middlewares/ST/STM32_USB_Device_Library/Core/Src/usbd_ctlreq.o
 .text.USBD_SetAddress
                0x000000000800788c       0x88 ./Middlewares/ST/STM32_USB_Device_Library/Core/Src/usbd_ctlreq.o
 .text.USBD_SetConfig
                0x0000000008007914      0x154 ./Middlewares/ST/STM32_USB_Device_Library/Core/Src/usbd_ctlreq.o
 .text.USBD_GetConfig
                0x0000000008007a68       0x6c ./Middlewares/ST/STM32_USB_Device_Library/Core/Src/usbd_ctlreq.o
 .text.USBD_GetStatus
                0x0000000008007ad4       0x68 ./Middlewares/ST/STM32_USB_Device_Library/Core/Src/usbd_ctlreq.o
 .text.USBD_SetFeature
                0x0000000008007b3c       0x52 ./Middlewares/ST/STM32_USB_Device_Library/Core/Src/usbd_ctlreq.o
 .text.USBD_ClrFeature
                0x0000000008007b8e       0x44 ./Middlewares/ST/STM32_USB_Device_Library/Core/Src/usbd_ctlreq.o
 .text.USBD_ParseSetupRequest
                0x0000000008007bd2       0x74 ./Middlewares/ST/STM32_USB_Device_Library/Core/Src/usbd_ctlreq.o
                0x0000000008007bd2                USBD_ParseSetupRequest
 .text.USBD_CtlError
                0x0000000008007c46       0x22 ./Middlewares/ST/STM32_USB_Device_Library/Core/Src/usbd_ctlreq.o
                0x0000000008007c46                USBD_CtlError
 .text.USBD_GetString
                0x0000000008007c68       0x8c ./Middlewares/ST/STM32_USB_Device_Library/Core/Src/usbd_ctlreq.o
                0x0000000008007c68                USBD_GetString
 .text.USBD_GetLen
                0x0000000008007cf4       0x34 ./Middlewares/ST/STM32_USB_Device_Library/Core/Src/usbd_ctlreq.o
 .text.USBD_CtlSendData
                0x0000000008007d28       0x36 ./Middlewares/ST/STM32_USB_Device_Library/Core/Src/usbd_ioreq.o
                0x0000000008007d28                USBD_CtlSendData
 .text.USBD_CtlContinueSendData
                0x0000000008007d5e       0x22 ./Middlewares/ST/STM32_USB_Device_Library/Core/Src/usbd_ioreq.o
                0x0000000008007d5e                USBD_CtlContinueSendData
 .text.USBD_CtlPrepareRx
                0x0000000008007d80       0x3a ./Middlewares/ST/STM32_USB_Device_Library/Core/Src/usbd_ioreq.o
                0x0000000008007d80                USBD_CtlPrepareRx
 .text.USBD_CtlContinueRx
                0x0000000008007dba       0x22 ./Middlewares/ST/STM32_USB_Device_Library/Core/Src/usbd_ioreq.o
                0x0000000008007dba                USBD_CtlContinueRx
 .text.USBD_CtlSendStatus
                0x0000000008007ddc       0x26 ./Middlewares/ST/STM32_USB_Device_Library/Core/Src/usbd_ioreq.o
                0x0000000008007ddc                USBD_CtlSendStatus
 .text.USBD_CtlReceiveStatus
                0x0000000008007e02       0x26 ./Middlewares/ST/STM32_USB_Device_Library/Core/Src/usbd_ioreq.o
                0x0000000008007e02                USBD_CtlReceiveStatus
 .text.MX_USB_DEVICE_Init
                0x0000000008007e28       0x60 ./USB_DEVICE/App/usb_device.o
                0x0000000008007e28                MX_USB_DEVICE_Init
 .text.CDC_Init_FS
                0x0000000008007e88       0x28 ./USB_DEVICE/App/usbd_cdc_if.o
 .text.CDC_DeInit_FS
                0x0000000008007eb0       0x10 ./USB_DEVICE/App/usbd_cdc_if.o
 .text.CDC_Control_FS
                0x0000000008007ec0       0xbc ./USB_DEVICE/App/usbd_cdc_if.o
 .text.CDC_Receive_FS
                0x0000000008007f7c       0x28 ./USB_DEVICE/App/usbd_cdc_if.o
 .text.CDC_TransmitCplt_FS
                0x0000000008007fa4       0x22 ./USB_DEVICE/App/usbd_cdc_if.o
 *fill*         0x0000000008007fc6        0x2 
 .text.USBD_FS_DeviceDescriptor
                0x0000000008007fc8       0x24 ./USB_DEVICE/App/usbd_desc.o
                0x0000000008007fc8                USBD_FS_DeviceDescriptor
 .text.USBD_FS_LangIDStrDescriptor
                0x0000000008007fec       0x24 ./USB_DEVICE/App/usbd_desc.o
                0x0000000008007fec                USBD_FS_LangIDStrDescriptor
 .text.USBD_FS_ProductStrDescriptor
                0x0000000008008010       0x3c ./USB_DEVICE/App/usbd_desc.o
                0x0000000008008010                USBD_FS_ProductStrDescriptor
 .text.USBD_FS_ManufacturerStrDescriptor
                0x000000000800804c       0x28 ./USB_DEVICE/App/usbd_desc.o
                0x000000000800804c                USBD_FS_ManufacturerStrDescriptor
 .text.USBD_FS_SerialStrDescriptor
                0x0000000008008074       0x24 ./USB_DEVICE/App/usbd_desc.o
                0x0000000008008074                USBD_FS_SerialStrDescriptor
 .text.USBD_FS_ConfigStrDescriptor
                0x0000000008008098       0x3c ./USB_DEVICE/App/usbd_desc.o
                0x0000000008008098                USBD_FS_ConfigStrDescriptor
 .text.USBD_FS_InterfaceStrDescriptor
                0x00000000080080d4       0x3c ./USB_DEVICE/App/usbd_desc.o
                0x00000000080080d4                USBD_FS_InterfaceStrDescriptor
 .text.Get_SerialNum
                0x0000000008008110       0x58 ./USB_DEVICE/App/usbd_desc.o
 .text.IntToUnicode
                0x0000000008008168       0x7e ./USB_DEVICE/App/usbd_desc.o
 *fill*         0x00000000080081e6        0x2 
 .text.HAL_PCD_MspInit
                0x00000000080081e8       0xa8 ./USB_DEVICE/Target/usbd_conf.o
                0x00000000080081e8                HAL_PCD_MspInit
 .text.HAL_PCD_SetupStageCallback
                0x0000000008008290       0x24 ./USB_DEVICE/Target/usbd_conf.o
                0x0000000008008290                HAL_PCD_SetupStageCallback
 .text.HAL_PCD_DataOutStageCallback
                0x00000000080082b4       0x36 ./USB_DEVICE/Target/usbd_conf.o
                0x00000000080082b4                HAL_PCD_DataOutStageCallback
 .text.HAL_PCD_DataInStageCallback
                0x00000000080082ea       0x34 ./USB_DEVICE/Target/usbd_conf.o
                0x00000000080082ea                HAL_PCD_DataInStageCallback
 .text.HAL_PCD_SOFCallback
                0x000000000800831e       0x1c ./USB_DEVICE/Target/usbd_conf.o
                0x000000000800831e                HAL_PCD_SOFCallback
 .text.HAL_PCD_ResetCallback
                0x000000000800833a       0x50 ./USB_DEVICE/Target/usbd_conf.o
                0x000000000800833a                HAL_PCD_ResetCallback
 *fill*         0x000000000800838a        0x2 
 .text.HAL_PCD_SuspendCallback
                0x000000000800838c       0x4c ./USB_DEVICE/Target/usbd_conf.o
                0x000000000800838c                HAL_PCD_SuspendCallback
 .text.HAL_PCD_ResumeCallback
                0x00000000080083d8       0x1c ./USB_DEVICE/Target/usbd_conf.o
                0x00000000080083d8                HAL_PCD_ResumeCallback
 .text.HAL_PCD_ISOOUTIncompleteCallback
                0x00000000080083f4       0x24 ./USB_DEVICE/Target/usbd_conf.o
                0x00000000080083f4                HAL_PCD_ISOOUTIncompleteCallback
 .text.HAL_PCD_ISOINIncompleteCallback
                0x0000000008008418       0x24 ./USB_DEVICE/Target/usbd_conf.o
                0x0000000008008418                HAL_PCD_ISOINIncompleteCallback
 .text.HAL_PCD_ConnectCallback
                0x000000000800843c       0x1c ./USB_DEVICE/Target/usbd_conf.o
                0x000000000800843c                HAL_PCD_ConnectCallback
 .text.HAL_PCD_DisconnectCallback
                0x0000000008008458       0x1c ./USB_DEVICE/Target/usbd_conf.o
                0x0000000008008458                HAL_PCD_DisconnectCallback
 .text.USBD_LL_Init
                0x0000000008008474       0x98 ./USB_DEVICE/Target/usbd_conf.o
                0x0000000008008474                USBD_LL_Init
 .text.USBD_LL_Start
                0x000000000800850c       0x36 ./USB_DEVICE/Target/usbd_conf.o
                0x000000000800850c                USBD_LL_Start
 .text.USBD_LL_OpenEP
                0x0000000008008542       0x4c ./USB_DEVICE/Target/usbd_conf.o
                0x0000000008008542                USBD_LL_OpenEP
 .text.USBD_LL_CloseEP
                0x000000000800858e       0x3e ./USB_DEVICE/Target/usbd_conf.o
                0x000000000800858e                USBD_LL_CloseEP
 .text.USBD_LL_StallEP
                0x00000000080085cc       0x3e ./USB_DEVICE/Target/usbd_conf.o
                0x00000000080085cc                USBD_LL_StallEP
 .text.USBD_LL_ClearStallEP
                0x000000000800860a       0x3e ./USB_DEVICE/Target/usbd_conf.o
                0x000000000800860a                USBD_LL_ClearStallEP
 .text.USBD_LL_IsStallEP
                0x0000000008008648       0x58 ./USB_DEVICE/Target/usbd_conf.o
                0x0000000008008648                USBD_LL_IsStallEP
 .text.USBD_LL_SetUSBAddress
                0x00000000080086a0       0x3e ./USB_DEVICE/Target/usbd_conf.o
                0x00000000080086a0                USBD_LL_SetUSBAddress
 .text.USBD_LL_Transmit
                0x00000000080086de       0x42 ./USB_DEVICE/Target/usbd_conf.o
                0x00000000080086de                USBD_LL_Transmit
 .text.USBD_LL_PrepareReceive
                0x0000000008008720       0x42 ./USB_DEVICE/Target/usbd_conf.o
                0x0000000008008720                USBD_LL_PrepareReceive
 .text.USBD_LL_GetRxDataSize
                0x0000000008008762       0x26 ./USB_DEVICE/Target/usbd_conf.o
                0x0000000008008762                USBD_LL_GetRxDataSize
 .text.USBD_static_malloc
                0x0000000008008788       0x1c ./USB_DEVICE/Target/usbd_conf.o
                0x0000000008008788                USBD_static_malloc
 .text.USBD_static_free
                0x00000000080087a4       0x14 ./USB_DEVICE/Target/usbd_conf.o
                0x00000000080087a4                USBD_static_free
 .text.USBD_Get_USB_Status
                0x00000000080087b8       0x58 ./USB_DEVICE/Target/usbd_conf.o
                0x00000000080087b8                USBD_Get_USB_Status
 .text.vListInitialise
                0x0000000008008810       0x40 ./common/FreeRTOS/list.o
                0x0000000008008810                vListInitialise
 .text.vListInitialiseItem
                0x0000000008008850       0x1a ./common/FreeRTOS/list.o
                0x0000000008008850                vListInitialiseItem
 .text.vListInsertEnd
                0x000000000800886a       0x48 ./common/FreeRTOS/list.o
                0x000000000800886a                vListInsertEnd
 .text.vListInsert
                0x00000000080088b2       0x72 ./common/FreeRTOS/list.o
                0x00000000080088b2                vListInsert
 .text.uxListRemove
                0x0000000008008924       0x54 ./common/FreeRTOS/list.o
                0x0000000008008924                uxListRemove
 .text.xQueueGenericReset
                0x0000000008008978       0xb6 ./common/FreeRTOS/queue.o
                0x0000000008008978                xQueueGenericReset
 .text.xQueueGenericCreate
                0x0000000008008a2e       0xbe ./common/FreeRTOS/queue.o
                0x0000000008008a2e                xQueueGenericCreate
 .text.prvInitialiseNewQueue
                0x0000000008008aec       0x52 ./common/FreeRTOS/queue.o
 *fill*         0x0000000008008b3e        0x2 
 .text.xQueueGenericSend
                0x0000000008008b40      0x21c ./common/FreeRTOS/queue.o
                0x0000000008008b40                xQueueGenericSend
 .text.xQueueGenericSendFromISR
                0x0000000008008d5c      0x17c ./common/FreeRTOS/queue.o
                0x0000000008008d5c                xQueueGenericSendFromISR
 .text.xQueueReceive
                0x0000000008008ed8      0x20c ./common/FreeRTOS/queue.o
                0x0000000008008ed8                xQueueReceive
 .text.prvCopyDataToQueue
                0x00000000080090e4       0xd4 ./common/FreeRTOS/queue.o
 .text.prvCopyDataFromQueue
                0x00000000080091b8       0x4c ./common/FreeRTOS/queue.o
 .text.prvUnlockQueue
                0x0000000008009204       0xa4 ./common/FreeRTOS/queue.o
 .text.prvIsQueueEmpty
                0x00000000080092a8       0x2c ./common/FreeRTOS/queue.o
 .text.prvIsQueueFull
                0x00000000080092d4       0x30 ./common/FreeRTOS/queue.o
 .text.vQueueAddToRegistry
                0x0000000008009304       0x64 ./common/FreeRTOS/queue.o
                0x0000000008009304                vQueueAddToRegistry
 .text.vQueueWaitForMessageRestricted
                0x0000000008009368       0x68 ./common/FreeRTOS/queue.o
                0x0000000008009368                vQueueWaitForMessageRestricted
 .text.xStreamBufferGenericCreate
                0x00000000080093d0       0xde ./common/FreeRTOS/stream_buffer.o
                0x00000000080093d0                xStreamBufferGenericCreate
 .text.xStreamBufferSpacesAvailable
                0x00000000080094ae       0x66 ./common/FreeRTOS/stream_buffer.o
                0x00000000080094ae                xStreamBufferSpacesAvailable
 .text.xStreamBufferSend
                0x0000000008009514      0x1b0 ./common/FreeRTOS/stream_buffer.o
                0x0000000008009514                xStreamBufferSend
 .text.prvWriteMessageToBuffer
                0x00000000080096c4       0x7a ./common/FreeRTOS/stream_buffer.o
 .text.xStreamBufferReceive
                0x000000000800973e      0x14e ./common/FreeRTOS/stream_buffer.o
                0x000000000800973e                xStreamBufferReceive
 .text.prvReadMessageFromBuffer
                0x000000000800988c       0x64 ./common/FreeRTOS/stream_buffer.o
 .text.prvWriteBytesToBuffer
                0x00000000080098f0       0xe4 ./common/FreeRTOS/stream_buffer.o
 .text.prvReadBytesFromBuffer
                0x00000000080099d4       0xf4 ./common/FreeRTOS/stream_buffer.o
 .text.prvBytesInBuffer
                0x0000000008009ac8       0x40 ./common/FreeRTOS/stream_buffer.o
 .text.prvInitialiseNewStreamBuffer
                0x0000000008009b08       0x66 ./common/FreeRTOS/stream_buffer.o
 .text.xTaskCreate
                0x0000000008009b6e       0x82 ./common/FreeRTOS/tasks.o
                0x0000000008009b6e                xTaskCreate
 .text.prvInitialiseNewTask
                0x0000000008009bf0      0x12c ./common/FreeRTOS/tasks.o
 .text.prvAddNewTaskToReadyList
                0x0000000008009d1c       0xfc ./common/FreeRTOS/tasks.o
 .text.vTaskDelay
                0x0000000008009e18       0x70 ./common/FreeRTOS/tasks.o
                0x0000000008009e18                vTaskDelay
 .text.vTaskStartScheduler
                0x0000000008009e88       0xc4 ./common/FreeRTOS/tasks.o
                0x0000000008009e88                vTaskStartScheduler
 .text.vTaskSuspendAll
                0x0000000008009f4c       0x1c ./common/FreeRTOS/tasks.o
                0x0000000008009f4c                vTaskSuspendAll
 .text.xTaskResumeAll
                0x0000000008009f68      0x124 ./common/FreeRTOS/tasks.o
                0x0000000008009f68                xTaskResumeAll
 .text.xTaskGetTickCount
                0x000000000800a08c       0x20 ./common/FreeRTOS/tasks.o
                0x000000000800a08c                xTaskGetTickCount
 .text.xTaskGetTickCountFromISR
                0x000000000800a0ac       0x24 ./common/FreeRTOS/tasks.o
                0x000000000800a0ac                xTaskGetTickCountFromISR
 .text.xTaskIncrementTick
                0x000000000800a0d0      0x134 ./common/FreeRTOS/tasks.o
                0x000000000800a0d0                xTaskIncrementTick
 .text.vTaskSwitchContext
                0x000000000800a204       0xd4 ./common/FreeRTOS/tasks.o
                0x000000000800a204                vTaskSwitchContext
 .text.vTaskPlaceOnEventList
                0x000000000800a2d8       0x48 ./common/FreeRTOS/tasks.o
                0x000000000800a2d8                vTaskPlaceOnEventList
 .text.vTaskPlaceOnEventListRestricted
                0x000000000800a320       0x5c ./common/FreeRTOS/tasks.o
                0x000000000800a320                vTaskPlaceOnEventListRestricted
 .text.xTaskRemoveFromEventList
                0x000000000800a37c       0xcc ./common/FreeRTOS/tasks.o
                0x000000000800a37c                xTaskRemoveFromEventList
 .text.vTaskSetTimeOutState
                0x000000000800a448       0x4c ./common/FreeRTOS/tasks.o
                0x000000000800a448                vTaskSetTimeOutState
 .text.vTaskInternalSetTimeOutState
                0x000000000800a494       0x2c ./common/FreeRTOS/tasks.o
                0x000000000800a494                vTaskInternalSetTimeOutState
 .text.xTaskCheckForTimeOut
                0x000000000800a4c0       0xcc ./common/FreeRTOS/tasks.o
                0x000000000800a4c0                xTaskCheckForTimeOut
 .text.vTaskMissedYield
                0x000000000800a58c       0x18 ./common/FreeRTOS/tasks.o
                0x000000000800a58c                vTaskMissedYield
 .text.prvIdleTask
                0x000000000800a5a4       0x24 ./common/FreeRTOS/tasks.o
 .text.prvInitialiseTaskLists
                0x000000000800a5c8       0x80 ./common/FreeRTOS/tasks.o
 .text.prvCheckTasksWaitingTermination
                0x000000000800a648       0x5c ./common/FreeRTOS/tasks.o
 .text.prvDeleteTCB
                0x000000000800a6a4       0x20 ./common/FreeRTOS/tasks.o
 .text.prvResetNextTaskUnblockTime
                0x000000000800a6c4       0x38 ./common/FreeRTOS/tasks.o
 .text.xTaskGetCurrentTaskHandle
                0x000000000800a6fc       0x20 ./common/FreeRTOS/tasks.o
                0x000000000800a6fc                xTaskGetCurrentTaskHandle
 .text.xTaskGetSchedulerState
                0x000000000800a71c       0x3c ./common/FreeRTOS/tasks.o
                0x000000000800a71c                xTaskGetSchedulerState
 .text.xTaskPriorityDisinherit
                0x000000000800a758      0x100 ./common/FreeRTOS/tasks.o
                0x000000000800a758                xTaskPriorityDisinherit
 .text.ulTaskGenericNotifyTake
                0x000000000800a858       0xdc ./common/FreeRTOS/tasks.o
                0x000000000800a858                ulTaskGenericNotifyTake
 .text.xTaskGenericNotifyWait
                0x000000000800a934      0x110 ./common/FreeRTOS/tasks.o
                0x000000000800a934                xTaskGenericNotifyWait
 .text.xTaskGenericNotify
                0x000000000800aa44      0x1c4 ./common/FreeRTOS/tasks.o
                0x000000000800aa44                xTaskGenericNotify
 .text.xTaskGenericNotifyFromISR
                0x000000000800ac08      0x22c ./common/FreeRTOS/tasks.o
                0x000000000800ac08                xTaskGenericNotifyFromISR
 .text.xTaskGenericNotifyStateClear
                0x000000000800ae34       0x74 ./common/FreeRTOS/tasks.o
                0x000000000800ae34                xTaskGenericNotifyStateClear
 .text.prvAddCurrentTaskToDelayedList
                0x000000000800aea8       0xf0 ./common/FreeRTOS/tasks.o
 .text.xTimerCreateTimerTask
                0x000000000800af98       0x64 ./common/FreeRTOS/timers.o
                0x000000000800af98                xTimerCreateTimerTask
 .text.xTimerGenericCommand
                0x000000000800affc       0x9c ./common/FreeRTOS/timers.o
                0x000000000800affc                xTimerGenericCommand
 .text.prvProcessExpiredTimer
                0x000000000800b098       0x98 ./common/FreeRTOS/timers.o
 .text.prvTimerTask
                0x000000000800b130       0x24 ./common/FreeRTOS/timers.o
 .text.prvProcessTimerOrBlockTask
                0x000000000800b154       0x9c ./common/FreeRTOS/timers.o
 .text.prvGetNextExpireTime
                0x000000000800b1f0       0x48 ./common/FreeRTOS/timers.o
 .text.prvSampleTimeNow
                0x000000000800b238       0x40 ./common/FreeRTOS/timers.o
 .text.prvInsertTimerInActiveList
                0x000000000800b278       0x84 ./common/FreeRTOS/timers.o
 .text.prvProcessReceivedCommands
                0x000000000800b2fc      0x18c ./common/FreeRTOS/timers.o
 .text.prvSwitchTimerLists
                0x000000000800b488       0xc8 ./common/FreeRTOS/timers.o
 .text.prvCheckForValidListAndQueue
                0x000000000800b550       0x6c ./common/FreeRTOS/timers.o
 .text.pxPortInitialiseStack
                0x000000000800b5bc       0x68 ./common/FreeRTOS/portable/GCC/ARM_CM4F/port.o
                0x000000000800b5bc                pxPortInitialiseStack
 .text.prvTaskExitError
                0x000000000800b624       0x58 ./common/FreeRTOS/portable/GCC/ARM_CM4F/port.o
 *fill*         0x000000000800b67c        0x4 
 .text.SVC_Handler
                0x000000000800b680       0x28 ./common/FreeRTOS/portable/GCC/ARM_CM4F/port.o
                0x000000000800b680                SVC_Handler
 .text.prvPortStartFirstTask
                0x000000000800b6a8       0x2c ./common/FreeRTOS/portable/GCC/ARM_CM4F/port.o
 .text.xPortStartScheduler
                0x000000000800b6d4      0x144 ./common/FreeRTOS/portable/GCC/ARM_CM4F/port.o
                0x000000000800b6d4                xPortStartScheduler
 .text.vPortEnterCritical
                0x000000000800b818       0x60 ./common/FreeRTOS/portable/GCC/ARM_CM4F/port.o
                0x000000000800b818                vPortEnterCritical
 .text.vPortExitCritical
                0x000000000800b878       0x54 ./common/FreeRTOS/portable/GCC/ARM_CM4F/port.o
                0x000000000800b878                vPortExitCritical
 *fill*         0x000000000800b8cc        0x4 
 .text.PendSV_Handler
                0x000000000800b8d0       0x68 ./common/FreeRTOS/portable/GCC/ARM_CM4F/port.o
                0x000000000800b8d0                PendSV_Handler
 .text.SysTick_Handler
                0x000000000800b938       0x54 ./common/FreeRTOS/portable/GCC/ARM_CM4F/port.o
                0x000000000800b938                SysTick_Handler
 .text.vPortSetupTimerInterrupt
                0x000000000800b98c       0x48 ./common/FreeRTOS/portable/GCC/ARM_CM4F/port.o
                0x000000000800b98c                vPortSetupTimerInterrupt
 .text.vPortEnableVFP
                0x000000000800b9d4       0x18 ./common/FreeRTOS/portable/GCC/ARM_CM4F/port.o
 .text.vPortValidateInterruptPriority
                0x000000000800b9ec       0x80 ./common/FreeRTOS/portable/GCC/ARM_CM4F/port.o
                0x000000000800b9ec                vPortValidateInterruptPriority
 .text.pvPortMalloc
                0x000000000800ba6c      0x1c0 ./common/FreeRTOS/portable/MemMang/heap_4.o
                0x000000000800ba6c                pvPortMalloc
 .text.vPortFree
                0x000000000800bc2c       0xc4 ./common/FreeRTOS/portable/MemMang/heap_4.o
                0x000000000800bc2c                vPortFree
 .text.prvHeapInit
                0x000000000800bcf0       0xc4 ./common/FreeRTOS/portable/MemMang/heap_4.o
 .text.prvInsertBlockIntoFreeList
                0x000000000800bdb4       0xb4 ./common/FreeRTOS/portable/MemMang/heap_4.o
 .text._DoInit  0x000000000800be68       0xb4 ./common/SEGGER/SEGGER/SEGGER_RTT.o
 .text.SEGGER_RTT_ReadNoLock
                0x000000000800bf1c      0x10c ./common/SEGGER/SEGGER/SEGGER_RTT.o
                0x000000000800bf1c                SEGGER_RTT_ReadNoLock
 .text.SEGGER_RTT_AllocUpBuffer
                0x000000000800c028      0x108 ./common/SEGGER/SEGGER/SEGGER_RTT.o
                0x000000000800c028                SEGGER_RTT_AllocUpBuffer
 .text.SEGGER_RTT_ConfigDownBuffer
                0x000000000800c130       0x98 ./common/SEGGER/SEGGER/SEGGER_RTT.o
                0x000000000800c130                SEGGER_RTT_ConfigDownBuffer
 .text._EncodeStr
                0x000000000800c1c8       0xa0 ./common/SEGGER/SEGGER/SEGGER_SYSVIEW.o
 .text._PreparePacket
                0x000000000800c268       0x18 ./common/SEGGER/SEGGER/SEGGER_SYSVIEW.o
 .text._HandleIncomingPacket
                0x000000000800c280       0xe0 ./common/SEGGER/SEGGER/SEGGER_SYSVIEW.o
 .text._TrySendOverflowPacket
                0x000000000800c360       0xe4 ./common/SEGGER/SEGGER/SEGGER_SYSVIEW.o
 .text._SendPacket
                0x000000000800c444      0x2dc ./common/SEGGER/SEGGER/SEGGER_SYSVIEW.o
 .text._VPrintHost
                0x000000000800c720      0x17c ./common/SEGGER/SEGGER/SEGGER_SYSVIEW.o
 .text.SEGGER_SYSVIEW_Init
                0x000000000800c89c       0x88 ./common/SEGGER/SEGGER/SEGGER_SYSVIEW.o
                0x000000000800c89c                SEGGER_SYSVIEW_Init
 .text.SEGGER_SYSVIEW_SetRAMBase
                0x000000000800c924       0x20 ./common/SEGGER/SEGGER/SEGGER_SYSVIEW.o
                0x000000000800c924                SEGGER_SYSVIEW_SetRAMBase
 .text.SEGGER_SYSVIEW_RecordVoid
                0x000000000800c944       0x3c ./common/SEGGER/SEGGER/SEGGER_SYSVIEW.o
                0x000000000800c944                SEGGER_SYSVIEW_RecordVoid
 .text.SEGGER_SYSVIEW_RecordU32
                0x000000000800c980       0x78 ./common/SEGGER/SEGGER/SEGGER_SYSVIEW.o
                0x000000000800c980                SEGGER_SYSVIEW_RecordU32
 .text.SEGGER_SYSVIEW_RecordU32x2
                0x000000000800c9f8       0xb4 ./common/SEGGER/SEGGER/SEGGER_SYSVIEW.o
                0x000000000800c9f8                SEGGER_SYSVIEW_RecordU32x2
 .text.SEGGER_SYSVIEW_RecordU32x3
                0x000000000800caac       0xec ./common/SEGGER/SEGGER/SEGGER_SYSVIEW.o
                0x000000000800caac                SEGGER_SYSVIEW_RecordU32x3
 .text.SEGGER_SYSVIEW_RecordU32x4
                0x000000000800cb98      0x124 ./common/SEGGER/SEGGER/SEGGER_SYSVIEW.o
                0x000000000800cb98                SEGGER_SYSVIEW_RecordU32x4
 .text.SEGGER_SYSVIEW_RecordU32x5
                0x000000000800ccbc      0x15c ./common/SEGGER/SEGGER/SEGGER_SYSVIEW.o
                0x000000000800ccbc                SEGGER_SYSVIEW_RecordU32x5
 .text.SEGGER_SYSVIEW_Start
                0x000000000800ce18      0x174 ./common/SEGGER/SEGGER/SEGGER_SYSVIEW.o
                0x000000000800ce18                SEGGER_SYSVIEW_Start
 .text.SEGGER_SYSVIEW_Stop
                0x000000000800cf8c       0x4c ./common/SEGGER/SEGGER/SEGGER_SYSVIEW.o
                0x000000000800cf8c                SEGGER_SYSVIEW_Stop
 .text.SEGGER_SYSVIEW_GetSysDesc
                0x000000000800cfd8      0x134 ./common/SEGGER/SEGGER/SEGGER_SYSVIEW.o
                0x000000000800cfd8                SEGGER_SYSVIEW_GetSysDesc
 .text.SEGGER_SYSVIEW_SendTaskInfo
                0x000000000800d10c      0x1c8 ./common/SEGGER/SEGGER/SEGGER_SYSVIEW.o
                0x000000000800d10c                SEGGER_SYSVIEW_SendTaskInfo
 .text.SEGGER_SYSVIEW_SendTaskList
                0x000000000800d2d4       0x28 ./common/SEGGER/SEGGER/SEGGER_SYSVIEW.o
                0x000000000800d2d4                SEGGER_SYSVIEW_SendTaskList
 .text.SEGGER_SYSVIEW_SendSysDesc
                0x000000000800d2fc       0x48 ./common/SEGGER/SEGGER/SEGGER_SYSVIEW.o
                0x000000000800d2fc                SEGGER_SYSVIEW_SendSysDesc
 .text.SEGGER_SYSVIEW_RecordSystime
                0x000000000800d344       0x64 ./common/SEGGER/SEGGER/SEGGER_SYSVIEW.o
                0x000000000800d344                SEGGER_SYSVIEW_RecordSystime
 .text.SEGGER_SYSVIEW_RecordEnterISR
                0x000000000800d3a8       0x84 ./common/SEGGER/SEGGER/SEGGER_SYSVIEW.o
                0x000000000800d3a8                SEGGER_SYSVIEW_RecordEnterISR
 .text.SEGGER_SYSVIEW_RecordExitISR
                0x000000000800d42c       0x38 ./common/SEGGER/SEGGER/SEGGER_SYSVIEW.o
                0x000000000800d42c                SEGGER_SYSVIEW_RecordExitISR
 .text.SEGGER_SYSVIEW_RecordExitISRToScheduler
                0x000000000800d464       0x38 ./common/SEGGER/SEGGER/SEGGER_SYSVIEW.o
                0x000000000800d464                SEGGER_SYSVIEW_RecordExitISRToScheduler
 .text.SEGGER_SYSVIEW_OnIdle
                0x000000000800d49c       0x38 ./common/SEGGER/SEGGER/SEGGER_SYSVIEW.o
                0x000000000800d49c                SEGGER_SYSVIEW_OnIdle
 .text.SEGGER_SYSVIEW_OnTaskCreate
                0x000000000800d4d4       0x84 ./common/SEGGER/SEGGER/SEGGER_SYSVIEW.o
                0x000000000800d4d4                SEGGER_SYSVIEW_OnTaskCreate
 .text.SEGGER_SYSVIEW_OnTaskStartExec
                0x000000000800d558       0x84 ./common/SEGGER/SEGGER/SEGGER_SYSVIEW.o
                0x000000000800d558                SEGGER_SYSVIEW_OnTaskStartExec
 .text.SEGGER_SYSVIEW_OnTaskStartReady
                0x000000000800d5dc       0x84 ./common/SEGGER/SEGGER/SEGGER_SYSVIEW.o
                0x000000000800d5dc                SEGGER_SYSVIEW_OnTaskStartReady
 .text.SEGGER_SYSVIEW_OnTaskStopReady
                0x000000000800d660       0xc0 ./common/SEGGER/SEGGER/SEGGER_SYSVIEW.o
                0x000000000800d660                SEGGER_SYSVIEW_OnTaskStopReady
 .text.SEGGER_SYSVIEW_ShrinkId
                0x000000000800d720       0x20 ./common/SEGGER/SEGGER/SEGGER_SYSVIEW.o
                0x000000000800d720                SEGGER_SYSVIEW_ShrinkId
 .text.SEGGER_SYSVIEW_SendModule
                0x000000000800d740      0x100 ./common/SEGGER/SEGGER/SEGGER_SYSVIEW.o
                0x000000000800d740                SEGGER_SYSVIEW_SendModule
 .text.SEGGER_SYSVIEW_SendModuleDescription
                0x000000000800d840       0x3c ./common/SEGGER/SEGGER/SEGGER_SYSVIEW.o
                0x000000000800d840                SEGGER_SYSVIEW_SendModuleDescription
 .text.SEGGER_SYSVIEW_SendNumModules
                0x000000000800d87c       0x7c ./common/SEGGER/SEGGER/SEGGER_SYSVIEW.o
                0x000000000800d87c                SEGGER_SYSVIEW_SendNumModules
 .text.SEGGER_SYSVIEW_PrintfHost
                0x000000000800d8f8       0x28 ./common/SEGGER/SEGGER/SEGGER_SYSVIEW.o
                0x000000000800d8f8                SEGGER_SYSVIEW_PrintfHost
 .text.SEGGER_SYSVIEW_Warn
                0x000000000800d920       0xb8 ./common/SEGGER/SEGGER/SEGGER_SYSVIEW.o
                0x000000000800d920                SEGGER_SYSVIEW_Warn
 .text._cbSendSystemDesc
                0x000000000800d9d8       0x1c ./common/SEGGER/config/SEGGER_SYSVIEW_Config_FreeRTOS.o
 .text.SEGGER_SYSVIEW_Conf
                0x000000000800d9f4       0x2c ./common/SEGGER/config/SEGGER_SYSVIEW_Config_FreeRTOS.o
                0x000000000800d9f4                SEGGER_SYSVIEW_Conf
 .text._cbSendTaskList
                0x000000000800da20       0x90 ./common/SEGGER/os/SEGGER_SYSVIEW_FreeRTOS.o
 .text._cbGetTime
                0x000000000800dab0       0x86 ./common/SEGGER/os/SEGGER_SYSVIEW_FreeRTOS.o
 *fill*         0x000000000800db36        0x2 
 .text.SYSVIEW_AddTask
                0x000000000800db38       0xd0 ./common/SEGGER/os/SEGGER_SYSVIEW_FreeRTOS.o
                0x000000000800db38                SYSVIEW_AddTask
 .text.SYSVIEW_SendTaskInfo
                0x000000000800dc08       0x42 ./common/SEGGER/os/SEGGER_SYSVIEW_FreeRTOS.o
                0x000000000800dc08                SYSVIEW_SendTaskInfo
 *fill*         0x000000000800dc4a        0x2 
 .text.__libc_init_array
                0x000000000800dc4c       0x48 c:/st/stm32cubeide_1.12.1/stm32cubeide/plugins/com.st.stm32cube.ide.mcu.externaltools.gnu-tools-for-stm32.10.3-2021.10.win32_1.0.200.202301161003/tools/bin/../lib/gcc/arm-none-eabi/10.3.1/../../../../arm-none-eabi/lib/thumb/v7e-m+fp/hard\libc_nano.a(lib_a-init.o)
                0x000000000800dc4c                __libc_init_array
 .text.memcmp   0x000000000800dc94       0x20 c:/st/stm32cubeide_1.12.1/stm32cubeide/plugins/com.st.stm32cube.ide.mcu.externaltools.gnu-tools-for-stm32.10.3-2021.10.win32_1.0.200.202301161003/tools/bin/../lib/gcc/arm-none-eabi/10.3.1/../../../../arm-none-eabi/lib/thumb/v7e-m+fp/hard\libc_nano.a(lib_a-memcmp.o)
                0x000000000800dc94                memcmp
 .text.memcpy   0x000000000800dcb4       0x1c c:/st/stm32cubeide_1.12.1/stm32cubeide/plugins/com.st.stm32cube.ide.mcu.externaltools.gnu-tools-for-stm32.10.3-2021.10.win32_1.0.200.202301161003/tools/bin/../lib/gcc/arm-none-eabi/10.3.1/../../../../arm-none-eabi/lib/thumb/v7e-m+fp/hard\libc_nano.a(lib_a-memcpy-stub.o)
                0x000000000800dcb4                memcpy
 .text.memset   0x000000000800dcd0       0x10 c:/st/stm32cubeide_1.12.1/stm32cubeide/plugins/com.st.stm32cube.ide.mcu.externaltools.gnu-tools-for-stm32.10.3-2021.10.win32_1.0.200.202301161003/tools/bin/../lib/gcc/arm-none-eabi/10.3.1/../../../../arm-none-eabi/lib/thumb/v7e-m+fp/hard\libc_nano.a(lib_a-memset.o)
                0x000000000800dcd0                memset
 *(.glue_7)
 .glue_7        0x000000000800dce0        0x0 linker stubs
 *(.glue_7t)
 .glue_7t       0x000000000800dce0        0x0 linker stubs
 *(.eh_frame)
 .eh_frame      0x000000000800dce0        0x0 c:/st/stm32cubeide_1.12.1/stm32cubeide/plugins/com.st.stm32cube.ide.mcu.externaltools.gnu-tools-for-stm32.10.3-2021.10.win32_1.0.200.202301161003/tools/bin/../lib/gcc/arm-none-eabi/10.3.1/thumb/v7e-m+fp/hard/crtbegin.o
 *(.init)
 .init          0x000000000800dce0        0x4 c:/st/stm32cubeide_1.12.1/stm32cubeide/plugins/com.st.stm32cube.ide.mcu.externaltools.gnu-tools-for-stm32.10.3-2021.10.win32_1.0.200.202301161003/tools/bin/../lib/gcc/arm-none-eabi/10.3.1/thumb/v7e-m+fp/hard/crti.o
                0x000000000800dce0                _init
 .init          0x000000000800dce4        0x8 c:/st/stm32cubeide_1.12.1/stm32cubeide/plugins/com.st.stm32cube.ide.mcu.externaltools.gnu-tools-for-stm32.10.3-2021.10.win32_1.0.200.202301161003/tools/bin/../lib/gcc/arm-none-eabi/10.3.1/thumb/v7e-m+fp/hard/crtn.o
 *(.fini)
 .fini          0x000000000800dcec        0x4 c:/st/stm32cubeide_1.12.1/stm32cubeide/plugins/com.st.stm32cube.ide.mcu.externaltools.gnu-tools-for-stm32.10.3-2021.10.win32_1.0.200.202301161003/tools/bin/../lib/gcc/arm-none-eabi/10.3.1/thumb/v7e-m+fp/hard/crti.o
                0x000000000800dcec                _fini
 .fini          0x000000000800dcf0        0x8 c:/st/stm32cubeide_1.12.1/stm32cubeide/plugins/com.st.stm32cube.ide.mcu.externaltools.gnu-tools-for-stm32.10.3-2021.10.win32_1.0.200.202301161003/tools/bin/../lib/gcc/arm-none-eabi/10.3.1/thumb/v7e-m+fp/hard/crtn.o
                0x000000000800dcf8                . = ALIGN (0x4)
                0x000000000800dcf8                _etext = .

.vfp11_veneer   0x000000000800dcf8        0x0
 .vfp11_veneer  0x000000000800dcf8        0x0 linker stubs

.v4_bx          0x000000000800dcf8        0x0
 .v4_bx         0x000000000800dcf8        0x0 linker stubs

.iplt           0x000000000800dcf8        0x0
 .iplt          0x000000000800dcf8        0x0 c:/st/stm32cubeide_1.12.1/stm32cubeide/plugins/com.st.stm32cube.ide.mcu.externaltools.gnu-tools-for-stm32.10.3-2021.10.win32_1.0.200.202301161003/tools/bin/../lib/gcc/arm-none-eabi/10.3.1/thumb/v7e-m+fp/hard/crtbegin.o

.rodata         0x000000000800dcf8      0x390
                0x000000000800dcf8                . = ALIGN (0x4)
 *(.rodata)
 .rodata        0x000000000800dcf8       0x6c ./Core/Src/VirtualCommDriver.o
 .rodata        0x000000000800dd64       0x65 ./Core/Src/main.o
 *fill*         0x000000000800ddc9        0x3 
 .rodata        0x000000000800ddcc       0x3b ./Drivers/STM32F4xx_HAL_Driver/Src/stm32f4xx_hal_cortex.o
 *fill*         0x000000000800de07        0x1 
 .rodata        0x000000000800de08       0x39 ./Drivers/STM32F4xx_HAL_Driver/Src/stm32f4xx_hal_gpio.o
 *fill*         0x000000000800de41        0x3 
 .rodata        0x000000000800de44       0x38 ./Drivers/STM32F4xx_HAL_Driver/Src/stm32f4xx_hal_pcd.o
 .rodata        0x000000000800de7c       0x38 ./Drivers/STM32F4xx_HAL_Driver/Src/stm32f4xx_hal_rcc.o
 .rodata        0x000000000800deb4       0x38 ./Drivers/STM32F4xx_HAL_Driver/Src/stm32f4xx_hal_tim.o
 .rodata        0x000000000800deec       0x39 ./Drivers/STM32F4xx_HAL_Driver/Src/stm32f4xx_hal_uart.o
 *fill*         0x000000000800df25        0x3 
 .rodata        0x000000000800df28       0x46 ./USB_DEVICE/App/usbd_desc.o
 *fill*         0x000000000800df6e        0x2 
 .rodata        0x000000000800df70        0x5 ./common/FreeRTOS/tasks.o
 *fill*         0x000000000800df75        0x3 
 .rodata        0x000000000800df78        0xd ./common/FreeRTOS/timers.o
 *fill*         0x000000000800df85        0x3 
 .rodata        0x000000000800df88        0x9 ./common/SEGGER/SEGGER/SEGGER_RTT.o
 *fill*         0x000000000800df91        0x3 
 .rodata        0x000000000800df94        0x8 ./common/SEGGER/SEGGER/SEGGER_SYSVIEW.o
 .rodata        0x000000000800df9c       0x51 ./common/SEGGER/config/SEGGER_SYSVIEW_Config_FreeRTOS.o
 *fill*         0x000000000800dfed        0x3 
 .rodata        0x000000000800dff0       0x58 ./common/SEGGER/os/SEGGER_SYSVIEW_FreeRTOS.o
 *(.rodata*)
 .rodata.AHBPrescTable
                0x000000000800e048       0x10 ./Core/Src/system_stm32f4xx.o
                0x000000000800e048                AHBPrescTable
 .rodata.APBPrescTable
                0x000000000800e058        0x8 ./Core/Src/system_stm32f4xx.o
                0x000000000800e058                APBPrescTable
 .rodata._aInitStr.0
                0x000000000800e060       0x11 ./common/SEGGER/SEGGER/SEGGER_RTT.o
 *fill*         0x000000000800e071        0x3 
 .rodata._abSync
                0x000000000800e074        0xa ./common/SEGGER/SEGGER/SEGGER_SYSVIEW.o
 *fill*         0x000000000800e07e        0x2 
 .rodata.SYSVIEW_X_OS_TraceAPI
                0x000000000800e080        0x8 ./common/SEGGER/os/SEGGER_SYSVIEW_FreeRTOS.o
                0x000000000800e080                SYSVIEW_X_OS_TraceAPI
                0x000000000800e088                . = ALIGN (0x4)

.ARM.extab      0x000000000800e088        0x0
                0x000000000800e088                . = ALIGN (0x4)
 *(.ARM.extab* .gnu.linkonce.armextab.*)
                0x000000000800e088                . = ALIGN (0x4)

.ARM            0x000000000800e088        0x8
                0x000000000800e088                . = ALIGN (0x4)
                0x000000000800e088                __exidx_start = .
 *(.ARM.exidx*)
 .ARM.exidx     0x000000000800e088        0x8 c:/st/stm32cubeide_1.12.1/stm32cubeide/plugins/com.st.stm32cube.ide.mcu.externaltools.gnu-tools-for-stm32.10.3-2021.10.win32_1.0.200.202301161003/tools/bin/../lib/gcc/arm-none-eabi/10.3.1/thumb/v7e-m+fp/hard\libgcc.a(_udivmoddi4.o)
                0x000000000800e090                __exidx_end = .
                0x000000000800e090                . = ALIGN (0x4)

.rel.dyn        0x000000000800e090        0x0
 .rel.iplt      0x000000000800e090        0x0 c:/st/stm32cubeide_1.12.1/stm32cubeide/plugins/com.st.stm32cube.ide.mcu.externaltools.gnu-tools-for-stm32.10.3-2021.10.win32_1.0.200.202301161003/tools/bin/../lib/gcc/arm-none-eabi/10.3.1/thumb/v7e-m+fp/hard/crtbegin.o

.preinit_array  0x000000000800e090        0x0
                0x000000000800e090                . = ALIGN (0x4)
                0x000000000800e090                PROVIDE (__preinit_array_start = .)
 *(.preinit_array*)
                0x000000000800e090                PROVIDE (__preinit_array_end = .)
                0x000000000800e090                . = ALIGN (0x4)

.init_array     0x000000000800e090        0x4
                0x000000000800e090                . = ALIGN (0x4)
                0x000000000800e090                PROVIDE (__init_array_start = .)
 *(SORT_BY_NAME(.init_array.*))
 *(.init_array*)
 .init_array    0x000000000800e090        0x4 c:/st/stm32cubeide_1.12.1/stm32cubeide/plugins/com.st.stm32cube.ide.mcu.externaltools.gnu-tools-for-stm32.10.3-2021.10.win32_1.0.200.202301161003/tools/bin/../lib/gcc/arm-none-eabi/10.3.1/thumb/v7e-m+fp/hard/crtbegin.o
                0x000000000800e094                PROVIDE (__init_array_end = .)
                0x000000000800e094                . = ALIGN (0x4)

.fini_array     0x000000000800e094        0x4
                0x000000000800e094                . = ALIGN (0x4)
                [!provide]                        PROVIDE (__fini_array_start = .)
 *(SORT_BY_NAME(.fini_array.*))
 *(.fini_array*)
 .fini_array    0x000000000800e094        0x4 c:/st/stm32cubeide_1.12.1/stm32cubeide/plugins/com.st.stm32cube.ide.mcu.externaltools.gnu-tools-for-stm32.10.3-2021.10.win32_1.0.200.202301161003/tools/bin/../lib/gcc/arm-none-eabi/10.3.1/thumb/v7e-m+fp/hard/crtbegin.o
                [!provide]                        PROVIDE (__fini_array_end = .)
                0x000000000800e098                . = ALIGN (0x4)
                0x000000000800e098                _sidata = LOADADDR (.data)

.data           0x0000000020000000      0x104 load address 0x000000000800e098
                0x0000000020000000                . = ALIGN (0x4)
                0x0000000020000000                _sdata = .
 *(.data)
 *(.data*)
 .data.SystemCoreClock
                0x0000000020000000        0x4 ./Core/Src/system_stm32f4xx.o
                0x0000000020000000                SystemCoreClock
 .data.uwTickPrio
                0x0000000020000004        0x4 ./Drivers/STM32F4xx_HAL_Driver/Src/stm32f4xx_hal.o
                0x0000000020000004                uwTickPrio
 .data.uwTickFreq
                0x0000000020000008        0x1 ./Drivers/STM32F4xx_HAL_Driver/Src/stm32f4xx_hal.o
                0x0000000020000008                uwTickFreq
 *fill*         0x0000000020000009        0x3 
 .data.USBD_CDC_DeviceQualifierDesc
                0x000000002000000c        0xa ./Middlewares/ST/STM32_USB_Device_Library/Class/CDC/Src/usbd_cdc.o
 *fill*         0x0000000020000016        0x2 
 .data.USBD_CDC
                0x0000000020000018       0x38 ./Middlewares/ST/STM32_USB_Device_Library/Class/CDC/Src/usbd_cdc.o
                0x0000000020000018                USBD_CDC
 .data.USBD_CDC_CfgDesc
                0x0000000020000050       0x43 ./Middlewares/ST/STM32_USB_Device_Library/Class/CDC/Src/usbd_cdc.o
 .data.CDCInEpAdd
                0x0000000020000093        0x1 ./Middlewares/ST/STM32_USB_Device_Library/Class/CDC/Src/usbd_cdc.o
 .data.CDCOutEpAdd
                0x0000000020000094        0x1 ./Middlewares/ST/STM32_USB_Device_Library/Class/CDC/Src/usbd_cdc.o
 .data.CDCCmdEpAdd
                0x0000000020000095        0x1 ./Middlewares/ST/STM32_USB_Device_Library/Class/CDC/Src/usbd_cdc.o
 *fill*         0x0000000020000096        0x2 
 .data.USBD_Interface_fops_FS
                0x0000000020000098       0x14 ./USB_DEVICE/App/usbd_cdc_if.o
                0x0000000020000098                USBD_Interface_fops_FS
 .data.FS_Desc  0x00000000200000ac       0x1c ./USB_DEVICE/App/usbd_desc.o
                0x00000000200000ac                FS_Desc
 .data.USBD_FS_DeviceDesc
                0x00000000200000c8       0x12 ./USB_DEVICE/App/usbd_desc.o
                0x00000000200000c8                USBD_FS_DeviceDesc
 *fill*         0x00000000200000da        0x2 
 .data.USBD_LangIDDesc
                0x00000000200000dc        0x4 ./USB_DEVICE/App/usbd_desc.o
                0x00000000200000dc                USBD_LangIDDesc
 .data.USBD_StringSerial
                0x00000000200000e0       0x1a ./USB_DEVICE/App/usbd_desc.o
                0x00000000200000e0                USBD_StringSerial
 *fill*         0x00000000200000fa        0x2 
 .data.uxTopUsedPriority
                0x00000000200000fc        0x4 ./common/FreeRTOS/tasks.o
                0x00000000200000fc                uxTopUsedPriority
 .data.uxCriticalNesting
                0x0000000020000100        0x4 ./common/FreeRTOS/portable/GCC/ARM_CM4F/port.o
 *(.RamFunc)
 *(.RamFunc*)
                0x0000000020000104                . = ALIGN (0x4)
                0x0000000020000104                _edata = .
                0x000000000800e19c                _siccmram = LOADADDR (.ccmram)

.igot.plt       0x0000000020000104        0x0 load address 0x000000000800e19c
 .igot.plt      0x0000000020000104        0x0 c:/st/stm32cubeide_1.12.1/stm32cubeide/plugins/com.st.stm32cube.ide.mcu.externaltools.gnu-tools-for-stm32.10.3-2021.10.win32_1.0.200.202301161003/tools/bin/../lib/gcc/arm-none-eabi/10.3.1/thumb/v7e-m+fp/hard/crtbegin.o

.ccmram         0x0000000010000000        0x0 load address 0x000000000800e19c
                0x0000000010000000                . = ALIGN (0x4)
                0x0000000010000000                _sccmram = .
 *(.ccmram)
 *(.ccmram*)
                0x0000000010000000                . = ALIGN (0x4)
                0x0000000010000000                _eccmram = .
                0x0000000010000000                . = ALIGN (0x4)

.bss            0x0000000020000104    0x168e8
                0x0000000020000104                _sbss = .
                0x0000000020000104                __bss_start__ = _sbss
 *(.bss)
 .bss           0x0000000020000104       0x1c c:/st/stm32cubeide_1.12.1/stm32cubeide/plugins/com.st.stm32cube.ide.mcu.externaltools.gnu-tools-for-stm32.10.3-2021.10.win32_1.0.200.202301161003/tools/bin/../lib/gcc/arm-none-eabi/10.3.1/thumb/v7e-m+fp/hard/crtbegin.o
 *(.bss*)
 .bss.usbTxBuff
                0x0000000020000120      0x800 ./Core/Src/VirtualCommDriver.o
 .bss.txStream  0x0000000020000920        0x4 ./Core/Src/VirtualCommDriver.o
 .bss.usbTaskHandle
                0x0000000020000924        0x4 ./Core/Src/VirtualCommDriver.o
 .bss.vcom_rxStream
                0x0000000020000928        0x4 ./Core/Src/VirtualCommDriver.o
                0x0000000020000928                vcom_rxStream
 .bss.huart2    0x000000002000092c       0x44 ./Core/Src/main.o
                0x000000002000092c                huart2
 .bss.htim6     0x0000000020000970       0x48 ./Core/Src/stm32f4xx_hal_timebase_tim.o
                0x0000000020000970                htim6
 .bss.uwTick    0x00000000200009b8        0x4 ./Drivers/STM32F4xx_HAL_Driver/Src/stm32f4xx_hal.o
                0x00000000200009b8                uwTick
 .bss.cfgidx.0  0x00000000200009bc        0x1 ./Middlewares/ST/STM32_USB_Device_Library/Core/Src/usbd_ctlreq.o
 *fill*         0x00000000200009bd        0x3 
 .bss.hUsbDeviceFS
                0x00000000200009c0      0x2dc ./USB_DEVICE/App/usb_device.o
                0x00000000200009c0                hUsbDeviceFS
 .bss.UserRxBufferFS
                0x0000000020000c9c      0x800 ./USB_DEVICE/App/usbd_cdc_if.o
                0x0000000020000c9c                UserRxBufferFS
 .bss.UserTxBufferFS
                0x000000002000149c      0x800 ./USB_DEVICE/App/usbd_cdc_if.o
                0x000000002000149c                UserTxBufferFS
 .bss.USBD_StrDesc
                0x0000000020001c9c      0x200 ./USB_DEVICE/App/usbd_desc.o
                0x0000000020001c9c                USBD_StrDesc
 .bss.hpcd_USB_OTG_FS
                0x0000000020001e9c      0x50c ./USB_DEVICE/Target/usbd_conf.o
                0x0000000020001e9c                hpcd_USB_OTG_FS
 .bss.mem.0     0x00000000200023a8      0x224 ./USB_DEVICE/Target/usbd_conf.o
 .bss.xQueueRegistry
                0x00000000200025cc       0x40 ./common/FreeRTOS/queue.o
                0x00000000200025cc                xQueueRegistry
 .bss.pxCurrentTCB
                0x000000002000260c        0x4 ./common/FreeRTOS/tasks.o
                0x000000002000260c                pxCurrentTCB
 .bss.pxReadyTasksLists
                0x0000000020002610       0x64 ./common/FreeRTOS/tasks.o
 .bss.xDelayedTaskList1
                0x0000000020002674       0x14 ./common/FreeRTOS/tasks.o
 .bss.xDelayedTaskList2
                0x0000000020002688       0x14 ./common/FreeRTOS/tasks.o
 .bss.pxDelayedTaskList
                0x000000002000269c        0x4 ./common/FreeRTOS/tasks.o
 .bss.pxOverflowDelayedTaskList
                0x00000000200026a0        0x4 ./common/FreeRTOS/tasks.o
 .bss.xPendingReadyList
                0x00000000200026a4       0x14 ./common/FreeRTOS/tasks.o
 .bss.xTasksWaitingTermination
                0x00000000200026b8       0x14 ./common/FreeRTOS/tasks.o
 .bss.uxDeletedTasksWaitingCleanUp
                0x00000000200026cc        0x4 ./common/FreeRTOS/tasks.o
 .bss.xSuspendedTaskList
                0x00000000200026d0       0x14 ./common/FreeRTOS/tasks.o
 .bss.uxCurrentNumberOfTasks
                0x00000000200026e4        0x4 ./common/FreeRTOS/tasks.o
 .bss.xTickCount
                0x00000000200026e8        0x4 ./common/FreeRTOS/tasks.o
 .bss.uxTopReadyPriority
                0x00000000200026ec        0x4 ./common/FreeRTOS/tasks.o
 .bss.xSchedulerRunning
                0x00000000200026f0        0x4 ./common/FreeRTOS/tasks.o
 .bss.xPendedTicks
                0x00000000200026f4        0x4 ./common/FreeRTOS/tasks.o
 .bss.xYieldPending
                0x00000000200026f8        0x4 ./common/FreeRTOS/tasks.o
 .bss.xNumOfOverflows
                0x00000000200026fc        0x4 ./common/FreeRTOS/tasks.o
 .bss.uxTaskNumber
                0x0000000020002700        0x4 ./common/FreeRTOS/tasks.o
 .bss.xNextTaskUnblockTime
                0x0000000020002704        0x4 ./common/FreeRTOS/tasks.o
 .bss.xIdleTaskHandle
                0x0000000020002708        0x4 ./common/FreeRTOS/tasks.o
 .bss.uxSchedulerSuspended
                0x000000002000270c        0x4 ./common/FreeRTOS/tasks.o
 .bss.xActiveTimerList1
                0x0000000020002710       0x14 ./common/FreeRTOS/timers.o
 .bss.xActiveTimerList2
                0x0000000020002724       0x14 ./common/FreeRTOS/timers.o
 .bss.pxCurrentTimerList
                0x0000000020002738        0x4 ./common/FreeRTOS/timers.o
 .bss.pxOverflowTimerList
                0x000000002000273c        0x4 ./common/FreeRTOS/timers.o
 .bss.xTimerQueue
                0x0000000020002740        0x4 ./common/FreeRTOS/timers.o
 .bss.xTimerTaskHandle
                0x0000000020002744        0x4 ./common/FreeRTOS/timers.o
 .bss.xLastTime.0
                0x0000000020002748        0x4 ./common/FreeRTOS/timers.o
 .bss.ucMaxSysCallPriority
                0x000000002000274c        0x1 ./common/FreeRTOS/portable/GCC/ARM_CM4F/port.o
 *fill*         0x000000002000274d        0x3 
 .bss.ulMaxPRIGROUPValue
                0x0000000020002750        0x4 ./common/FreeRTOS/portable/GCC/ARM_CM4F/port.o
 .bss.ucHeap    0x0000000020002754    0x12c00 ./common/FreeRTOS/portable/MemMang/heap_4.o
 .bss.xStart    0x0000000020015354        0x8 ./common/FreeRTOS/portable/MemMang/heap_4.o
 .bss.pxEnd     0x000000002001535c        0x4 ./common/FreeRTOS/portable/MemMang/heap_4.o
 .bss.xFreeBytesRemaining
                0x0000000020015360        0x4 ./common/FreeRTOS/portable/MemMang/heap_4.o
 .bss.xMinimumEverFreeBytesRemaining
                0x0000000020015364        0x4 ./common/FreeRTOS/portable/MemMang/heap_4.o
 .bss.xNumberOfSuccessfulAllocations
                0x0000000020015368        0x4 ./common/FreeRTOS/portable/MemMang/heap_4.o
 .bss.xNumberOfSuccessfulFrees
                0x000000002001536c        0x4 ./common/FreeRTOS/portable/MemMang/heap_4.o
 .bss.xBlockAllocatedBit
                0x0000000020015370        0x4 ./common/FreeRTOS/portable/MemMang/heap_4.o
 .bss._SEGGER_RTT
                0x0000000020015374       0xa8 ./common/SEGGER/SEGGER/SEGGER_RTT.o
                0x0000000020015374                _SEGGER_RTT
 .bss._acUpBuffer