../Drivers/CMSIS/Include/core_cm4.h:1657:22:__NVIC_SetPriorityGrouping	24	static
../Drivers/CMSIS/Include/core_cm4.h:1688:22:__NVIC_EnableIRQ	16	static
../Drivers/CMSIS/Include/core_cm4.h:1816:22:__NVIC_SetPriority	16	static
../Core/Src/mainUART_DMA_STREAM_BUFF.c:41:5:main	24	static
../Core/Src/mainUART_DMA_STREAM_BUFF.c:84:6:setupUSART1DMA	16	static
../Core/Src/mainUART_DMA_STREAM_BUFF.c:143:9:startReceiveDMA	16	static
../Core/Src/mainUART_DMA_STREAM_BUFF.c:185:6:startUart5Traffic	16	static
../Core/Src/mainUART_DMA_STREAM_BUFF.c:190:6:stopReceiveDMA	8	static
../Core/Src/mainUART_DMA_STREAM_BUFF.c:197:6:uartPrintOutTask	40	static
../Core/Src/mainUART_DMA_STREAM_BUFF.c:230:6:DMA2_Stream5_IRQHandler	16	static,ignoring_inline_asm
../Core/Src/mainUART_DMA_STREAM_BUFF.c:252:6:USART1_IRQHandler	16	static,ignoring_inline_asm
