Archive member included to satisfy reference by file (symbol)

c:/st/stm32cubeide_1.10.1/stm32cubeide/plugins/com.st.stm32cube.ide.mcu.externaltools.gnu-tools-for-stm32.10.3-2021.10.win32_1.0.0.202111181127/tools/bin/../lib/gcc/arm-none-eabi/10.3.1/../../../../arm-none-eabi/lib/thumb/v7e-m+fp/hard\libc_nano.a(lib_a-errno.o)
                              ./Core/Src/syscalls.o (__errno)
c:/st/stm32cubeide_1.10.1/stm32cubeide/plugins/com.st.stm32cube.ide.mcu.externaltools.gnu-tools-for-stm32.10.3-2021.10.win32_1.0.0.202111181127/tools/bin/../lib/gcc/arm-none-eabi/10.3.1/../../../../arm-none-eabi/lib/thumb/v7e-m+fp/hard\libc_nano.a(lib_a-exit.o)
                              c:/st/stm32cubeide_1.10.1/stm32cubeide/plugins/com.st.stm32cube.ide.mcu.externaltools.gnu-tools-for-stm32.10.3-2021.10.win32_1.0.0.202111181127/tools/bin/../lib/gcc/arm-none-eabi/10.3.1/../../../../arm-none-eabi/lib/thumb/v7e-m+fp/hard/crt0.o (exit)
c:/st/stm32cubeide_1.10.1/stm32cubeide/plugins/com.st.stm32cube.ide.mcu.externaltools.gnu-tools-for-stm32.10.3-2021.10.win32_1.0.0.202111181127/tools/bin/../lib/gcc/arm-none-eabi/10.3.1/../../../../arm-none-eabi/lib/thumb/v7e-m+fp/hard\libc_nano.a(lib_a-impure.o)
                              c:/st/stm32cubeide_1.10.1/stm32cubeide/plugins/com.st.stm32cube.ide.mcu.externaltools.gnu-tools-for-stm32.10.3-2021.10.win32_1.0.0.202111181127/tools/bin/../lib/gcc/arm-none-eabi/10.3.1/../../../../arm-none-eabi/lib/thumb/v7e-m+fp/hard\libc_nano.a(lib_a-exit.o) (_global_impure_ptr)
c:/st/stm32cubeide_1.10.1/stm32cubeide/plugins/com.st.stm32cube.ide.mcu.externaltools.gnu-tools-for-stm32.10.3-2021.10.win32_1.0.0.202111181127/tools/bin/../lib/gcc/arm-none-eabi/10.3.1/../../../../arm-none-eabi/lib/thumb/v7e-m+fp/hard\libc_nano.a(lib_a-init.o)
                              c:/st/stm32cubeide_1.10.1/stm32cubeide/plugins/com.st.stm32cube.ide.mcu.externaltools.gnu-tools-for-stm32.10.3-2021.10.win32_1.0.0.202111181127/tools/bin/../lib/gcc/arm-none-eabi/10.3.1/../../../../arm-none-eabi/lib/thumb/v7e-m+fp/hard/crt0.o (__libc_init_array)
c:/st/stm32cubeide_1.10.1/stm32cubeide/plugins/com.st.stm32cube.ide.mcu.externaltools.gnu-tools-for-stm32.10.3-2021.10.win32_1.0.0.202111181127/tools/bin/../lib/gcc/arm-none-eabi/10.3.1/../../../../arm-none-eabi/lib/thumb/v7e-m+fp/hard\libc_nano.a(lib_a-memcmp.o)
                              ./common/SEGGER/os/SEGGER_SYSVIEW_FreeRTOS.o (memcmp)
c:/st/stm32cubeide_1.10.1/stm32cubeide/plugins/com.st.stm32cube.ide.mcu.externaltools.gnu-tools-for-stm32.10.3-2021.10.win32_1.0.0.202111181127/tools/bin/../lib/gcc/arm-none-eabi/10.3.1/../../../../arm-none-eabi/lib/thumb/v7e-m+fp/hard\libc_nano.a(lib_a-memcpy-stub.o)
                              ./common/FreeRTOS/queue.o (memcpy)
c:/st/stm32cubeide_1.10.1/stm32cubeide/plugins/com.st.stm32cube.ide.mcu.externaltools.gnu-tools-for-stm32.10.3-2021.10.win32_1.0.0.202111181127/tools/bin/../lib/gcc/arm-none-eabi/10.3.1/../../../../arm-none-eabi/lib/thumb/v7e-m+fp/hard\libc_nano.a(lib_a-memset.o)
                              c:/st/stm32cubeide_1.10.1/stm32cubeide/plugins/com.st.stm32cube.ide.mcu.externaltools.gnu-tools-for-stm32.10.3-2021.10.win32_1.0.0.202111181127/tools/bin/../lib/gcc/arm-none-eabi/10.3.1/../../../../arm-none-eabi/lib/thumb/v7e-m+fp/hard/crt0.o (memset)
c:/st/stm32cubeide_1.10.1/stm32cubeide/plugins/com.st.stm32cube.ide.mcu.externaltools.gnu-tools-for-stm32.10.3-2021.10.win32_1.0.0.202111181127/tools/bin/../lib/gcc/arm-none-eabi/10.3.1/../../../../arm-none-eabi/lib/thumb/v7e-m+fp/hard\libc_nano.a(lib_a-strlen.o)
                              ./common/SEGGER/SEGGER/SEGGER_RTT.o (strlen)
c:/st/stm32cubeide_1.10.1/stm32cubeide/plugins/com.st.stm32cube.ide.mcu.externaltools.gnu-tools-for-stm32.10.3-2021.10.win32_1.0.0.202111181127/tools/bin/../lib/gcc/arm-none-eabi/10.3.1/thumb/v7e-m+fp/hard\libgcc.a(_aeabi_uldivmod.o)
                              ./Drivers/STM32F4xx_HAL_Driver/Src/stm32f4xx_hal_rcc.o (__aeabi_uldivmod)
c:/st/stm32cubeide_1.10.1/stm32cubeide/plugins/com.st.stm32cube.ide.mcu.externaltools.gnu-tools-for-stm32.10.3-2021.10.win32_1.0.0.202111181127/tools/bin/../lib/gcc/arm-none-eabi/10.3.1/thumb/v7e-m+fp/hard\libgcc.a(_udivmoddi4.o)
                              c:/st/stm32cubeide_1.10.1/stm32cubeide/plugins/com.st.stm32cube.ide.mcu.externaltools.gnu-tools-for-stm32.10.3-2021.10.win32_1.0.0.202111181127/tools/bin/../lib/gcc/arm-none-eabi/10.3.1/thumb/v7e-m+fp/hard\libgcc.a(_aeabi_uldivmod.o) (__udivmoddi4)
c:/st/stm32cubeide_1.10.1/stm32cubeide/plugins/com.st.stm32cube.ide.mcu.externaltools.gnu-tools-for-stm32.10.3-2021.10.win32_1.0.0.202111181127/tools/bin/../lib/gcc/arm-none-eabi/10.3.1/thumb/v7e-m+fp/hard\libgcc.a(_dvmd_tls.o)
[...]
Memory Configuration

Name             Origin             Length             Attributes
CCMRAM           0x0000000010000000 0x0000000000010000 xrw
RAM              0x0000000020000000 0x0000000000030000 xrw
FLASH            0x0000000008000000 0x0000000000200000 xr
*default*        0x0000000000000000 0xffffffffffffffff

Linker script and memory map

LOAD c:/st/stm32cubeide_1.10.1/stm32cubeide/plugins/com.st.stm32cube.ide.mcu.externaltools.gnu-tools-for-stm32.10.3-2021.10.win32_1.0.0.202111181127/tools/bin/../lib/gcc/arm-none-eabi/10.3.1/thumb/v7e-m+fp/hard/crti.o
LOAD c:/st/stm32cubeide_1.10.1/stm32cubeide/plugins/com.st.stm32cube.ide.mcu.externaltools.gnu-tools-for-stm32.10.3-2021.10.win32_1.0.0.202111181127/tools/bin/../lib/gcc/arm-none-eabi/10.3.1/thumb/v7e-m+fp/hard/crtbegin.o
LOAD c:/st/stm32cubeide_1.10.1/stm32cubeide/plugins/com.st.stm32cube.ide.mcu.externaltools.gnu-tools-for-stm32.10.3-2021.10.win32_1.0.0.202111181127/tools/bin/../lib/gcc/arm-none-eabi/10.3.1/../../../../arm-none-eabi/lib/thumb/v7e-m+fp/hard/crt0.o
LOAD ./Core/Src/main.o
LOAD ./Core/Src/stm32f4xx_hal_msp.o
LOAD ./Core/Src/stm32f4xx_hal_timebase_tim.o
LOAD ./Core/Src/stm32f4xx_it.o
LOAD ./Core/Src/syscalls.o
LOAD ./Core/Src/sysmem.o
LOAD ./Core/Src/system_stm32f4xx.o
LOAD ./Core/Startup/startup_stm32f429zitx.o
LOAD ./Drivers/STM32F4xx_HAL_Driver/Src/stm32f4xx_hal.o
LOAD ./Drivers/STM32F4xx_HAL_Driver/Src/stm32f4xx_hal_cortex.o
LOAD ./Drivers/STM32F4xx_HAL_Driver/Src/stm32f4xx_hal_dma.o
LOAD ./Drivers/STM32F4xx_HAL_Driver/Src/stm32f4xx_hal_dma_ex.o
LOAD ./Drivers/STM32F4xx_HAL_Driver/Src/stm32f4xx_hal_exti.o
LOAD ./Drivers/STM32F4xx_HAL_Driver/Src/stm32f4xx_hal_flash.o
LOAD ./Drivers/STM32F4xx_HAL_Driver/Src/stm32f4xx_hal_flash_ex.o
LOAD ./Drivers/STM32F4xx_HAL_Driver/Src/stm32f4xx_hal_flash_ramfunc.o
LOAD ./Drivers/STM32F4xx_HAL_Driver/Src/stm32f4xx_hal_gpio.o
LOAD ./Drivers/STM32F4xx_HAL_Driver/Src/stm32f4xx_hal_pwr.o
LOAD ./Drivers/STM32F4xx_HAL_Driver/Src/stm32f4xx_hal_pwr_ex.o
LOAD ./Drivers/STM32F4xx_HAL_Driver/Src/stm32f4xx_hal_rcc.o
LOAD ./Drivers/STM32F4xx_HAL_Driver/Src/stm32f4xx_hal_rcc_ex.o
LOAD ./Drivers/STM32F4xx_HAL_Driver/Src/stm32f4xx_hal_tim.o
LOAD ./Drivers/STM32F4xx_HAL_Driver/Src/stm32f4xx_hal_tim_ex.o
LOAD ./common/FreeRTOS/croutine.o
LOAD ./common/FreeRTOS/event_groups.o
LOAD ./common/FreeRTOS/list.o
LOAD ./common/FreeRTOS/queue.o
LOAD ./common/FreeRTOS/stream_buffer.o
LOAD ./common/FreeRTOS/tasks.o
LOAD ./common/FreeRTOS/timers.o
LOAD ./common/FreeRTOS/portable/GCC/ARM_CM4F/port.o
LOAD ./common/FreeRTOS/portable/MemMang/heap_4.o
LOAD ./common/SEGGER/SEGGER/SEGGER_RTT.o
LOAD ./common/SEGGER/SEGGER/SEGGER_RTT_ASM_ARMv7M.o
LOAD ./common/SEGGER/SEGGER/SEGGER_RTT_printf.o
LOAD ./common/SEGGER/SEGGER/SEGGER_SYSVIEW.o
LOAD ./common/SEGGER/SEGGER/Syscalls/SEGGER_RTT_Syscalls_GCC.o
LOAD ./common/SEGGER/config/SEGGER_SYSVIEW_Config_FreeRTOS.o
LOAD ./common/SEGGER/os/SEGGER_SYSVIEW_FreeRTOS.o
START GROUP
LOAD c:/st/stm32cubeide_1.10.1/stm32cubeide/plugins/com.st.stm32cube.ide.mcu.externaltools.gnu-tools-for-stm32.10.3-2021.10.win32_1.0.0.202111181127/tools/bin/../lib/gcc/arm-none-eabi/10.3.1/../../../../arm-none-eabi/lib/thumb/v7e-m+fp/hard\libc_nano.a
LOAD c:/st/stm32cubeide_1.10.1/stm32cubeide/plugins/com.st.stm32cube.ide.mcu.externaltools.gnu-tools-for-stm32.10.3-2021.10.win32_1.0.0.202111181127/tools/bin/../lib/gcc/arm-none-eabi/10.3.1/../../../../arm-none-eabi/lib/thumb/v7e-m+fp/hard\libm.a
END GROUP
START GROUP
LOAD c:/st/stm32cubeide_1.10.1/stm32cubeide/plugins/com.st.stm32cube.ide.mcu.externaltools.gnu-tools-for-stm32.10.3-2021.10.win32_1.0.0.202111181127/tools/bin/../lib/gcc/arm-none-eabi/10.3.1/thumb/v7e-m+fp/hard\libgcc.a
LOAD c:/st/stm32cubeide_1.10.1/stm32cubeide/plugins/com.st.stm32cube.ide.mcu.externaltools.gnu-tools-for-stm32.10.3-2021.10.win32_1.0.0.202111181127/tools/bin/../lib/gcc/arm-none-eabi/10.3.1/../../../../arm-none-eabi/lib/thumb/v7e-m+fp/hard\libc_nano.a
END GROUP
START GROUP
LOAD c:/st/stm32cubeide_1.10.1/stm32cubeide/plugins/com.st.stm32cube.ide.mcu.externaltools.gnu-tools-for-stm32.10.3-2021.10.win32_1.0.0.202111181127/tools/bin/../lib/gcc/arm-none-eabi/10.3.1/thumb/v7e-m+fp/hard\libgcc.a
LOAD c:/st/stm32cubeide_1.10.1/stm32cubeide/plugins/com.st.stm32cube.ide.mcu.externaltools.gnu-tools-for-stm32.10.3-2021.10.win32_1.0.0.202111181127/tools/bin/../lib/gcc/arm-none-eabi/10.3.1/../../../../arm-none-eabi/lib/thumb/v7e-m+fp/hard\libc_nano.a
LOAD c:/st/stm32cubeide_1.10.1/stm32cubeide/plugins/com.st.stm32cube.ide.mcu.externaltools.gnu-tools-for-stm32.10.3-2021.10.win32_1.0.0.202111181127/tools/bin/../lib/gcc/arm-none-eabi/10.3.1/../../../../arm-none-eabi/lib/thumb/v7e-m+fp/hard\libnosys.a
END GROUP
START GROUP
LOAD c:/st/stm32cubeide_1.10.1/stm32cubeide/plugins/com.st.stm32cube.ide.mcu.externaltools.gnu-tools-for-stm32.10.3-2021.10.win32_1.0.0.202111181127/tools/bin/../lib/gcc/arm-none-eabi/10.3.1/thumb/v7e-m+fp/hard\libgcc.a
LOAD c:/st/stm32cubeide_1.10.1/stm32cubeide/plugins/com.st.stm32cube.ide.mcu.externaltools.gnu-tools-for-stm32.10.3-2021.10.win32_1.0.0.202111181127/tools/bin/../lib/gcc/arm-none-eabi/10.3.1/../../../../arm-none-eabi/lib/thumb/v7e-m+fp/hard\libc_nano.a
LOAD c:/st/stm32cubeide_1.10.1/stm32cubeide/plugins/com.st.stm32cube.ide.mcu.externaltools.gnu-tools-for-stm32.10.3-2021.10.win32_1.0.0.202111181127/tools/bin/../lib/gcc/arm-none-eabi/10.3.1/../../../../arm-none-eabi/lib/thumb/v7e-m+fp/hard\libnosys.a
END GROUP
LOAD c:/st/stm32cubeide_1.10.1/stm32cubeide/plugins/com.st.stm32cube.ide.mcu.externaltools.gnu-tools-for-stm32.10.3-2021.10.win32_1.0.0.202111181127/tools/bin/../lib/gcc/arm-none-eabi/10.3.1/thumb/v7e-m+fp/hard/crtend.o
LOAD c:/st/stm32cubeide_1.10.1/stm32cubeide/plugins/com.st.stm32cube.ide.mcu.externaltools.gnu-tools-for-stm32.10.3-2021.10.win32_1.0.0.202111181127/tools/bin/../lib/gcc/arm-none-eabi/10.3.1/thumb/v7e-m+fp/hard/crtn.o
                0x0000000020030000                _estack = (ORIGIN (RAM) + LENGTH (RAM))
                0x0000000000000200                _Min_Heap_Size = 0x200
                0x0000000000000400                _Min_Stack_Size = 0x400

.isr_vector     0x0000000008000000      0x1ac
                0x0000000008000000                . = ALIGN (0x4)
 *(.isr_vector)
 .isr_vector    0x0000000008000000      0x1ac ./Core/Startup/startup_stm32f429zitx.o
                0x0000000008000000                g_pfnVectors
                0x00000000080001ac                . = ALIGN (0x4)

.text           0x00000000080001b0     0x6e34
                0x00000000080001b0                . = ALIGN (0x4)
 *(.text)
 .text          0x00000000080001b0       0x40 c:/st/stm32cubeide_1.10.1/stm32cubeide/plugins/com.st.stm32cube.ide.mcu.externaltools.gnu-tools-for-stm32.10.3-2021.10.win32_1.0.0.202111181127/tools/bin/../lib/gcc/arm-none-eabi/10.3.1/thumb/v7e-m+fp/hard/crtbegin.o
 .text          0x00000000080001f0       0x94 ./common/SEGGER/SEGGER/SEGGER_RTT_ASM_ARMv7M.o
                0x00000000080001f0                SEGGER_RTT_ASM_WriteSkipNoLock
 .text          0x0000000008000284       0x30 c:/st/stm32cubeide_1.10.1/stm32cubeide/plugins/com.st.stm32cube.ide.mcu.externaltools.gnu-tools-for-stm32.10.3-2021.10.win32_1.0.0.202111181127/tools/bin/../lib/gcc/arm-none-eabi/10.3.1/thumb/v7e-m+fp/hard\libgcc.a(_aeabi_uldivmod.o)
                0x0000000008000284                __aeabi_uldivmod
 .text          0x00000000080002b4      0x2d0 c:/st/stm32cubeide_1.10.1/stm32cubeide/plugins/com.st.stm32cube.ide.mcu.externaltools.gnu-tools-for-stm32.10.3-2021.10.win32_1.0.0.202111181127/tools/bin/../lib/gcc/arm-none-eabi/10.3.1/thumb/v7e-m+fp/hard\libgcc.a(_udivmoddi4.o)
                0x00000000080002b4                __udivmoddi4
 .text          0x0000000008000584        0x4 c:/st/stm32cubeide_1.10.1/stm32cubeide/plugins/com.st.stm32cube.ide.mcu.externaltools.gnu-tools-for-stm32.10.3-2021.10.win32_1.0.0.202111181127/tools/bin/../lib/gcc/arm-none-eabi/10.3.1/thumb/v7e-m+fp/hard\libgcc.a(_dvmd_tls.o)
                0x0000000008000584                __aeabi_idiv0
                0x0000000008000584                __aeabi_ldiv0
 *(.text*)
 .text.main     0x0000000008000588       0xa8 ./Core/Src/main.o
                0x0000000008000588                main
 .text.SystemClock_Config
                0x0000000008000630       0xd8 ./Core/Src/main.o
                0x0000000008000630                SystemClock_Config
 .text.MX_GPIO_Init
                0x0000000008000708      0x4d8 ./Core/Src/main.o
 .text.ledRedHandler
                0x0000000008000be0       0x2c ./Core/Src/main.o
 .text.ledGreenHandler
                0x0000000008000c0c       0x2c ./Core/Src/main.o
 .text.HAL_TIM_PeriodElapsedCallback
                0x0000000008000c38       0x24 ./Core/Src/main.o
                0x0000000008000c38                HAL_TIM_PeriodElapsedCallback
 .text.Error_Handler
                0x0000000008000c5c        0xa ./Core/Src/main.o
                0x0000000008000c5c                Error_Handler
 *fill*         0x0000000008000c66        0x2 
 .text.HAL_MspInit
                0x0000000008000c68       0x50 ./Core/Src/stm32f4xx_hal_msp.o
                0x0000000008000c68                HAL_MspInit
 .text.HAL_InitTick
                0x0000000008000cb8       0xf8 ./Core/Src/stm32f4xx_hal_timebase_tim.o
                0x0000000008000cb8                HAL_InitTick
 .text.NMI_Handler
                0x0000000008000db0        0x6 ./Core/Src/stm32f4xx_it.o
                0x0000000008000db0                NMI_Handler
 .text.HardFault_Handler
                0x0000000008000db6        0x6 ./Core/Src/stm32f4xx_it.o
                0x0000000008000db6                HardFault_Handler
 .text.MemManage_Handler
                0x0000000008000dbc        0x6 ./Core/Src/stm32f4xx_it.o
                0x0000000008000dbc                MemManage_Handler
 .text.BusFault_Handler
                0x0000000008000dc2        0x6 ./Core/Src/stm32f4xx_it.o
                0x0000000008000dc2                BusFault_Handler
 .text.UsageFault_Handler
                0x0000000008000dc8        0x6 ./Core/Src/stm32f4xx_it.o
                0x0000000008000dc8                UsageFault_Handler
 .text.DebugMon_Handler
                0x0000000008000dce        0xe ./Core/Src/stm32f4xx_it.o
                0x0000000008000dce                DebugMon_Handler
 .text.TIM6_DAC_IRQHandler
                0x0000000008000ddc       0x14 ./Core/Src/stm32f4xx_it.o
                0x0000000008000ddc                TIM6_DAC_IRQHandler
 .text.SystemInit
                0x0000000008000df0       0x24 ./Core/Src/system_stm32f4xx.o
                0x0000000008000df0                SystemInit
 .text.Reset_Handler
                0x0000000008000e14       0x50 ./Core/Startup/startup_stm32f429zitx.o
                0x0000000008000e14                Reset_Handler
 .text.Default_Handler
                0x0000000008000e64        0x2 ./Core/Startup/startup_stm32f429zitx.o
                0x0000000008000e64                RTC_Alarm_IRQHandler
                0x0000000008000e64                HASH_RNG_IRQHandler
                0x0000000008000e64                EXTI2_IRQHandler
                0x0000000008000e64                TIM8_CC_IRQHandler
                0x0000000008000e64                UART8_IRQHandler
                0x0000000008000e64                SPI4_IRQHandler
                0x0000000008000e64                TIM1_CC_IRQHandler
                0x0000000008000e64                DMA2_Stream5_IRQHandler
                0x0000000008000e64                DMA1_Stream5_IRQHandler
                0x0000000008000e64                PVD_IRQHandler
                0x0000000008000e64                SDIO_IRQHandler
                0x0000000008000e64                TAMP_STAMP_IRQHandler
                0x0000000008000e64                CAN2_RX1_IRQHandler
                0x0000000008000e64                EXTI3_IRQHandler
                0x0000000008000e64                TIM8_TRG_COM_TIM14_IRQHandler
                0x0000000008000e64                TIM1_UP_TIM10_IRQHandler
                0x0000000008000e64                TIM8_UP_TIM13_IRQHandler
                0x0000000008000e64                I2C3_ER_IRQHandler
                0x0000000008000e64                EXTI0_IRQHandler
                0x0000000008000e64                I2C2_EV_IRQHandler
                0x0000000008000e64                DMA1_Stream2_IRQHandler
                0x0000000008000e64                CAN1_RX0_IRQHandler
                0x0000000008000e64                FPU_IRQHandler
                0x0000000008000e64                OTG_HS_WKUP_IRQHandler
                0x0000000008000e64                LTDC_ER_IRQHandler
                0x0000000008000e64                CAN2_SCE_IRQHandler
                0x0000000008000e64                DMA2_Stream2_IRQHandler
                0x0000000008000e64                SPI1_IRQHandler
                0x0000000008000e64                TIM1_BRK_TIM9_IRQHandler
                0x0000000008000e64                DCMI_IRQHandler
                0x0000000008000e64                CAN2_RX0_IRQHandler
                0x0000000008000e64                DMA2_Stream3_IRQHandler
                0x0000000008000e64                USART6_IRQHandler
                0x0000000008000e64                USART3_IRQHandler
                0x0000000008000e64                CAN1_RX1_IRQHandler
                0x0000000008000e64                UART5_IRQHandler
                0x0000000008000e64                DMA2_Stream0_IRQHandler
                0x0000000008000e64                TIM4_IRQHandler
                0x0000000008000e64                I2C1_EV_IRQHandler
                0x0000000008000e64                DMA1_Stream6_IRQHandler
                0x0000000008000e64                DMA1_Stream1_IRQHandler
                0x0000000008000e64                UART4_IRQHandler
                0x0000000008000e64                TIM3_IRQHandler
                0x0000000008000e64                RCC_IRQHandler
                0x0000000008000e64                TIM8_BRK_TIM12_IRQHandler
                0x0000000008000e64                Default_Handler
                0x0000000008000e64                EXTI15_10_IRQHandler
                0x0000000008000e64                ADC_IRQHandler
                0x0000000008000e64                DMA1_Stream7_IRQHandler
                0x0000000008000e64                SPI5_IRQHandler
                0x0000000008000e64                TIM7_IRQHandler
                0x0000000008000e64                CAN2_TX_IRQHandler
                0x0000000008000e64                TIM5_IRQHandler
                0x0000000008000e64                DMA2_Stream7_IRQHandler
                0x0000000008000e64                I2C3_EV_IRQHandler
                0x0000000008000e64                EXTI9_5_IRQHandler
                0x0000000008000e64                RTC_WKUP_IRQHandler
                0x0000000008000e64                LTDC_IRQHandler
                0x0000000008000e64                ETH_WKUP_IRQHandler
                0x0000000008000e64                SPI2_IRQHandler
                0x0000000008000e64                OTG_HS_EP1_IN_IRQHandler
                0x0000000008000e64                DMA1_Stream0_IRQHandler
                0x0000000008000e64                CAN1_TX_IRQHandler
                0x0000000008000e64                EXTI4_IRQHandler
                0x0000000008000e64                ETH_IRQHandler
                0x0000000008000e64                OTG_HS_EP1_OUT_IRQHandler
                0x0000000008000e64                WWDG_IRQHandler
                0x0000000008000e64                SPI6_IRQHandler
                0x0000000008000e64                TIM2_IRQHandler
                0x0000000008000e64                OTG_FS_WKUP_IRQHandler
                0x0000000008000e64                TIM1_TRG_COM_TIM11_IRQHandler
                0x0000000008000e64                OTG_HS_IRQHandler
                0x0000000008000e64                DMA2D_IRQHandler
                0x0000000008000e64                EXTI1_IRQHandler
                0x0000000008000e64                UART7_IRQHandler
                0x0000000008000e64                USART2_IRQHandler
                0x0000000008000e64                I2C2_ER_IRQHandler
                0x0000000008000e64                DMA2_Stream1_IRQHandler
                0x0000000008000e64                CAN1_SCE_IRQHandler
                0x0000000008000e64                FLASH_IRQHandler
                0x0000000008000e64                DMA2_Stream4_IRQHandler
                0x0000000008000e64                USART1_IRQHandler
                0x0000000008000e64                OTG_FS_IRQHandler
                0x0000000008000e64                SPI3_IRQHandler
                0x0000000008000e64                DMA1_Stream4_IRQHandler
                0x0000000008000e64                I2C1_ER_IRQHandler
                0x0000000008000e64                FMC_IRQHandler
                0x0000000008000e64                DMA2_Stream6_IRQHandler
                0x0000000008000e64                SAI1_IRQHandler
                0x0000000008000e64                DMA1_Stream3_IRQHandler
 *fill*         0x0000000008000e66        0x2 
 .text.HAL_Init
                0x0000000008000e68       0x44 ./Drivers/STM32F4xx_HAL_Driver/Src/stm32f4xx_hal.o
                0x0000000008000e68                HAL_Init
 .text.HAL_IncTick
                0x0000000008000eac       0x28 ./Drivers/STM32F4xx_HAL_Driver/Src/stm32f4xx_hal.o
                0x0000000008000eac                HAL_IncTick
 .text.HAL_GetTick
                0x0000000008000ed4       0x18 ./Drivers/STM32F4xx_HAL_Driver/Src/stm32f4xx_hal.o
                0x0000000008000ed4                HAL_GetTick
 .text.HAL_Delay
                0x0000000008000eec       0x48 ./Drivers/STM32F4xx_HAL_Driver/Src/stm32f4xx_hal.o
                0x0000000008000eec                HAL_Delay
 .text.__NVIC_SetPriorityGrouping
                0x0000000008000f34       0x48 ./Drivers/STM32F4xx_HAL_Driver/Src/stm32f4xx_hal_cortex.o
 .text.__NVIC_GetPriorityGrouping
                0x0000000008000f7c       0x1c ./Drivers/STM32F4xx_HAL_Driver/Src/stm32f4xx_hal_cortex.o
 .text.__NVIC_EnableIRQ
                0x0000000008000f98       0x3c ./Drivers/STM32F4xx_HAL_Driver/Src/stm32f4xx_hal_cortex.o
 .text.__NVIC_SetPriority
                0x0000000008000fd4       0x54 ./Drivers/STM32F4xx_HAL_Driver/Src/stm32f4xx_hal_cortex.o
 .text.NVIC_EncodePriority
                0x0000000008001028       0x66 ./Drivers/STM32F4xx_HAL_Driver/Src/stm32f4xx_hal_cortex.o
 .text.HAL_NVIC_SetPriorityGrouping
                0x000000000800108e       0x16 ./Drivers/STM32F4xx_HAL_Driver/Src/stm32f4xx_hal_cortex.o
                0x000000000800108e                HAL_NVIC_SetPriorityGrouping
 .text.HAL_NVIC_SetPriority
                0x00000000080010a4       0x38 ./Drivers/STM32F4xx_HAL_Driver/Src/stm32f4xx_hal_cortex.o
                0x00000000080010a4                HAL_NVIC_SetPriority
 .text.HAL_NVIC_EnableIRQ
                0x00000000080010dc       0x1c ./Drivers/STM32F4xx_HAL_Driver/Src/stm32f4xx_hal_cortex.o
                0x00000000080010dc                HAL_NVIC_EnableIRQ
 .text.HAL_GPIO_Init
                0x00000000080010f8      0x358 ./Drivers/STM32F4xx_HAL_Driver/Src/stm32f4xx_hal_gpio.o
                0x00000000080010f8                HAL_GPIO_Init
 .text.HAL_GPIO_WritePin
                0x0000000008001450       0x32 ./Drivers/STM32F4xx_HAL_Driver/Src/stm32f4xx_hal_gpio.o
                0x0000000008001450                HAL_GPIO_WritePin
 .text.HAL_GPIO_TogglePin
                0x0000000008001482       0x34 ./Drivers/STM32F4xx_HAL_Driver/Src/stm32f4xx_hal_gpio.o
                0x0000000008001482                HAL_GPIO_TogglePin
 *fill*         0x00000000080014b6        0x2 
 .text.HAL_RCC_OscConfig
                0x00000000080014b8      0x4f0 ./Drivers/STM32F4xx_HAL_Driver/Src/stm32f4xx_hal_rcc.o
                0x00000000080014b8                HAL_RCC_OscConfig
 .text.HAL_RCC_ClockConfig
                0x00000000080019a8      0x1cc ./Drivers/STM32F4xx_HAL_Driver/Src/stm32f4xx_hal_rcc.o
                0x00000000080019a8                HAL_RCC_ClockConfig
 .text.HAL_RCC_GetSysClockFreq
                0x0000000008001b74      0x20c ./Drivers/STM32F4xx_HAL_Driver/Src/stm32f4xx_hal_rcc.o
                0x0000000008001b74                HAL_RCC_GetSysClockFreq
 .text.HAL_RCC_GetHCLKFreq
                0x0000000008001d80       0x18 ./Drivers/STM32F4xx_HAL_Driver/Src/stm32f4xx_hal_rcc.o
                0x0000000008001d80                HAL_RCC_GetHCLKFreq
 .text.HAL_RCC_GetPCLK1Freq
                0x0000000008001d98       0x28 ./Drivers/STM32F4xx_HAL_Driver/Src/stm32f4xx_hal_rcc.o
                0x0000000008001d98                HAL_RCC_GetPCLK1Freq
 .text.HAL_RCC_GetClockConfig
                0x0000000008001dc0       0x64 ./Drivers/STM32F4xx_HAL_Driver/Src/stm32f4xx_hal_rcc.o
                0x0000000008001dc0                HAL_RCC_GetClockConfig
 .text.HAL_TIM_Base_Init
                0x0000000008001e24       0x9e ./Drivers/STM32F4xx_HAL_Driver/Src/stm32f4xx_hal_tim.o
                0x0000000008001e24                HAL_TIM_Base_Init
 .text.HAL_TIM_Base_MspInit
                0x0000000008001ec2       0x14 ./Drivers/STM32F4xx_HAL_Driver/Src/stm32f4xx_hal_tim.o
                0x0000000008001ec2                HAL_TIM_Base_MspInit
 *fill*         0x0000000008001ed6        0x2 
 .text.HAL_TIM_Base_Start_IT
                0x0000000008001ed8       0xe0 ./Drivers/STM32F4xx_HAL_Driver/Src/stm32f4xx_hal_tim.o
                0x0000000008001ed8                HAL_TIM_Base_Start_IT
 .text.HAL_TIM_IRQHandler
                0x0000000008001fb8      0x210 ./Drivers/STM32F4xx_HAL_Driver/Src/stm32f4xx_hal_tim.o
                0x0000000008001fb8                HAL_TIM_IRQHandler
 .text.HAL_TIM_OC_DelayElapsedCallback
                0x00000000080021c8       0x14 ./Drivers/STM32F4xx_HAL_Driver/Src/stm32f4xx_hal_tim.o
                0x00000000080021c8                HAL_TIM_OC_DelayElapsedCallback
 .text.HAL_TIM_IC_CaptureCallback
                0x00000000080021dc       0x14 ./Drivers/STM32F4xx_HAL_Driver/Src/stm32f4xx_hal_tim.o
                0x00000000080021dc                HAL_TIM_IC_CaptureCallback
 .text.HAL_TIM_PWM_PulseFinishedCallback
                0x00000000080021f0       0x14 ./Drivers/STM32F4xx_HAL_Driver/Src/stm32f4xx_hal_tim.o
                0x00000000080021f0                HAL_TIM_PWM_PulseFinishedCallback
 .text.HAL_TIM_TriggerCallback
                0x0000000008002204       0x14 ./Drivers/STM32F4xx_HAL_Driver/Src/stm32f4xx_hal_tim.o
                0x0000000008002204                HAL_TIM_TriggerCallback
 .text.TIM_Base_SetConfig
                0x0000000008002218      0x140 ./Drivers/STM32F4xx_HAL_Driver/Src/stm32f4xx_hal_tim.o
                0x0000000008002218                TIM_Base_SetConfig
 .text.HAL_TIMEx_CommutCallback
                0x0000000008002358       0x14 ./Drivers/STM32F4xx_HAL_Driver/Src/stm32f4xx_hal_tim_ex.o
                0x0000000008002358                HAL_TIMEx_CommutCallback
 .text.HAL_TIMEx_BreakCallback
                0x000000000800236c       0x14 ./Drivers/STM32F4xx_HAL_Driver/Src/stm32f4xx_hal_tim_ex.o
                0x000000000800236c                HAL_TIMEx_BreakCallback
 .text.vListInitialise
                0x0000000008002380       0x40 ./common/FreeRTOS/list.o
                0x0000000008002380                vListInitialise
 .text.vListInitialiseItem
                0x00000000080023c0       0x1a ./common/FreeRTOS/list.o
                0x00000000080023c0                vListInitialiseItem
 .text.vListInsertEnd
                0x00000000080023da       0x48 ./common/FreeRTOS/list.o
                0x00000000080023da                vListInsertEnd
 .text.vListInsert
                0x0000000008002422       0x72 ./common/FreeRTOS/list.o
                0x0000000008002422                vListInsert
 .text.uxListRemove
                0x0000000008002494       0x54 ./common/FreeRTOS/list.o
                0x0000000008002494                uxListRemove
 .text.xQueueGenericReset
                0x00000000080024e8       0xd0 ./common/FreeRTOS/queue.o
                0x00000000080024e8                xQueueGenericReset
 .text.xQueueGenericCreate
                0x00000000080025b8       0xbe ./common/FreeRTOS/queue.o
                0x00000000080025b8                xQueueGenericCreate
 .text.prvInitialiseNewQueue
                0x0000000008002676       0x52 ./common/FreeRTOS/queue.o
 .text.xQueueGenericSend
                0x00000000080026c8      0x24c ./common/FreeRTOS/queue.o
                0x00000000080026c8                xQueueGenericSend
 .text.xQueueGenericSendFromISR
                0x0000000008002914      0x17c ./common/FreeRTOS/queue.o
                0x0000000008002914                xQueueGenericSendFromISR
 .text.xQueueReceive
                0x0000000008002a90      0x220 ./common/FreeRTOS/queue.o
                0x0000000008002a90                xQueueReceive
 .text.prvCopyDataToQueue
                0x0000000008002cb0       0xd4 ./common/FreeRTOS/queue.o
 .text.prvCopyDataFromQueue
                0x0000000008002d84       0x4c ./common/FreeRTOS/queue.o
 .text.prvUnlockQueue
                0x0000000008002dd0       0xa4 ./common/FreeRTOS/queue.o
 .text.prvIsQueueEmpty
                0x0000000008002e74       0x2c ./common/FreeRTOS/queue.o
 .text.prvIsQueueFull
                0x0000000008002ea0       0x30 ./common/FreeRTOS/queue.o
 .text.vQueueAddToRegistry
                0x0000000008002ed0       0x64 ./common/FreeRTOS/queue.o
                0x0000000008002ed0                vQueueAddToRegistry
 .text.vQueueWaitForMessageRestricted
                0x0000000008002f34       0x68 ./common/FreeRTOS/queue.o
                0x0000000008002f34                vQueueWaitForMessageRestricted
 .text.xTaskCreate
                0x0000000008002f9c       0x82 ./common/FreeRTOS/tasks.o
                0x0000000008002f9c                xTaskCreate
 .text.prvInitialiseNewTask
                0x000000000800301e      0x12c ./common/FreeRTOS/tasks.o
 *fill*         0x000000000800314a        0x2 
 .text.prvAddNewTaskToReadyList
                0x000000000800314c      0x118 ./common/FreeRTOS/tasks.o
 .text.vTaskStartScheduler
                0x0000000008003264       0xc4 ./common/FreeRTOS/tasks.o
                0x0000000008003264                vTaskStartScheduler
 .text.vTaskSuspendAll
                0x0000000008003328       0x1c ./common/FreeRTOS/tasks.o
                0x0000000008003328                vTaskSuspendAll
 .text.xTaskResumeAll
                0x0000000008003344      0x140 ./common/FreeRTOS/tasks.o
                0x0000000008003344                xTaskResumeAll
 .text.xTaskGetTickCount
                0x0000000008003484       0x20 ./common/FreeRTOS/tasks.o
                0x0000000008003484                xTaskGetTickCount
 .text.xTaskGetTickCountFromISR
                0x00000000080034a4       0x24 ./common/FreeRTOS/tasks.o
                0x00000000080034a4                xTaskGetTickCountFromISR
 .text.xTaskIncrementTick
                0x00000000080034c8      0x178 ./common/FreeRTOS/tasks.o
                0x00000000080034c8                xTaskIncrementTick
 .text.vTaskSwitchContext
                0x0000000008003640       0xd4 ./common/FreeRTOS/tasks.o
                0x0000000008003640                vTaskSwitchContext
 .text.vTaskPlaceOnEventList
                0x0000000008003714       0x48 ./common/FreeRTOS/tasks.o
                0x0000000008003714                vTaskPlaceOnEventList
 .text.vTaskPlaceOnEventListRestricted
                0x000000000800375c       0x5c ./common/FreeRTOS/tasks.o
                0x000000000800375c                vTaskPlaceOnEventListRestricted
 .text.xTaskRemoveFromEventList
                0x00000000080037b8       0xcc ./common/FreeRTOS/tasks.o
                0x00000000080037b8                xTaskRemoveFromEventList
 .text.vTaskInternalSetTimeOutState
                0x0000000008003884       0x2c ./common/FreeRTOS/tasks.o
                0x0000000008003884                vTaskInternalSetTimeOutState
 .text.xTaskCheckForTimeOut
                0x00000000080038b0       0xcc ./common/FreeRTOS/tasks.o
                0x00000000080038b0                xTaskCheckForTimeOut
 .text.vTaskMissedYield
                0x000000000800397c       0x18 ./common/FreeRTOS/tasks.o
                0x000000000800397c                vTaskMissedYield
 .text.prvIdleTask
                0x0000000008003994       0x30 ./common/FreeRTOS/tasks.o
 .text.prvInitialiseTaskLists
                0x00000000080039c4       0x80 ./common/FreeRTOS/tasks.o
 .text.prvCheckTasksWaitingTermination
                0x0000000008003a44       0x5c ./common/FreeRTOS/tasks.o
 .text.prvDeleteTCB
                0x0000000008003aa0       0x20 ./common/FreeRTOS/tasks.o
 .text.prvResetNextTaskUnblockTime
                0x0000000008003ac0       0x38 ./common/FreeRTOS/tasks.o
 .text.xTaskGetSchedulerState
                0x0000000008003af8       0x3c ./common/FreeRTOS/tasks.o
                0x0000000008003af8                xTaskGetSchedulerState
 .text.xTaskPriorityDisinherit
                0x0000000008003b34      0x100 ./common/FreeRTOS/tasks.o
                0x0000000008003b34                xTaskPriorityDisinherit
 .text.prvAddCurrentTaskToDelayedList
                0x0000000008003c34       0xf0 ./common/FreeRTOS/tasks.o
 .text.xTimerCreateTimerTask
                0x0000000008003d24       0x64 ./common/FreeRTOS/timers.o
                0x0000000008003d24                xTimerCreateTimerTask
 .text.xTimerGenericCommand
                0x0000000008003d88       0x9c ./common/FreeRTOS/timers.o
                0x0000000008003d88                xTimerGenericCommand
 .text.prvProcessExpiredTimer
                0x0000000008003e24       0x98 ./common/FreeRTOS/timers.o
 .text.prvTimerTask
                0x0000000008003ebc       0x24 ./common/FreeRTOS/timers.o
 .text.prvProcessTimerOrBlockTask
                0x0000000008003ee0       0x9c ./common/FreeRTOS/timers.o
 .text.prvGetNextExpireTime
                0x0000000008003f7c       0x48 ./common/FreeRTOS/timers.o
 .text.prvSampleTimeNow
                0x0000000008003fc4       0x40 ./common/FreeRTOS/timers.o
 .text.prvInsertTimerInActiveList
                0x0000000008004004       0x84 ./common/FreeRTOS/timers.o
 .text.prvProcessReceivedCommands
                0x0000000008004088      0x18c ./common/FreeRTOS/timers.o
 .text.prvSwitchTimerLists
                0x0000000008004214       0xc8 ./common/FreeRTOS/timers.o
 .text.prvCheckForValidListAndQueue
                0x00000000080042dc       0x6c ./common/FreeRTOS/timers.o
 .text.pxPortInitialiseStack
                0x0000000008004348       0x68 ./common/FreeRTOS/portable/GCC/ARM_CM4F/port.o
                0x0000000008004348                pxPortInitialiseStack
 .text.prvTaskExitError
                0x00000000080043b0       0x58 ./common/FreeRTOS/portable/GCC/ARM_CM4F/port.o
 *fill*         0x0000000008004408        0x8 
 .text.SVC_Handler
                0x0000000008004410       0x28 ./common/FreeRTOS/portable/GCC/ARM_CM4F/port.o
                0x0000000008004410                SVC_Handler
 .text.prvPortStartFirstTask
                0x0000000008004438       0x2c ./common/FreeRTOS/portable/GCC/ARM_CM4F/port.o
 .text.xPortStartScheduler
                0x0000000008004464      0x144 ./common/FreeRTOS/portable/GCC/ARM_CM4F/port.o
                0x0000000008004464                xPortStartScheduler
 .text.vInitPrioGroupValue
                0x00000000080045a8       0xfc ./common/FreeRTOS/portable/GCC/ARM_CM4F/port.o
                0x00000000080045a8                vInitPrioGroupValue
 .text.vPortEnterCritical
                0x00000000080046a4       0x60 ./common/FreeRTOS/portable/GCC/ARM_CM4F/port.o
                0x00000000080046a4                vPortEnterCritical
 .text.vPortExitCritical
                0x0000000008004704       0x54 ./common/FreeRTOS/portable/GCC/ARM_CM4F/port.o
                0x0000000008004704                vPortExitCritical
 *fill*         0x0000000008004758        0x8 
 .text.PendSV_Handler
                0x0000000008004760       0x68 ./common/FreeRTOS/portable/GCC/ARM_CM4F/port.o
                0x0000000008004760                PendSV_Handler
 .text.SysTick_Handler
                0x00000000080047c8       0x54 ./common/FreeRTOS/portable/GCC/ARM_CM4F/port.o
                0x00000000080047c8                SysTick_Handler
 .text.vPortSetupTimerInterrupt
                0x000000000800481c       0x48 ./common/FreeRTOS/portable/GCC/ARM_CM4F/port.o
                0x000000000800481c                vPortSetupTimerInterrupt
 .text.vPortEnableVFP
                0x0000000008004864       0x18 ./common/FreeRTOS/portable/GCC/ARM_CM4F/port.o
 .text.vPortValidateInterruptPriority
                0x000000000800487c       0x80 ./common/FreeRTOS/portable/GCC/ARM_CM4F/port.o
                0x000000000800487c                vPortValidateInterruptPriority
 .text.pvPortMalloc
                0x00000000080048fc      0x1c0 ./common/FreeRTOS/portable/MemMang/heap_4.o
                0x00000000080048fc                pvPortMalloc
 .text.vPortFree
                0x0000000008004abc       0xc4 ./common/FreeRTOS/portable/MemMang/heap_4.o
                0x0000000008004abc                vPortFree
 .text.prvHeapInit
                0x0000000008004b80       0xc4 ./common/FreeRTOS/portable/MemMang/heap_4.o
 .text.prvInsertBlockIntoFreeList
                0x0000000008004c44       0xb4 ./common/FreeRTOS/portable/MemMang/heap_4.o
 .text._DoInit  0x0000000008004cf8       0xb4 ./common/SEGGER/SEGGER/SEGGER_RTT.o
 .text.SEGGER_RTT_ReadNoLock
                0x0000000008004dac      0x10c ./common/SEGGER/SEGGER/SEGGER_RTT.o
                0x0000000008004dac                SEGGER_RTT_ReadNoLock
 .text.SEGGER_RTT_AllocUpBuffer
                0x0000000008004eb8      0x108 ./common/SEGGER/SEGGER/SEGGER_RTT.o
                0x0000000008004eb8                SEGGER_RTT_AllocUpBuffer
 .text.SEGGER_RTT_ConfigDownBuffer
                0x0000000008004fc0       0x98 ./common/SEGGER/SEGGER/SEGGER_RTT.o
                0x0000000008004fc0                SEGGER_RTT_ConfigDownBuffer
 .text._EncodeStr
                0x0000000008005058       0xa0 ./common/SEGGER/SEGGER/SEGGER_SYSVIEW.o
 .text._PreparePacket
                0x00000000080050f8       0x18 ./common/SEGGER/SEGGER/SEGGER_SYSVIEW.o
 .text._HandleIncomingPacket
                0x0000000008005110       0xe0 ./common/SEGGER/SEGGER/SEGGER_SYSVIEW.o
 .text._TrySendOverflowPacket
                0x00000000080051f0       0xe4 ./common/SEGGER/SEGGER/SEGGER_SYSVIEW.o
 .text._SendPacket
                0x00000000080052d4      0x2dc ./common/SEGGER/SEGGER/SEGGER_SYSVIEW.o
 .text._StoreChar
                0x00000000080055b0       0xf6 ./common/SEGGER/SEGGER/SEGGER_SYSVIEW.o
 *fill*         0x00000000080056a6        0x2 
 .text._PrintUnsigned
                0x00000000080056a8      0x12c ./common/SEGGER/SEGGER/SEGGER_SYSVIEW.o
 .text._PrintInt
                0x00000000080057d4      0x11e ./common/SEGGER/SEGGER/SEGGER_SYSVIEW.o
 *fill*         0x00000000080058f2        0x2 
 .text._VPrintTarget
                0x00000000080058f4      0x3f0 ./common/SEGGER/SEGGER/SEGGER_SYSVIEW.o
 .text.SEGGER_SYSVIEW_Init
                0x0000000008005ce4       0x88 ./common/SEGGER/SEGGER/SEGGER_SYSVIEW.o
                0x0000000008005ce4                SEGGER_SYSVIEW_Init
 .text.SEGGER_SYSVIEW_SetRAMBase
                0x0000000008005d6c       0x20 ./common/SEGGER/SEGGER/SEGGER_SYSVIEW.o
                0x0000000008005d6c                SEGGER_SYSVIEW_SetRAMBase
 .text.SEGGER_SYSVIEW_RecordVoid
                0x0000000008005d8c       0x3c ./common/SEGGER/SEGGER/SEGGER_SYSVIEW.o
                0x0000000008005d8c                SEGGER_SYSVIEW_RecordVoid
 .text.SEGGER_SYSVIEW_RecordU32
                0x0000000008005dc8       0x78 ./common/SEGGER/SEGGER/SEGGER_SYSVIEW.o
                0x0000000008005dc8                SEGGER_SYSVIEW_RecordU32
 .text.SEGGER_SYSVIEW_RecordU32x2
                0x0000000008005e40       0xb4 ./common/SEGGER/SEGGER/SEGGER_SYSVIEW.o
                0x0000000008005e40                SEGGER_SYSVIEW_RecordU32x2
 .text.SEGGER_SYSVIEW_RecordU32x3
                0x0000000008005ef4       0xec ./common/SEGGER/SEGGER/SEGGER_SYSVIEW.o
                0x0000000008005ef4                SEGGER_SYSVIEW_RecordU32x3
 .text.SEGGER_SYSVIEW_RecordU32x4
                0x0000000008005fe0      0x124 ./common/SEGGER/SEGGER/SEGGER_SYSVIEW.o
                0x0000000008005fe0                SEGGER_SYSVIEW_RecordU32x4
 .text.SEGGER_SYSVIEW_Start
                0x0000000008006104      0x174 ./common/SEGGER/SEGGER/SEGGER_SYSVIEW.o
                0x0000000008006104                SEGGER_SYSVIEW_Start
 .text.SEGGER_SYSVIEW_Stop
                0x0000000008006278       0x4c ./common/SEGGER/SEGGER/SEGGER_SYSVIEW.o
                0x0000000008006278                SEGGER_SYSVIEW_Stop
 .text.SEGGER_SYSVIEW_GetSysDesc
                0x00000000080062c4      0x134 ./common/SEGGER/SEGGER/SEGGER_SYSVIEW.o
                0x00000000080062c4                SEGGER_SYSVIEW_GetSysDesc
 .text.SEGGER_SYSVIEW_SendTaskInfo
                0x00000000080063f8      0x1c8 ./common/SEGGER/SEGGER/SEGGER_SYSVIEW.o
                0x00000000080063f8                SEGGER_SYSVIEW_SendTaskInfo
 .text.SEGGER_SYSVIEW_SendTaskList
                0x00000000080065c0       0x28 ./common/SEGGER/SEGGER/SEGGER_SYSVIEW.o
                0x00000000080065c0                SEGGER_SYSVIEW_SendTaskList
 .text.SEGGER_SYSVIEW_SendSysDesc
                0x00000000080065e8       0x48 ./common/SEGGER/SEGGER/SEGGER_SYSVIEW.o
                0x00000000080065e8                SEGGER_SYSVIEW_SendSysDesc
 .text.SEGGER_SYSVIEW_RecordSystime
                0x0000000008006630       0x64 ./common/SEGGER/SEGGER/SEGGER_SYSVIEW.o
                0x0000000008006630                SEGGER_SYSVIEW_RecordSystime
 .text.SEGGER_SYSVIEW_RecordEnterISR
                0x0000000008006694       0x84 ./common/SEGGER/SEGGER/SEGGER_SYSVIEW.o
                0x0000000008006694                SEGGER_SYSVIEW_RecordEnterISR
 .text.SEGGER_SYSVIEW_RecordExitISR
                0x0000000008006718       0x38 ./common/SEGGER/SEGGER/SEGGER_SYSVIEW.o
                0x0000000008006718                SEGGER_SYSVIEW_RecordExitISR
 .text.SEGGER_SYSVIEW_RecordExitISRToScheduler
                0x0000000008006750       0x38 ./common/SEGGER/SEGGER/SEGGER_SYSVIEW.o
                0x0000000008006750                SEGGER_SYSVIEW_RecordExitISRToScheduler
 .text.SEGGER_SYSVIEW_OnIdle
                0x0000000008006788       0x38 ./common/SEGGER/SEGGER/SEGGER_SYSVIEW.o
                0x0000000008006788                SEGGER_SYSVIEW_OnIdle
 .text.SEGGER_SYSVIEW_OnTaskCreate
                0x00000000080067c0       0x84 ./common/SEGGER/SEGGER/SEGGER_SYSVIEW.o
                0x00000000080067c0                SEGGER_SYSVIEW_OnTaskCreate
 .text.SEGGER_SYSVIEW_OnTaskStartExec
                0x0000000008006844       0x84 ./common/SEGGER/SEGGER/SEGGER_SYSVIEW.o
                0x0000000008006844                SEGGER_SYSVIEW_OnTaskStartExec
 .text.SEGGER_SYSVIEW_OnTaskStartReady
                0x00000000080068c8       0x84 ./common/SEGGER/SEGGER/SEGGER_SYSVIEW.o
                0x00000000080068c8                SEGGER_SYSVIEW_OnTaskStartReady
 .text.SEGGER_SYSVIEW_OnTaskStopReady
                0x000000000800694c       0xc0 ./common/SEGGER/SEGGER/SEGGER_SYSVIEW.o
                0x000000000800694c                SEGGER_SYSVIEW_OnTaskStopReady
 .text.SEGGER_SYSVIEW_ShrinkId
                0x0000000008006a0c       0x20 ./common/SEGGER/SEGGER/SEGGER_SYSVIEW.o
                0x0000000008006a0c                SEGGER_SYSVIEW_ShrinkId
 .text.SEGGER_SYSVIEW_SendModule
                0x0000000008006a2c      0x100 ./common/SEGGER/SEGGER/SEGGER_SYSVIEW.o
                0x0000000008006a2c                SEGGER_SYSVIEW_SendModule
 .text.SEGGER_SYSVIEW_SendModuleDescription
                0x0000000008006b2c       0x3c ./common/SEGGER/SEGGER/SEGGER_SYSVIEW.o
                0x0000000008006b2c                SEGGER_SYSVIEW_SendModuleDescription
 .text.SEGGER_SYSVIEW_SendNumModules
                0x0000000008006b68       0x7c ./common/SEGGER/SEGGER/SEGGER_SYSVIEW.o
                0x0000000008006b68                SEGGER_SYSVIEW_SendNumModules
 .text.SEGGER_SYSVIEW_PrintfTarget
                0x0000000008006be4       0x28 ./common/SEGGER/SEGGER/SEGGER_SYSVIEW.o
                0x0000000008006be4                SEGGER_SYSVIEW_PrintfTarget
 .text.SEGGER_SYSVIEW_Warn
                0x0000000008006c0c       0xb8 ./common/SEGGER/SEGGER/SEGGER_SYSVIEW.o
                0x0000000008006c0c                SEGGER_SYSVIEW_Warn
 .text._cbSendSystemDesc
                0x0000000008006cc4       0x1c ./common/SEGGER/config/SEGGER_SYSVIEW_Config_FreeRTOS.o
 .text.SEGGER_SYSVIEW_Conf
                0x0000000008006ce0       0x2c ./common/SEGGER/config/SEGGER_SYSVIEW_Config_FreeRTOS.o
                0x0000000008006ce0                SEGGER_SYSVIEW_Conf
 .text._cbSendTaskList
                0x0000000008006d0c       0x90 ./common/SEGGER/os/SEGGER_SYSVIEW_FreeRTOS.o
 .text._cbGetTime
                0x0000000008006d9c       0x86 ./common/SEGGER/os/SEGGER_SYSVIEW_FreeRTOS.o
 *fill*         0x0000000008006e22        0x2 
 .text.SYSVIEW_AddTask
                0x0000000008006e24       0xd0 ./common/SEGGER/os/SEGGER_SYSVIEW_FreeRTOS.o
                0x0000000008006e24                SYSVIEW_AddTask
 .text.SYSVIEW_SendTaskInfo
                0x0000000008006ef4       0x42 ./common/SEGGER/os/SEGGER_SYSVIEW_FreeRTOS.o
                0x0000000008006ef4                SYSVIEW_SendTaskInfo
 *fill*         0x0000000008006f36        0x2 
 .text.__libc_init_array
                0x0000000008006f38       0x48 c:/st/stm32cubeide_1.10.1/stm32cubeide/plugins/com.st.stm32cube.ide.mcu.externaltools.gnu-tools-for-stm32.10.3-2021.10.win32_1.0.0.202111181127/tools/bin/../lib/gcc/arm-none-eabi/10.3.1/../../../../arm-none-eabi/lib/thumb/v7e-m+fp/hard\libc_nano.a(lib_a-init.o)
                0x0000000008006f38                __libc_init_array
 .text.memcmp   0x0000000008006f80       0x20 c:/st/stm32cubeide_1.10.1/stm32cubeide/plugins/com.st.stm32cube.ide.mcu.externaltools.gnu-tools-for-stm32.10.3-2021.10.win32_1.0.0.202111181127/tools/bin/../lib/gcc/arm-none-eabi/10.3.1/../../../../arm-none-eabi/lib/thumb/v7e-m+fp/hard\libc_nano.a(lib_a-memcmp.o)
                0x0000000008006f80                memcmp
 .text.memcpy   0x0000000008006fa0       0x1c c:/st/stm32cubeide_1.10.1/stm32cubeide/plugins/com.st.stm32cube.ide.mcu.externaltools.gnu-tools-for-stm32.10.3-2021.10.win32_1.0.0.202111181127/tools/bin/../lib/gcc/arm-none-eabi/10.3.1/../../../../arm-none-eabi/lib/thumb/v7e-m+fp/hard\libc_nano.a(lib_a-memcpy-stub.o)
                0x0000000008006fa0                memcpy
 .text.memset   0x0000000008006fbc       0x10 c:/st/stm32cubeide_1.10.1/stm32cubeide/plugins/com.st.stm32cube.ide.mcu.externaltools.gnu-tools-for-stm32.10.3-2021.10.win32_1.0.0.202111181127/tools/bin/../lib/gcc/arm-none-eabi/10.3.1/../../../../arm-none-eabi/lib/thumb/v7e-m+fp/hard\libc_nano.a(lib_a-memset.o)
                0x0000000008006fbc                memset
 *(.glue_7)
 .glue_7        0x0000000008006fcc        0x0 linker stubs
 *(.glue_7t)
 .glue_7t       0x0000000008006fcc        0x0 linker stubs
 *(.eh_frame)
 .eh_frame      0x0000000008006fcc        0x0 c:/st/stm32cubeide_1.10.1/stm32cubeide/plugins/com.st.stm32cube.ide.mcu.externaltools.gnu-tools-for-stm32.10.3-2021.10.win32_1.0.0.202111181127/tools/bin/../lib/gcc/arm-none-eabi/10.3.1/thumb/v7e-m+fp/hard/crtbegin.o
 *(.init)
 .init          0x0000000008006fcc        0x4 c:/st/stm32cubeide_1.10.1/stm32cubeide/plugins/com.st.stm32cube.ide.mcu.externaltools.gnu-tools-for-stm32.10.3-2021.10.win32_1.0.0.202111181127/tools/bin/../lib/gcc/arm-none-eabi/10.3.1/thumb/v7e-m+fp/hard/crti.o
                0x0000000008006fcc                _init
 .init          0x0000000008006fd0        0x8 c:/st/stm32cubeide_1.10.1/stm32cubeide/plugins/com.st.stm32cube.ide.mcu.externaltools.gnu-tools-for-stm32.10.3-2021.10.win32_1.0.0.202111181127/tools/bin/../lib/gcc/arm-none-eabi/10.3.1/thumb/v7e-m+fp/hard/crtn.o
 *(.fini)
 .fini          0x0000000008006fd8        0x4 c:/st/stm32cubeide_1.10.1/stm32cubeide/plugins/com.st.stm32cube.ide.mcu.externaltools.gnu-tools-for-stm32.10.3-2021.10.win32_1.0.0.202111181127/tools/bin/../lib/gcc/arm-none-eabi/10.3.1/thumb/v7e-m+fp/hard/crti.o
                0x0000000008006fd8                _fini
 .fini          0x0000000008006fdc        0x8 c:/st/stm32cubeide_1.10.1/stm32cubeide/plugins/com.st.stm32cube.ide.mcu.externaltools.gnu-tools-for-stm32.10.3-2021.10.win32_1.0.0.202111181127/tools/bin/../lib/gcc/arm-none-eabi/10.3.1/thumb/v7e-m+fp/hard/crtn.o
                0x0000000008006fe4                . = ALIGN (0x4)
                0x0000000008006fe4                _etext = .

.vfp11_veneer   0x0000000008006fe4        0x0
 .vfp11_veneer  0x0000000008006fe4        0x0 linker stubs

.v4_bx          0x0000000008006fe4        0x0
 .v4_bx         0x0000000008006fe4        0x0 linker stubs

.iplt           0x0000000008006fe4        0x0
 .iplt          0x0000000008006fe4        0x0 c:/st/stm32cubeide_1.10.1/stm32cubeide/plugins/com.st.stm32cube.ide.mcu.externaltools.gnu-tools-for-stm32.10.3-2021.10.win32_1.0.0.202111181127/tools/bin/../lib/gcc/arm-none-eabi/10.3.1/thumb/v7e-m+fp/hard/crtbegin.o

.rodata         0x0000000008006fe4      0x174
                0x0000000008006fe4                . = ALIGN (0x4)
 *(.rodata)
 .rodata        0x0000000008006fe4       0x4b ./Core/Src/main.o
 *fill*         0x000000000800702f        0x1 
 .rodata        0x0000000008007030        0x5 ./common/FreeRTOS/tasks.o
 *fill*         0x0000000008007035        0x3 
 .rodata        0x0000000008007038        0xd ./common/FreeRTOS/timers.o
 *fill*         0x0000000008007045        0x3 
 .rodata        0x0000000008007048        0x9 ./common/SEGGER/SEGGER/SEGGER_RTT.o
 *fill*         0x0000000008007051        0x3 
 .rodata        0x0000000008007054        0x8 ./common/SEGGER/SEGGER/SEGGER_SYSVIEW.o
 .rodata        0x000000000800705c       0x51 ./common/SEGGER/config/SEGGER_SYSVIEW_Config_FreeRTOS.o
 *fill*         0x00000000080070ad        0x3 
 .rodata        0x00000000080070b0       0x58 ./common/SEGGER/os/SEGGER_SYSVIEW_FreeRTOS.o
 *(.rodata*)
 .rodata.AHBPrescTable
                0x0000000008007108       0x10 ./Core/Src/system_stm32f4xx.o
                0x0000000008007108                AHBPrescTable
 .rodata.APBPrescTable
                0x0000000008007118        0x8 ./Core/Src/system_stm32f4xx.o
                0x0000000008007118                APBPrescTable
 .rodata._aInitStr.0
                0x0000000008007120       0x11 ./common/SEGGER/SEGGER/SEGGER_RTT.o
 *fill*         0x0000000008007131        0x3 
 .rodata._abSync
                0x0000000008007134        0xa ./common/SEGGER/SEGGER/SEGGER_SYSVIEW.o
 *fill*         0x000000000800713e        0x2 
 .rodata._aV2C.0
                0x0000000008007140       0x10 ./common/SEGGER/SEGGER/SEGGER_SYSVIEW.o
 .rodata.SYSVIEW_X_OS_TraceAPI
                0x0000000008007150        0x8 ./common/SEGGER/os/SEGGER_SYSVIEW_FreeRTOS.o
                0x0000000008007150                SYSVIEW_X_OS_TraceAPI
                0x0000000008007158                . = ALIGN (0x4)

.ARM.extab      0x0000000008007158        0x0
                0x0000000008007158                . = ALIGN (0x4)
 *(.ARM.extab* .gnu.linkonce.armextab.*)
                0x0000000008007158                . = ALIGN (0x4)

.ARM            0x0000000008007158        0x8
                0x0000000008007158                . = ALIGN (0x4)
                0x0000000008007158                __exidx_start = .
 *(.ARM.exidx*)
 .ARM.exidx     0x0000000008007158        0x8 c:/st/stm32cubeide_1.10.1/stm32cubeide/plugins/com.st.stm32cube.ide.mcu.externaltools.gnu-tools-for-stm32.10.3-2021.10.win32_1.0.0.202111181127/tools/bin/../lib/gcc/arm-none-eabi/10.3.1/thumb/v7e-m+fp/hard\libgcc.a(_udivmoddi4.o)
                0x0000000008007160                __exidx_end = .
                0x0000000008007160                . = ALIGN (0x4)

.rel.dyn        0x0000000008007160        0x0
 .rel.iplt      0x0000000008007160        0x0 c:/st/stm32cubeide_1.10.1/stm32cubeide/plugins/com.st.stm32cube.ide.mcu.externaltools.gnu-tools-for-stm32.10.3-2021.10.win32_1.0.0.202111181127/tools/bin/../lib/gcc/arm-none-eabi/10.3.1/thumb/v7e-m+fp/hard/crtbegin.o

.preinit_array  0x0000000008007160        0x0
                0x0000000008007160                . = ALIGN (0x4)
                0x0000000008007160                PROVIDE (__preinit_array_start = .)
 *(.preinit_array*)
                0x0000000008007160                PROVIDE (__preinit_array_end = .)
                0x0000000008007160                . = ALIGN (0x4)

.init_array     0x0000000008007160        0x4
                0x0000000008007160                . = ALIGN (0x4)
                0x0000000008007160                PROVIDE (__init_array_start = .)
 *(SORT_BY_NAME(.init_array.*))
 *(.init_array*)
 .init_array    0x0000000008007160        0x4 c:/st/stm32cubeide_1.10.1/stm32cubeide/plugins/com.st.stm32cube.ide.mcu.externaltools.gnu-tools-for-stm32.10.3-2021.10.win32_1.0.0.202111181127/tools/bin/../lib/gcc/arm-none-eabi/10.3.1/thumb/v7e-m+fp/hard/crtbegin.o
                0x0000000008007164                PROVIDE (__init_array_end = .)
                0x0000000008007164                . = ALIGN (0x4)

.fini_array     0x0000000008007164        0x4
                0x0000000008007164                . = ALIGN (0x4)
                [!provide]                        PROVIDE (__fini_array_start = .)
 *(SORT_BY_NAME(.fini_array.*))
 *(.fini_array*)
 .fini_array    0x0000000008007164        0x4 c:/st/stm32cubeide_1.10.1/stm32cubeide/plugins/com.st.stm32cube.ide.mcu.externaltools.gnu-tools-for-stm32.10.3-2021.10.win32_1.0.0.202111181127/tools/bin/../lib/gcc/arm-none-eabi/10.3.1/thumb/v7e-m+fp/hard/crtbegin.o
                [!provide]                        PROVIDE (__fini_array_end = .)
                0x0000000008007168                . = ALIGN (0x4)
                0x0000000008007168                _sidata = LOADADDR (.data)

.data           0x0000000020000000       0x14 load address 0x0000000008007168
                0x0000000020000000                . = ALIGN (0x4)
                0x0000000020000000                _sdata = .
 *(.data)
 *(.data*)
 .data.SystemCoreClock
                0x0000000020000000        0x4 ./Core/Src/system_stm32f4xx.o
                0x0000000020000000                SystemCoreClock
 .data.uwTickPrio
                0x0000000020000004        0x4 ./Drivers/STM32F4xx_HAL_Driver/Src/stm32f4xx_hal.o
                0x0000000020000004                uwTickPrio
 .data.uwTickFreq
                0x0000000020000008        0x1 ./Drivers/STM32F4xx_HAL_Driver/Src/stm32f4xx_hal.o
                0x0000000020000008                uwTickFreq
 *fill*         0x0000000020000009        0x3 
 .data.uxTopUsedPriority
                0x000000002000000c        0x4 ./common/FreeRTOS/tasks.o
                0x000000002000000c                uxTopUsedPriority
 .data.uxCriticalNesting
                0x0000000020000010        0x4 ./common/FreeRTOS/portable/GCC/ARM_CM4F/port.o
 *(.RamFunc)
 *(.RamFunc*)
                0x0000000020000014                . = ALIGN (0x4)
                0x0000000020000014                _edata = .
                0x000000000800717c                _siccmram = LOADADDR (.ccmram)

.igot.plt       0x0000000020000014        0x0 load address 0x000000000800717c
 .igot.plt      0x0000000020000014        0x0 c:/st/stm32cubeide_1.10.1/stm32cubeide/plugins/com.st.stm32cube.ide.mcu.externaltools.gnu-tools-for-stm32.10.3-2021.10.win32_1.0.0.202111181127/tools/bin/../lib/gcc/arm-none-eabi/10.3.1/thumb/v7e-m+fp/hard/crtbegin.o

.ccmram         0x0000000010000000        0x0 load address 0x000000000800717c
                0x0000000010000000                . = ALIGN (0x4)
                0x0000000010000000                _sccmram = .
 *(.ccmram)
 *(.ccmram*)
                0x0000000010000000                . = ALIGN (0x4)
                0x0000000010000000                _eccmram = .
                0x0000000010000000                . = ALIGN (0x4)

.bss            0x0000000020000014    0x14488
                0x0000000020000014                _sbss = .
                0x0000000020000014                __bss_start__ = _sbss
 *(.bss)
 .bss           0x0000000020000014       0x1c c:/st/stm32cubeide_1.10.1/stm32cubeide/plugins/com.st.stm32cube.ide.mcu.externaltools.gnu-tools-for-stm32.10.3-2021.10.win32_1.0.0.202111181127/tools/bin/../lib/gcc/arm-none-eabi/10.3.1/thumb/v7e-m+fp/hard/crtbegin.o
 *(.bss*)
 .bss.htim6     0x0000000020000030       0x48 ./Core/Src/stm32f4xx_hal_timebase_tim.o
                0x0000000020000030                htim6
 .bss.uwTick    0x0000000020000078        0x4 ./Drivers/STM32F4xx_HAL_Driver/Src/stm32f4xx_hal.o
                0x0000000020000078                uwTick
 .bss.xQueueRegistry
                0x000000002000007c       0x40 ./common/FreeRTOS/queue.o
                0x000000002000007c                xQueueRegistry
 .bss.pxCurrentTCB
                0x00000000200000bc        0x4 ./common/FreeRTOS/tasks.o
                0x00000000200000bc                pxCurrentTCB
 .bss.pxReadyTasksLists
                0x00000000200000c0       0x64 ./common/FreeRTOS/tasks.o
 .bss.xDelayedTaskList1
                0x0000000020000124       0x14 ./common/FreeRTOS/tasks.o
 .bss.xDelayedTaskList2
                0x0000000020000138       0x14 ./common/FreeRTOS/tasks.o
 .bss.pxDelayedTaskList
                0x000000002000014c        0x4 ./common/FreeRTOS/tasks.o
 .bss.pxOverflowDelayedTaskList
                0x0000000020000150        0x4 ./common/FreeRTOS/tasks.o
 .bss.xPendingReadyList
                0x0000000020000154       0x14 ./common/FreeRTOS/tasks.o
 .bss.xTasksWaitingTermination
                0x0000000020000168       0x14 ./common/FreeRTOS/tasks.o
 .bss.uxDeletedTasksWaitingCleanUp
                0x000000002000017c        0x4 ./common/FreeRTOS/tasks.o
 .bss.xSuspendedTaskList
                0x0000000020000180       0x14 ./common/FreeRTOS/tasks.o
 .bss.uxCurrentNumberOfTasks
                0x0000000020000194        0x4 ./common/FreeRTOS/tasks.o
 .bss.xTickCount
                0x0000000020000198        0x4 ./common/FreeRTOS/tasks.o
 .bss.uxTopReadyPriority
                0x000000002000019c        0x4 ./common/FreeRTOS/tasks.o
 .bss.xSchedulerRunning
                0x00000000200001a0        0x4 ./common/FreeRTOS/tasks.o
 .bss.xPendedTicks
                0x00000000200001a4        0x4 ./common/FreeRTOS/tasks.o
 .bss.xYieldPending
                0x00000000200001a8        0x4 ./common/FreeRTOS/tasks.o
 .bss.xNumOfOverflows
                0x00000000200001ac        0x4 ./common/FreeRTOS/tasks.o
 .bss.uxTaskNumber
                0x00000000200001b0        0x4 ./common/FreeRTOS/tasks.o
 .bss.xNextTaskUnblockTime
                0x00000000200001b4        0x4 ./common/FreeRTOS/tasks.o
 .bss.xIdleTaskHandle
                0x00000000200001b8        0x4 ./common/FreeRTOS/tasks.o
 .bss.uxSchedulerSuspended
                0x00000000200001bc        0x4 ./common/FreeRTOS/tasks.o
 .bss.xActiveTimerList1
                0x00000000200001c0       0x14 ./common/FreeRTOS/timers.o
 .bss.xActiveTimerList2
                0x00000000200001d4       0x14 ./common/FreeRTOS/timers.o
 .bss.pxCurrentTimerList
                0x00000000200001e8        0x4 ./common/FreeRTOS/timers.o
 .bss.pxOverflowTimerList
                0x00000000200001ec        0x4 ./common/FreeRTOS/timers.o
 .bss.xTimerQueue
                0x00000000200001f0        0x4 ./common/FreeRTOS/timers.o
 .bss.xTimerTaskHandle
                0x00000000200001f4        0x4 ./common/FreeRTOS/timers.o
 .bss.xLastTime.0
                0x00000000200001f8        0x4 ./common/FreeRTOS/timers.o
 .bss.ucMaxSysCallPriority
                0x00000000200001fc        0x1 ./common/FreeRTOS/portable/GCC/ARM_CM4F/port.o
 *fill*         0x00000000200001fd        0x3 
 .bss.ulMaxPRIGROUPValue
                0x0000000020000200        0x4 ./common/FreeRTOS/portable/GCC/ARM_CM4F/port.o
 .bss.ucHeap    0x0000000020000204    0x12c00 ./common/FreeRTOS/portable/MemMang/heap_4.o
 .bss.xStart    0x0000000020012e04        0x8 ./common/FreeRTOS/portable/MemMang/heap_4.o
 .bss.pxEnd     0x0000000020012e0c        0x4 ./common/FreeRTOS/portable/MemMang/heap_4.o
 .bss.xFreeBytesRemaining
                0x0000000020012e10        0x4 ./common/FreeRTOS/portable/MemMang/heap_4.o
 .bss.xMinimumEverFreeBytesRemaining
                0x0000000020012e14        0x4 ./common/FreeRTOS/portable/MemMang/heap_4.o
 .bss.xNumberOfSuccessfulAllocations
                0x0000000020012e18        0x4 ./common/FreeRTOS/portable/MemMang/heap_4.o
 .bss.xNumberOfSuccessfulFrees
                0x0000000020012e1c        0x4 ./common/FreeRTOS/portable/MemMang/heap_4.o
 .bss.xBlockAllocatedBit
                0x0000000020012e20        0x4 ./common/FreeRTOS/portable/MemMang/heap_4.o
 .bss._SEGGER_RTT
                0x0000000020012e24       0xa8 ./common/SEGGER/SEGGER/SEGGER_RTT.o
                0x0000000020012e24                _SEGGER_RTT
 .bss._acUpBuffer
                0x0000000020012ecc      0x400 ./common/SEGGER/SEGGER/SEGGER_RTT.o
 .bss._acDownBuffer
                0x00000000200132cc       0x10 ./common/SEGGER/SEGGER/SEGGER_RTT.o
 .bss._UpBuffer
                0x00000000200132dc     0x1000 ./common/SEGGER/SEGGER/SEGGER_SYSVIEW.o
 .bss._DownBuffer
                0x00000000200142dc        0x8 ./common/SEGGER/SEGGER/SEGGER_SYSVIEW.o
 .bss._SYSVIEW_Globals
                0x00000000200142e4       0x28 ./common/SEGGER/SEGGER/SEGGER_SYSVIEW.o
 .bss._pFirstModule
                0x000000002001430c        0x4 ./common/SEGGER/SEGGER/SEGGER_SYSVIEW.o
 .bss._NumModules
                0x0000000020014310        0x1 ./common/SEGGER/SEGGER/SEGGER_SYSVIEW.o
 *fill*         0x0000000020014311        0x3 
 .bss._aPacket  0x0000000020014314       0xe3 ./common/SEGGER/SEGGER/SEGGER_SYSVIEW.o
 *fill*         0x00000000200143f7        0x1 
 .bss._aTasks   0x00000000200143f8       0xa0 ./common/SEGGER/os/SEGGER_SYSVIEW_FreeRTOS.o
 .bss._NumTasks
                0x0000000020014498        0x4 ./common/SEGGER/os/SEGGER_SYSVIEW_FreeRTOS.o
 *(COMMON)
                0x000000002001449c                . = ALIGN (0x4)
                0x000000002001449c                _ebss = .
                0x000000002001449c                __bss_end__ = _ebss

._user_heap_stack
                0x000000002001449c      0x604
                0x00000000200144a0                . = ALIGN (0x8)
 *fill*         0x000000002001449c        0x4 
                [!provide]                        PROVIDE (end = .)
                0x00000000200144a0                PROVIDE (_end = .)
                0x00000000200146a0                . = (. + _Min_Heap_Size)
 *fill*         0x00000000200144a0      0x200 
                0x0000000020014aa0                . = (. + _Min_Stack_Size)
 *fill*         0x00000000200146a0      0x400 
                0x0000000020014aa0                . = ALIGN (0x8)

/DISCARD/
 libc.a(*)
 libm.a(*)
 libgcc.a(*)

.ARM.attributes
                0x0000000000000000       0x30
 *(.ARM.attributes)
 .ARM.attributes
                0x0000000000000000       0x1e c:/st/stm32cubeide_1.10.1/stm32cubeide/plugins/com.st.stm32cube.ide.mcu.externaltools.gnu-tools-for-stm32.10.3-2021.10.win32_1.0.0.202111181127/tools/bin/../lib/gcc/arm-none-eabi/10.3.1/thumb/v7e-m+fp/hard/crti.o
 .ARM.attributes
                0x000000000000001e       0x34 c:/st/stm32cubeide_1.10.1/stm32cubeide/plugins/com.st.stm32cube.ide.mcu.externaltools.gnu-tools-for-stm32.10.3-2021.10.win32_1.0.0.202111181127/tools/bin/../lib/gcc/arm-none-eabi/10.3.1/thumb/v7e-m+fp/hard/crtbegin.o
 .ARM.attributes
                0x0000000000000052       0x34 ./Core/Src/main.o
 .ARM.attributes
                0x0000000000000086       0x34 ./Core/Src/stm32f4xx_hal_msp.o
 .ARM.attributes
                0x00000000000000ba       0x34 ./Core/Src/stm32f4xx_hal_timebase_tim.o
 .ARM.attributes
                0x00000000000000ee       0x34 ./Core/Src/stm32f4xx_it.o
 .ARM.attributes
                0x0000000000000122       0x34 ./Core/Src/system_stm32f4xx.o
 .ARM.attributes
                0x0000000000000156       0x21 ./Core/Startup/startup_stm32f429zitx.o
 .ARM.attributes
                0x0000000000000177       0x34 ./Drivers/STM32F4xx_HAL_Driver/Src/stm32f4xx_hal.o
 .ARM.attributes
                0x00000000000001ab       0x34 ./Drivers/STM32F4xx_HAL_Driver/Src/stm32f4xx_hal_cortex.o
 .ARM.attributes
                0x00000000000001df       0x34 ./Drivers/STM32F4xx_HAL_Driver/Src/stm32f4xx_hal_gpio.o
 .ARM.attributes
                0x0000000000000213       0x34 ./Drivers/STM32F4xx_HAL_Driver/Src/stm32f4xx_hal_rcc.o
 .ARM.attributes
                0x0000000000000247       0x34 ./Drivers/STM32F4xx_HAL_Driver/Src/stm32f4xx_hal_tim.o
 .ARM.attributes
                0x000000000000027b       0x34 ./Drivers/STM32F4xx_HAL_Driver/Src/stm32f4xx_hal_tim_ex.o
 .ARM.attributes
                0x00000000000002af       0x34 ./common/FreeRTOS/list.o
 .ARM.attributes
                0x00000000000002e3       0x34 ./common/FreeRTOS/queue.o
 .ARM.attributes
                0x0000000000000317       0x34 ./common/FreeRTOS/tasks.o
 .ARM.attributes
                0x000000000000034b       0x34 ./common/FreeRTOS/timers.o
 .ARM.attributes
                0x000000000000037f       0x34 ./common/FreeRTOS/portable/GCC/ARM_CM4F/port.o
 .ARM.attributes
                0x00000000000003b3       0x34 ./common/FreeRTOS/portable/MemMang/heap_4.o
 .ARM.attributes
                0x00000000000003e7       0x34 ./common/SEGGER/SEGGER/SEGGER_RTT.o
 .ARM.attributes
                0x000000000000041b       0x20 ./common/SEGGER/SEGGER/SEGGER_RTT_ASM_ARMv7M.o
 .ARM.attributes
                0x000000000000043b       0x34 ./common/SEGGER/SEGGER/SEGGER_SYSVIEW.o
 .ARM.attributes
                0x000000000000046f       0x34 ./common/SEGGER/config/SEGGER_SYSVIEW_Config_FreeRTOS.o
 .ARM.attributes
                0x00000000000004a3       0x34 ./common/SEGGER/os/SEGGER_SYSVIEW_FreeRTOS.o
 .ARM.attributes
                0x00000000000004d7       0x34 c:/st/stm32cubeide_1.10.1/stm32cubeide/plugins/com.st.stm32cube.ide.mcu.externaltools.gnu-tools-for-stm32.10.3-2021.10.win32_1.0.0.202111181127/tools/bin/../lib/gcc/arm-none-eabi/10.3.1/../../../../arm-none-eabi/lib/thumb/v7e-m+fp/hard\libc_nano.a(lib_a-init.o)
 .ARM.attributes
                0x000000000000050b       0x34 c:/st/stm32cubeide_1.10.1/stm32cubeide/plugins/com.st.stm32cube.ide.mcu.externaltools.gnu-tools-for-stm32.10.3-2021.10.win32_1.0.0.202111181127/tools/bin/../lib/gcc/arm-none-eabi/10.3.1/../../../../arm-none-eabi/lib/thumb/v7e-m+fp/hard\libc_nano.a(lib_a-memcmp.o)
 .ARM.attributes
                0x000000000000053f       0x34 c:/st/stm32cubeide_1.10.1/stm32cubeide/plugins/com.st.stm32cube.ide.mcu.externaltools.gnu-tools-for-stm32.10.3-2021.10.win32_1.0.0.202111181127/tools/bin/../lib/gcc/arm-none-eabi/10.3.1/../../../../arm-none-eabi/lib/thumb/v7e-m+fp/hard\libc_nano.a(lib_a-memcpy-stub.o)
 .ARM.attributes
                0x0000000000000573       0x34 c:/st/stm32cubeide_1.10.1/stm32cubeide/plugins/com.st.stm32cube.ide.mcu.externaltools.gnu-tools-for-stm32.10.3-2021.10.win32_1.0.0.202111181127/tools/bin/../lib/gcc/arm-none-eabi/10.3.1/../../../../arm-none-eabi/lib/thumb/v7e-m+fp/hard\libc_nano.a(lib_a-memset.o)
 .ARM.attributes
                0x00000000000005a7       0x1e c:/st/stm32cubeide_1.10.1/stm32cubeide/plugins/com.st.stm32cube.ide.mcu.externaltools.gnu-tools-for-stm32.10.3-2021.10.win32_1.0.0.202111181127/tools/bin/../lib/gcc/arm-none-eabi/10.3.1/thumb/v7e-m+fp/hard\libgcc.a(_aeabi_uldivmod.o)
 .ARM.attributes
                0x00000000000005c5       0x34 c:/st/stm32cubeide_1.10.1/stm32cubeide/plugins/com.st.stm32cube.ide.mcu.externaltools.gnu-tools-for-stm32.10.3-2021.10.win32_1.0.0.202111181127/tools/bin/../lib/gcc/arm-none-eabi/10.3.1/thumb/v7e-m+fp/hard\libgcc.a(_udivmoddi4.o)
 .ARM.attributes
                0x00000000000005f9       0x1e c:/st/stm32cubeide_1.10.1/stm32cubeide/plugins/com.st.stm32cube.ide.mcu.externaltools.gnu-tools-for-stm32.10.3-2021.10.win32_1.0.0.202111181127/tools/bin/../lib/gcc/arm-none-eabi/10.3.1/thumb/v7e-m+fp/hard\libgcc.a(_dvmd_tls.o)
 .ARM.attributes
                0x0000000000000617       0x1e c:/st/stm32cubeide_1.10.1/stm32cubeide/plugins/com.st.stm32cube.ide.mcu.externaltools.gnu-tools-for-stm32.10.3-2021.10.win32_1.0.0.202111181127/tools/bin/../lib/gcc/arm-none-eabi/10.3.1/thumb/v7e-m+fp/hard/crtn.o
OUTPUT(LED001.elf elf32-littlearm)
LOAD linker stubs
LOAD c:/st/stm32cubeide_1.10.1/stm32cubeide/plugins/com.st.stm32cube.ide.mcu.externaltools.gnu-tools-for-stm32.10.3-2021.10.win32_1.0.0.202111181127/tools/bin/../lib/gcc/arm-none-eabi/10.3.1/../../../../arm-none-eabi/lib/thumb/v7e-m+fp/hard\libc.a
LOAD c:/st/stm32cubeide_1.10.1/stm32cubeide/plugins/com.st.stm32cube.ide.mcu.externaltools.gnu-tools-for-stm32.10.3-2021.10.win32_1.0.0.202111181127/tools/bin/../lib/gcc/arm-none-eabi/10.3.1/../../../../arm-none-eabi/lib/thumb/v7e-m+fp/hard\libm.a
LOAD c:/st/stm32cubeide_1.10.1/stm32cubeide/plugins/com.st.stm32cube.ide.mcu.externaltools.gnu-tools-for-stm32.10.3-2021.10.win32_1.0.0.202111181127/tools/bin/../lib/gcc/arm-none-eabi/10.3.1/thumb/v7e-m+fp/hard\libgcc.a

.debug_info     0x0000000000000000    0x14415
 .debug_info    0x0000000000000000      0xf78 ./Core/Src/main.o
 .debug_info    0x0000000000000f78      0x2d3 ./Core/Src/stm32f4xx_hal_msp.o
 .debug_info    0x000000000000124b      0xc9d ./Core/Src/stm32f4xx_hal_timebase_tim.o
 .debug_info    0x0000000000001ee8      0x6f8 ./Core/Src/stm32f4xx_it.o
 .debug_info    0x00000000000025e0      0x53f ./Core/Src/system_stm32f4xx.o
 .debug_info    0x0000000000002b1f       0x22 ./Core/Startup/startup_stm32f429zitx.o
 .debug_info    0x0000000000002b41      0x9f4 ./Drivers/STM32F4xx_HAL_Driver/Src/stm32f4xx_hal.o
 .debug_info    0x0000000000003535      0xe51 ./Drivers/STM32F4xx_HAL_Driver/Src/stm32f4xx_hal_cortex.o
 .debug_info    0x0000000000004386      0x786 ./Drivers/STM32F4xx_HAL_Driver/Src/stm32f4xx_hal_gpio.o
 .debug_info    0x0000000000004b0c      0x982 ./Drivers/STM32F4xx_HAL_Driver/Src/stm32f4xx_hal_rcc.o
 .debug_info    0x000000000000548e     0x2bbe ./Drivers/STM32F4xx_HAL_Driver/Src/stm32f4xx_hal_tim.o
 .debug_info    0x000000000000804c     0x15e0 ./Drivers/STM32F4xx_HAL_Driver/Src/stm32f4xx_hal_tim_ex.o
 .debug_info    0x000000000000962c      0x2d1 ./common/FreeRTOS/list.o
 .debug_info    0x00000000000098fd     0x1988 ./common/FreeRTOS/queue.o
 .debug_info    0x000000000000b285     0x23e7 ./common/FreeRTOS/tasks.o
 .debug_info    0x000000000000d66c      0xedd ./common/FreeRTOS/timers.o
 .debug_info    0x000000000000e549      0x5ca ./common/FreeRTOS/portable/GCC/ARM_CM4F/port.o
 .debug_info    0x000000000000eb13      0x50d ./common/FreeRTOS/portable/MemMang/heap_4.o
 .debug_info    0x000000000000f020     0x15df ./common/SEGGER/SEGGER/SEGGER_RTT.o
 .debug_info    0x00000000000105ff       0x26 ./common/SEGGER/SEGGER/SEGGER_RTT_ASM_ARMv7M.o
 .debug_info    0x0000000000010625     0x3832 ./common/SEGGER/SEGGER/SEGGER_SYSVIEW.o
 .debug_info    0x0000000000013e57      0x181 ./common/SEGGER/config/SEGGER_SYSVIEW_Config_FreeRTOS.o
 .debug_info    0x0000000000013fd8      0x43d ./common/SEGGER/os/SEGGER_SYSVIEW_FreeRTOS.o

.debug_abbrev   0x0000000000000000     0x2d54
 .debug_abbrev  0x0000000000000000      0x304 ./Core/Src/main.o
 .debug_abbrev  0x0000000000000304       0xe7 ./Core/Src/stm32f4xx_hal_msp.o
 .debug_abbrev  0x00000000000003eb      0x1e6 ./Core/Src/stm32f4xx_hal_timebase_tim.o
 .debug_abbrev  0x00000000000005d1      0x171 ./Core/Src/stm32f4xx_it.o
 .debug_abbrev  0x0000000000000742      0x116 ./Core/Src/system_stm32f4xx.o
 .debug_abbrev  0x0000000000000858       0x12 ./Core/Startup/startup_stm32f429zitx.o
 .debug_abbrev  0x000000000000086a      0x20d ./Drivers/STM32F4xx_HAL_Driver/Src/stm32f4xx_hal.o
 .debug_abbrev  0x0000000000000a77      0x316 ./Drivers/STM32F4xx_HAL_Driver/Src/stm32f4xx_hal_cortex.o
 .debug_abbrev  0x0000000000000d8d      0x1c4 ./Drivers/STM32F4xx_HAL_Driver/Src/stm32f4xx_hal_gpio.o
 .debug_abbrev  0x0000000000000f51      0x2aa ./Drivers/STM32F4xx_HAL_Driver/Src/stm32f4xx_hal_rcc.o
 .debug_abbrev  0x00000000000011fb      0x25d ./Drivers/STM32F4xx_HAL_Driver/Src/stm32f4xx_hal_tim.o
 .debug_abbrev  0x0000000000001458      0x265 ./Drivers/STM32F4xx_HAL_Driver/Src/stm32f4xx_hal_tim_ex.o
 .debug_abbrev  0x00000000000016bd       0xf2 ./common/FreeRTOS/list.o
 .debug_abbrev  0x00000000000017af      0x312 ./common/FreeRTOS/queue.o
 .debug_abbrev  0x0000000000001ac1      0x39f ./common/FreeRTOS/tasks.o
 .debug_abbrev  0x0000000000001e60      0x2d8 ./common/FreeRTOS/timers.o
 .debug_abbrev  0x0000000000002138      0x259 ./common/FreeRTOS/portable/GCC/ARM_CM4F/port.o
 .debug_abbrev  0x0000000000002391      0x212 ./common/FreeRTOS/portable/MemMang/heap_4.o
 .debug_abbrev  0x00000000000025a3      0x216 ./common/SEGGER/SEGGER/SEGGER_RTT.o
 .debug_abbrev  0x00000000000027b9       0x14 ./common/SEGGER/SEGGER/SEGGER_RTT_ASM_ARMv7M.o
 .debug_abbrev  0x00000000000027cd      0x30c ./common/SEGGER/SEGGER/SEGGER_SYSVIEW.o
 .debug_abbrev  0x0000000000002ad9       0xdd ./common/SEGGER/config/SEGGER_SYSVIEW_Config_FreeRTOS.o
 .debug_abbrev  0x0000000000002bb6      0x19e ./common/SEGGER/os/SEGGER_SYSVIEW_FreeRTOS.o

.debug_aranges  0x0000000000000000     0x12e8
 .debug_aranges
                0x0000000000000000       0x50 ./Core/Src/main.o
 .debug_aranges
                0x0000000000000050       0x20 ./Core/Src/stm32f4xx_hal_msp.o
 .debug_aranges
                0x0000000000000070       0x30 ./Core/Src/stm32f4xx_hal_timebase_tim.o
 .debug_aranges
                0x00000000000000a0       0x50 ./Core/Src/stm32f4xx_it.o
 .debug_aranges
                0x00000000000000f0       0x28 ./Core/Src/system_stm32f4xx.o
 .debug_aranges
                0x0000000000000118       0x28 ./Core/Startup/startup_stm32f429zitx.o
 .debug_aranges
                0x0000000000000140      0x100 ./Drivers/STM32F4xx_HAL_Driver/Src/stm32f4xx_hal.o
 .debug_aranges
                0x0000000000000240      0x118 ./Drivers/STM32F4xx_HAL_Driver/Src/stm32f4xx_hal_cortex.o
 .debug_aranges
                0x0000000000000358       0x58 ./Drivers/STM32F4xx_HAL_Driver/Src/stm32f4xx_hal_gpio.o
 .debug_aranges
                0x00000000000003b0       0x88 ./Drivers/STM32F4xx_HAL_Driver/Src/stm32f4xx_hal_rcc.o
 .debug_aranges
                0x0000000000000438      0x3d0 ./Drivers/STM32F4xx_HAL_Driver/Src/stm32f4xx_hal_tim.o
 .debug_aranges
                0x0000000000000808      0x168 ./Drivers/STM32F4xx_HAL_Driver/Src/stm32f4xx_hal_tim_ex.o
 .debug_aranges
                0x0000000000000970       0x40 ./common/FreeRTOS/list.o
 .debug_aranges
                0x00000000000009b0      0x130 ./common/FreeRTOS/queue.o
 .debug_aranges
                0x0000000000000ae0      0x208 ./common/FreeRTOS/tasks.o
 .debug_aranges
                0x0000000000000ce8       0xd8 ./common/FreeRTOS/timers.o
 .debug_aranges
                0x0000000000000dc0       0x88 ./common/FreeRTOS/portable/GCC/ARM_CM4F/port.o
 .debug_aranges
                0x0000000000000e48       0x58 ./common/FreeRTOS/portable/MemMang/heap_4.o
 .debug_aranges
                0x0000000000000ea0      0x138 ./common/SEGGER/SEGGER/SEGGER_RTT.o
 .debug_aranges
                0x0000000000000fd8       0x20 ./common/SEGGER/SEGGER/SEGGER_RTT_ASM_ARMv7M.o
 .debug_aranges
                0x0000000000000ff8      0x280 ./common/SEGGER/SEGGER/SEGGER_SYSVIEW.o
 .debug_aranges
                0x0000000000001278       0x28 ./common/SEGGER/config/SEGGER_SYSVIEW_Config_FreeRTOS.o
 .debug_aranges
                0x00000000000012a0       0x48 ./common/SEGGER/os/SEGGER_SYSVIEW_FreeRTOS.o

.debug_ranges   0x0000000000000000     0x1170
 .debug_ranges  0x0000000000000000       0x40 ./Core/Src/main.o
 .debug_ranges  0x0000000000000040       0x10 ./Core/Src/stm32f4xx_hal_msp.o
 .debug_ranges  0x0000000000000050       0x20 ./Core/Src/stm32f4xx_hal_timebase_tim.o
 .debug_ranges  0x0000000000000070       0x40 ./Core/Src/stm32f4xx_it.o
 .debug_ranges  0x00000000000000b0       0x18 ./Core/Src/system_stm32f4xx.o
 .debug_ranges  0x00000000000000c8       0x20 ./Core/Startup/startup_stm32f429zitx.o
 .debug_ranges  0x00000000000000e8       0xf0 ./Drivers/STM32F4xx_HAL_Driver/Src/stm32f4xx_hal.o
 .debug_ranges  0x00000000000001d8      0x108 ./Drivers/STM32F4xx_HAL_Driver/Src/stm32f4xx_hal_cortex.o
 .debug_ranges  0x00000000000002e0       0x48 ./Drivers/STM32F4xx_HAL_Driver/Src/stm32f4xx_hal_gpio.o
 .debug_ranges  0x0000000000000328       0x78 ./Drivers/STM32F4xx_HAL_Driver/Src/stm32f4xx_hal_rcc.o
 .debug_ranges  0x00000000000003a0      0x3c0 ./Drivers/STM32F4xx_HAL_Driver/Src/stm32f4xx_hal_tim.o
 .debug_ranges  0x0000000000000760      0x158 ./Drivers/STM32F4xx_HAL_Driver/Src/stm32f4xx_hal_tim_ex.o
 .debug_ranges  0x00000000000008b8       0x30 ./common/FreeRTOS/list.o
 .debug_ranges  0x00000000000008e8      0x120 ./common/FreeRTOS/queue.o
 .debug_ranges  0x0000000000000a08      0x1f8 ./common/FreeRTOS/tasks.o
 .debug_ranges  0x0000000000000c00       0xc8 ./common/FreeRTOS/timers.o
 .debug_ranges  0x0000000000000cc8       0x78 ./common/FreeRTOS/portable/GCC/ARM_CM4F/port.o
 .debug_ranges  0x0000000000000d40       0x48 ./common/FreeRTOS/portable/MemMang/heap_4.o
 .debug_ranges  0x0000000000000d88      0x128 ./common/SEGGER/SEGGER/SEGGER_RTT.o
 .debug_ranges  0x0000000000000eb0      0x270 ./common/SEGGER/SEGGER/SEGGER_SYSVIEW.o
 .debug_ranges  0x0000000000001120       0x18 ./common/SEGGER/config/SEGGER_SYSVIEW_Config_FreeRTOS.o
 .debug_ranges  0x0000000000001138       0x38 ./common/SEGGER/os/SEGGER_SYSVIEW_FreeRTOS.o

.debug_macro    0x0000000000000000    0x2572d
 .debug_macro   0x0000000000000000      0x2a3 ./Core/Src/main.o
 .debug_macro   0x00000000000002a3      0xa78 ./Core/Src/main.o
 .debug_macro   0x0000000000000d1b      0x295 ./Core/Src/main.o
 .debug_macro   0x0000000000000fb0       0x2e ./Core/Src/main.o
 .debug_macro   0x0000000000000fde       0x28 ./Core/Src/main.o
 .debug_macro   0x0000000000001006       0x22 ./Core/Src/main.o
 .debug_macro   0x0000000000001028       0x8e ./Core/Src/main.o
 .debug_macro   0x00000000000010b6       0x51 ./Core/Src/main.o
 .debug_macro   0x0000000000001107      0x103 ./Core/Src/main.o
 .debug_macro   0x000000000000120a       0x6a ./Core/Src/main.o
 .debug_macro   0x0000000000001274      0x1df ./Core/Src/main.o
 .debug_macro   0x0000000000001453       0x1c ./Core/Src/main.o
 .debug_macro   0x000000000000146f       0x22 ./Core/Src/main.o
 .debug_macro   0x0000000000001491       0xd9 ./Core/Src/main.o
 .debug_macro   0x000000000000156a     0x102d ./Core/Src/main.o
 .debug_macro   0x0000000000002597      0x11f ./Core/Src/main.o
 .debug_macro   0x00000000000026b6    0x17fc0 ./Core/Src/main.o
 .debug_macro   0x000000000001a676       0x6d ./Core/Src/main.o
 .debug_macro   0x000000000001a6e3     0x36f5 ./Core/Src/main.o
 .debug_macro   0x000000000001ddd8      0x174 ./Core/Src/main.o
 .debug_macro   0x000000000001df4c       0x5c ./Core/Src/main.o
 .debug_macro   0x000000000001dfa8      0xca5 ./Core/Src/main.o
 .debug_macro   0x000000000001ec4d      0x9fe ./Core/Src/main.o
 .debug_macro   0x000000000001f64b      0x115 ./Core/Src/main.o
 .debug_macro   0x000000000001f760      0x156 ./Core/Src/main.o
 .debug_macro   0x000000000001f8b6       0xa5 ./Core/Src/main.o
 .debug_macro   0x000000000001f95b      0x182 ./Core/Src/main.o
 .debug_macro   0x000000000001fadd      0x287 ./Core/Src/main.o
 .debug_macro   0x000000000001fd64       0x5f ./Core/Src/main.o
 .debug_macro   0x000000000001fdc3      0x236 ./Core/Src/main.o
 .debug_macro   0x000000000001fff9      0x132 ./Core/Src/main.o
 .debug_macro   0x000000000002012b      0x41d ./Core/Src/main.o
 .debug_macro   0x0000000000020548       0x2e ./Core/Src/main.o
 .debug_macro   0x0000000000020576      0x11a ./Core/Src/main.o
 .debug_macro   0x0000000000020690       0xe2 ./Core/Src/main.o
 .debug_macro   0x0000000000020772       0x89 ./Core/Src/main.o
 .debug_macro   0x00000000000207fb      0x8e6 ./Core/Src/main.o
 .debug_macro   0x00000000000210e1       0x47 ./Core/Src/main.o
 .debug_macro   0x0000000000021128      0x134 ./Core/Src/main.o
 .debug_macro   0x000000000002125c      0x4d6 ./Core/Src/main.o
 .debug_macro   0x0000000000021732      0x113 ./Core/Src/main.o
 .debug_macro   0x0000000000021845       0x58 ./Core/Src/main.o
 .debug_macro   0x000000000002189d       0x46 ./Core/Src/main.o
 .debug_macro   0x00000000000218e3       0x64 ./Core/Src/main.o
 .debug_macro   0x0000000000021947       0x49 ./Core/Src/main.o
 .debug_macro   0x0000000000021990       0xd1 ./Core/Src/main.o
 .debug_macro   0x0000000000021a61      0x204 ./Core/Src/main.o
 .debug_macro   0x0000000000021c65      0x458 ./Core/Src/main.o
 .debug_macro   0x00000000000220bd      0x15a ./Core/Src/main.o
 .debug_macro   0x0000000000022217       0xea ./Core/Src/main.o
 .debug_macro   0x0000000000022301       0x1c ./Core/Src/main.o
 .debug_macro   0x000000000002231d       0x26 ./Core/Src/main.o
 .debug_macro   0x0000000000022343      0x3c9 ./Core/Src/main.o
 .debug_macro   0x000000000002270c       0xb5 ./Core/Src/main.o
 .debug_macro   0x00000000000227c1      0x120 ./Core/Src/main.o
 .debug_macro   0x00000000000228e1      0x285 ./Core/Src/stm32f4xx_hal_msp.o
 .debug_macro   0x0000000000022b66      0x1c4 ./Core/Src/stm32f4xx_hal_timebase_tim.o
 .debug_macro   0x0000000000022d2a      0x1dd ./Core/Src/stm32f4xx_it.o
 .debug_macro   0x0000000000022f07      0x1c4 ./Core/Src/system_stm32f4xx.o
 .debug_macro   0x00000000000230cb      0x224 ./Drivers/STM32F4xx_HAL_Driver/Src/stm32f4xx_hal.o
 .debug_macro   0x00000000000232ef      0x1c4 ./Drivers/STM32F4xx_HAL_Driver/Src/stm32f4xx_hal_cortex.o
 .debug_macro   0x00000000000234b3      0x1ca ./Drivers/STM32F4xx_HAL_Driver/Src/stm32f4xx_hal_gpio.o
 .debug_macro   0x000000000002367d      0x1e8 ./Drivers/STM32F4xx_HAL_Driver/Src/stm32f4xx_hal_rcc.o
 .debug_macro   0x0000000000023865      0x1c5 ./Drivers/STM32F4xx_HAL_Driver/Src/stm32f4xx_hal_tim.o
 .debug_macro   0x0000000000023a2a      0x1c4 ./Drivers/STM32F4xx_HAL_Driver/Src/stm32f4xx_hal_tim_ex.o
 .debug_macro   0x0000000000023bee      0x1f5 ./common/FreeRTOS/list.o
 .debug_macro   0x0000000000023de3      0x27e ./common/FreeRTOS/queue.o
 .debug_macro   0x0000000000024061       0x16 ./common/FreeRTOS/queue.o
 .debug_macro   0x0000000000024077       0x20 ./common/FreeRTOS/queue.o
 .debug_macro   0x0000000000024097       0x80 ./common/FreeRTOS/queue.o
 .debug_macro   0x0000000000024117      0x2e2 ./common/FreeRTOS/tasks.o
 .debug_macro   0x00000000000243f9       0x10 ./common/FreeRTOS/tasks.o
 .debug_macro   0x0000000000024409      0x23e ./common/FreeRTOS/timers.o
 .debug_macro   0x0000000000024647       0x97 ./common/FreeRTOS/timers.o
 .debug_macro   0x00000000000246de      0x1f8 ./common/FreeRTOS/portable/GCC/ARM_CM4F/port.o
 .debug_macro   0x00000000000248d6      0x210 ./common/FreeRTOS/portable/MemMang/heap_4.o
 .debug_macro   0x0000000000024ae6      0x1bd ./common/SEGGER/SEGGER/SEGGER_RTT.o
 .debug_macro   0x0000000000024ca3       0x49 ./common/SEGGER/SEGGER/SEGGER_RTT.o
 .debug_macro   0x0000000000024cec       0x35 ./common/SEGGER/SEGGER/SEGGER_RTT.o
 .debug_macro   0x0000000000024d21      0x138 ./common/SEGGER/SEGGER/SEGGER_RTT.o
 .debug_macro   0x0000000000024e59      0x22b ./common/SEGGER/SEGGER/SEGGER_SYSVIEW.o
 .debug_macro   0x0000000000025084      0x204 ./common/SEGGER/SEGGER/SEGGER_SYSVIEW.o
 .debug_macro   0x0000000000025288      0x169 ./common/SEGGER/SEGGER/SEGGER_SYSVIEW.o
 .debug_macro   0x00000000000253f1      0x138 ./common/SEGGER/config/SEGGER_SYSVIEW_Config_FreeRTOS.o
 .debug_macro   0x0000000000025529      0x204 ./common/SEGGER/os/SEGGER_SYSVIEW_FreeRTOS.o

.debug_line     0x0000000000000000    0x14da8
 .debug_line    0x0000000000000000      0xc5a ./Core/Src/main.o
 .debug_line    0x0000000000000c5a      0x964 ./Core/Src/stm32f4xx_hal_msp.o
 .debug_line    0x00000000000015be      0x71d ./Core/Src/stm32f4xx_hal_timebase_tim.o
 .debug_line    0x0000000000001cdb      0x740 ./Core/Src/stm32f4xx_it.o
 .debug_line    0x000000000000241b      0x725 ./Core/Src/system_stm32f4xx.o
 .debug_line    0x0000000000002b40       0x88 ./Core/Startup/startup_stm32f429zitx.o
 .debug_line    0x0000000000002bc8      0x9c1 ./Drivers/STM32F4xx_HAL_Driver/Src/stm32f4xx_hal.o
 .debug_line    0x0000000000003589      0xc3a ./Drivers/STM32F4xx_HAL_Driver/Src/stm32f4xx_hal_cortex.o
 .debug_line    0x00000000000041c3      0xb27 ./Drivers/STM32F4xx_HAL_Driver/Src/stm32f4xx_hal_gpio.o
 .debug_line    0x0000000000004cea      0xd07 ./Drivers/STM32F4xx_HAL_Driver/Src/stm32f4xx_hal_rcc.o
 .debug_line    0x00000000000059f1     0x367f ./Drivers/STM32F4xx_HAL_Driver/Src/stm32f4xx_hal_tim.o
 .debug_line    0x0000000000009070     0x1988 ./Drivers/STM32F4xx_HAL_Driver/Src/stm32f4xx_hal_tim_ex.o
 .debug_line    0x000000000000a9f8      0x8f1 ./common/FreeRTOS/list.o
 .debug_line    0x000000000000b2e9     0x17ca ./common/FreeRTOS/queue.o
 .debug_line    0x000000000000cab3     0x1f16 ./common/FreeRTOS/tasks.o
 .debug_line    0x000000000000e9c9      0xe50 ./common/FreeRTOS/timers.o
 .debug_line    0x000000000000f819      0xa11 ./common/FreeRTOS/portable/GCC/ARM_CM4F/port.o
 .debug_line    0x000000000001022a      0xb3c ./common/FreeRTOS/portable/MemMang/heap_4.o
 .debug_line    0x0000000000010d66      0xedc ./common/SEGGER/SEGGER/SEGGER_RTT.o
 .debug_line    0x0000000000011c42       0xd4 ./common/SEGGER/SEGGER/SEGGER_RTT_ASM_ARMv7M.o
 .debug_line    0x0000000000011d16     0x20a2 ./common/SEGGER/SEGGER/SEGGER_SYSVIEW.o
 .debug_line    0x0000000000013db8      0x67e ./common/SEGGER/config/SEGGER_SYSVIEW_Config_FreeRTOS.o
 .debug_line    0x0000000000014436      0x972 ./common/SEGGER/os/SEGGER_SYSVIEW_FreeRTOS.o

.debug_str      0x0000000000000000    0xe63f9
 .debug_str     0x0000000000000000    0xda990 ./Core/Src/main.o
                                      0xdad29 (size before relaxing)
 .debug_str     0x00000000000da990       0x40 ./Core/Src/stm32f4xx_hal_msp.o
                                      0xd8a2a (size before relaxing)
 .debug_str     0x00000000000da9d0      0x678 ./Core/Src/stm32f4xx_hal_timebase_tim.o
                                      0xd154c (size before relaxing)
 .debug_str     0x00000000000db048       0xb9 ./Core/Src/stm32f4xx_it.o
                                      0xd1d3a (size before relaxing)
 .debug_str     0x00000000000db101       0xdb ./Core/Src/system_stm32f4xx.o
                                      0xd09f1 (size before relaxing)
 .debug_str     0x00000000000db1dc       0x36 ./Core/Startup/startup_stm32f429zitx.o
                                         0x7e (size before relaxing)
 .debug_str     0x00000000000db212      0x604 ./Drivers/STM32F4xx_HAL_Driver/Src/stm32f4xx_hal.o
                                      0xd1614 (size before relaxing)
 .debug_str     0x00000000000db816      0x33a ./Drivers/STM32F4xx_HAL_Driver/Src/stm32f4xx_hal_cortex.o
                                      0xd12f9 (size before relaxing)
 .debug_str     0x00000000000dbb50      0x11e ./Drivers/STM32F4xx_HAL_Driver/Src/stm32f4xx_hal_gpio.o
                                      0xd0b6c (size before relaxing)
 .debug_str     0x00000000000dbc6e      0x1fd ./Drivers/STM32F4xx_HAL_Driver/Src/stm32f4xx_hal_rcc.o
                                      0xd0e25 (size before relaxing)
 .debug_str     0x00000000000dbe6b      0xe69 ./Drivers/STM32F4xx_HAL_Driver/Src/stm32f4xx_hal_tim.o
                                      0xd1d58 (size before relaxing)
 .debug_str     0x00000000000dccd4      0x503 ./Drivers/STM32F4xx_HAL_Driver/Src/stm32f4xx_hal_tim_ex.o
                                      0xd1574 (size before relaxing)
 .debug_str     0x00000000000dd1d7     0x303c ./common/FreeRTOS/list.o
                                       0xe8ac (size before relaxing)
 .debug_str     0x00000000000e0213     0x12b1 ./common/FreeRTOS/queue.o
                                      0x10db9 (size before relaxing)
 .debug_str     0x00000000000e14c4     0x1d1f ./common/FreeRTOS/tasks.o
                                      0x11c26 (size before relaxing)
 .debug_str     0x00000000000e31e3      0x53b ./common/FreeRTOS/timers.o
                                      0x110cb (size before relaxing)
 .debug_str     0x00000000000e371e      0x7fe ./common/FreeRTOS/portable/GCC/ARM_CM4F/port.o
                                       0xd40f (size before relaxing)
 .debug_str     0x00000000000e3f1c      0x344 ./common/FreeRTOS/portable/MemMang/heap_4.o
                                       0xfd75 (size before relaxing)
 .debug_str     0x00000000000e4260     0x1098 ./common/SEGGER/SEGGER/SEGGER_RTT.o
                                       0x77df (size before relaxing)
 .debug_str     0x00000000000e52f8       0x68 ./common/SEGGER/SEGGER/SEGGER_RTT_ASM_ARMv7M.o
                                         0xbe (size before relaxing)
 .debug_str     0x00000000000e5360      0xe6a ./common/SEGGER/SEGGER/SEGGER_SYSVIEW.o
                                       0x9840 (size before relaxing)
 .debug_str     0x00000000000e61ca      0x164 ./common/SEGGER/config/SEGGER_SYSVIEW_Config_FreeRTOS.o
                                       0xb2a1 (size before relaxing)
 .debug_str     0x00000000000e632e       0xcb ./common/SEGGER/os/SEGGER_SYSVIEW_FreeRTOS.o
                                       0xfaed (size before relaxing)

.comment        0x0000000000000000       0x50
 .comment       0x0000000000000000       0x50 ./Core/Src/main.o
                                         0x51 (size before relaxing)
 .comment       0x0000000000000050       0x51 ./Core/Src/stm32f4xx_hal_msp.o
 .comment       0x0000000000000050       0x51 ./Core/Src/stm32f4xx_hal_timebase_tim.o
 .comment       0x0000000000000050       0x51 ./Core/Src/stm32f4xx_it.o
 .comment       0x0000000000000050       0x51 ./Core/Src/system_stm32f4xx.o
 .comment       0x0000000000000050       0x51 ./Drivers/STM32F4xx_HAL_Driver/Src/stm32f4xx_hal.o
 .comment       0x0000000000000050       0x51 ./Drivers/STM32F4xx_HAL_Driver/Src/stm32f4xx_hal_cortex.o
 .comment       0x0000000000000050       0x51 ./Drivers/STM32F4xx_HAL_Driver/Src/stm32f4xx_hal_gpio.o
 .comment       0x0000000000000050       0x51 ./Drivers/STM32F4xx_HAL_Driver/Src/stm32f4xx_hal_rcc.o
 .comment       0x0000000000000050       0x51 ./Drivers/STM32F4xx_HAL_Driver/Src/stm32f4xx_hal_tim.o
 .comment       0x0000000000000050       0x51 ./Drivers/STM32F4xx_HAL_Driver/Src/stm32f4xx_hal_tim_ex.o
 .comment       0x0000000000000050       0x51 ./common/FreeRTOS/list.o
 .comment       0x0000000000000050       0x51 ./common/FreeRTOS/queue.o
 .comment       0x0000000000000050       0x51 ./common/FreeRTOS/tasks.o
 .comment       0x0000000000000050       0x51 ./common/FreeRTOS/timers.o
 .comment       0x0000000000000050       0x51 ./common/FreeRTOS/portable/GCC/ARM_CM4F/port.o
 .comment       0x0000000000000050       0x51 ./common/FreeRTOS/portable/MemMang/heap_4.o
 .comment       0x0000000000000050       0x51 ./common/SEGGER/SEGGER/SEGGER_RTT.o
 .comment       0x0000000000000050       0x51 ./common/SEGGER/SEGGER/SEGGER_SYSVIEW.o
 .comment       0x0000000000000050       0x51 ./common/SEGGER/config/SEGGER_SYSVIEW_Config_FreeRTOS.o
 .comment       0x0000000000000050       0x51 ./common/SEGGER/os/SEGGER_SYSVIEW_FreeRTOS.o

.debug_frame    0x0000000000000000     0x4f20
 .debug_frame   0x0000000000000000       0xf8 ./Core/Src/main.o
 .debug_frame   0x00000000000000f8       0x34 ./Core/Src/stm32f4xx_hal_msp.o
 .debug_frame   0x000000000000012c       0x74 ./Core/Src/stm32f4xx_hal_timebase_tim.o
 .debug_frame   0x00000000000001a0       0xc4 ./Core/Src/stm32f4xx_it.o
 .debug_frame   0x0000000000000264       0x58 ./Core/Src/system_stm32f4xx.o
 .debug_frame   0x00000000000002bc      0x3b4 ./Drivers/STM32F4xx_HAL_Driver/Src/stm32f4xx_hal.o
 .debug_frame   0x0000000000000670      0x498 ./Drivers/STM32F4xx_HAL_Driver/Src/stm32f4xx_hal_cortex.o
 .debug_frame   0x0000000000000b08      0x14c ./Drivers/STM32F4xx_HAL_Driver/Src/stm32f4xx_hal_gpio.o
 .debug_frame   0x0000000000000c54      0x1f4 ./Drivers/STM32F4xx_HAL_Driver/Src/stm32f4xx_hal_rcc.o
 .debug_frame   0x0000000000000e48     0x11c4 ./Drivers/STM32F4xx_HAL_Driver/Src/stm32f4xx_hal_tim.o
 .debug_frame   0x000000000000200c      0x638 ./Drivers/STM32F4xx_HAL_Driver/Src/stm32f4xx_hal_tim_ex.o
 .debug_frame   0x0000000000002644       0xd8 ./common/FreeRTOS/list.o
 .debug_frame   0x000000000000271c      0x544 ./common/FreeRTOS/queue.o
 .debug_frame   0x0000000000002c60      0x8fc ./common/FreeRTOS/tasks.o
 .debug_frame   0x000000000000355c      0x38c ./common/FreeRTOS/timers.o
 .debug_frame   0x00000000000038e8      0x1d0 ./common/FreeRTOS/portable/GCC/ARM_CM4F/port.o
 .debug_frame   0x0000000000003ab8      0x12c ./common/FreeRTOS/portable/MemMang/heap_4.o
 .debug_frame   0x0000000000003be4      0x52c ./common/SEGGER/SEGGER/SEGGER_RTT.o
 .debug_frame   0x0000000000004110      0xbc8 ./common/SEGGER/SEGGER/SEGGER_SYSVIEW.o
 .debug_frame   0x0000000000004cd8       0x48 ./common/SEGGER/config/SEGGER_SYSVIEW_Config_FreeRTOS.o
 .debug_frame   0x0000000000004d20      0x104 ./common/SEGGER/os/SEGGER_SYSVIEW_FreeRTOS.o
 .debug_frame   0x0000000000004e24       0x2c c:/st/stm32cubeide_1.10.1/stm32cubeide/plugins/com.st.stm32cube.ide.mcu.externaltools.gnu-tools-for-stm32.10.3-2021.10.win32_1.0.0.202111181127/tools/bin/../lib/gcc/arm-none-eabi/10.3.1/../../../../arm-none-eabi/lib/thumb/v7e-m+fp/hard\libc_nano.a(lib_a-init.o)
 .debug_frame   0x0000000000004e50       0x28 c:/st/stm32cubeide_1.10.1/stm32cubeide/plugins/com.st.stm32cube.ide.mcu.externaltools.gnu-tools-for-stm32.10.3-2021.10.win32_1.0.0.202111181127/tools/bin/../lib/gcc/arm-none-eabi/10.3.1/../../../../arm-none-eabi/lib/thumb/v7e-m+fp/hard\libc_nano.a(lib_a-memcmp.o)
 .debug_frame   0x0000000000004e78       0x28 c:/st/stm32cubeide_1.10.1/stm32cubeide/plugins/com.st.stm32cube.ide.mcu.externaltools.gnu-tools-for-stm32.10.3-2021.10.win32_1.0.0.202111181127/tools/bin/../lib/gcc/arm-none-eabi/10.3.1/../../../../arm-none-eabi/lib/thumb/v7e-m+fp/hard\libc_nano.a(lib_a-memcpy-stub.o)
 .debug_frame   0x0000000000004ea0       0x20 c:/st/stm32cubeide_1.10.1/stm32cubeide/plugins/com.st.stm32cube.ide.mcu.externaltools.gnu-tools-for-stm32.10.3-2021.10.win32_1.0.0.202111181127/tools/bin/../lib/gcc/arm-none-eabi/10.3.1/../../../../arm-none-eabi/lib/thumb/v7e-m+fp/hard\libc_nano.a(lib_a-memset.o)
 .debug_frame   0x0000000000004ec0       0x2c c:/st/stm32cubeide_1.10.1/stm32cubeide/plugins/com.st.stm32cube.ide.mcu.externaltools.gnu-tools-for-stm32.10.3-2021.10.win32_1.0.0.202111181127/tools/bin/../lib/gcc/arm-none-eabi/10.3.1/thumb/v7e-m+fp/hard\libgcc.a(_aeabi_uldivmod.o)
 .debug_frame   0x0000000000004eec       0x34 c:/st/stm32cubeide_1.10.1/stm32cubeide/plugins/com.st.stm32cube.ide.mcu.externaltools.gnu-tools-for-stm32.10.3-2021.10.win32_1.0.0.202111181127/tools/bin/../lib/gcc/arm-none-eabi/10.3.1/thumb/v7e-m+fp/hard\libgcc.a(_udivmoddi4.o)