../Drivers/CMSIS/Include/core_cm4.h:1657:22:__NVIC_SetPriorityGrouping	24	static
../Drivers/CMSIS/Include/core_cm4.h:1688:22:__NVIC_EnableIRQ	16	static
../Drivers/CMSIS/Include/core_cm4.h:1816:22:__NVIC_SetPriority	16	static
../Core/Src/mainUART_DMA_STREAM_BUFF.c:44:5:main	24	static
../Core/Src/mainUART_DMA_STREAM_BUFF.c:87:6:setupUSART1DMA_circular	16	static
../Core/Src/mainUART_DMA_STREAM_BUFF.c:146:9:startCircularReceiveDMA	8	static
../Core/Src/mainUART_DMA_STREAM_BUFF.c:184:6:startUart5Traffic	16	static
../Core/Src/mainUART_DMA_STREAM_BUFF.c:189:6:stopReceiveDMA	8	static
../Core/Src/mainUART_DMA_STREAM_BUFF.c:196:6:uartPrintOutTask	48	dynamic
../Core/Src/mainUART_DMA_STREAM_BUFF.c:252:6:DMA2_Stream5_IRQHandler	24	static,ignoring_inline_asm
../Core/Src/mainUART_DMA_STREAM_BUFF.c:300:6:USART1_IRQHandler	16	static,ignoring_inline_asm
