Archive member included to satisfy reference by file (symbol)

c:/st/stm32cubeide_1.12.1/stm32cubeide/plugins/com.st.stm32cube.ide.mcu.externaltools.gnu-tools-for-stm32.10.3-2021.10.win32_1.0.200.202301161003/tools/bin/../lib/gcc/arm-none-eabi/10.3.1/../../../../arm-none-eabi/lib/thumb/v7e-m+fp/hard\libc_nano.a(lib_a-errno.o)
                              ./Core/Src/syscalls.o (__errno)
c:/st/stm32cubeide_1.12.1/stm32cubeide/plugins/com.st.stm32cube.ide.mcu.externaltools.gnu-tools-for-stm32.10.3-2021.10.win32_1.0.200.202301161003/tools/bin/../lib/gcc/arm-none-eabi/10.3.1/../../../../arm-none-eabi/lib/thumb/v7e-m+fp/hard\libc_nano.a(lib_a-exit.o)
                              c:/st/stm32cubeide_1.12.1/stm32cubeide/plugins/com.st.stm32cube.ide.mcu.externaltools.gnu-tools-for-stm32.10.3-2021.10.win32_1.0.200.202301161003/tools/bin/../lib/gcc/arm-none-eabi/10.3.1/../../../../arm-none-eabi/lib/thumb/v7e-m+fp/hard/crt0.o (exit)
c:/st/stm32cubeide_1.12.1/stm32cubeide/plugins/com.st.stm32cube.ide.mcu.externaltools.gnu-tools-for-stm32.10.3-2021.10.win32_1.0.200.202301161003/tools/bin/../lib/gcc/arm-none-eabi/10.3.1/../../../../arm-none-eabi/lib/thumb/v7e-m+fp/hard\libc_nano.a(lib_a-impure.o)
                              c:/st/stm32cubeide_1.12.1/stm32cubeide/plugins/com.st.stm32cube.ide.mcu.externaltools.gnu-tools-for-stm32.10.3-2021.10.win32_1.0.200.202301161003/tools/bin/../lib/gcc/arm-none-eabi/10.3.1/../../../../arm-none-eabi/lib/thumb/v7e-m+fp/hard\libc_nano.a(lib_a-exit.o) (_global_impure_ptr)
c:/st/stm32cubeide_1.12.1/stm32cubeide/plugins/com.st.stm32cube.ide.mcu.externaltools.gnu-tools-for-stm32.10.3-2021.10.win32_1.0.200.202301161003/tools/bin/../lib/gcc/arm-none-eabi/10.3.1/../../../../arm-none-eabi/lib/thumb/v7e-m+fp/hard\libc_nano.a(lib_a-init.o)
                              c:/st/stm32cubeide_1.12.1/stm32cubeide/plugins/com.st.stm32cube.ide.mcu.externaltools.gnu-tools-for-stm32.10.3-2021.10.win32_1.0.200.202301161003/tools/bin/../lib/gcc/arm-none-eabi/10.3.1/../../../../arm-none-eabi/lib/thumb/v7e-m+fp/hard/crt0.o (__libc_init_array)
c:/st/stm32cubeide_1.12.1/stm32cubeide/plugins/com.st.stm32cube.ide.mcu.externaltools.gnu-tools-for-stm32.10.3-2021.10.win32_1.0.200.202301161003/tools/bin/../lib/gcc/arm-none-eabi/10.3.1/../../../../arm-none-eabi/lib/thumb/v7e-m+fp/hard\libc_nano.a(lib_a-memcmp.o)
                              ./common/SEGGER/os/SEGGER_SYSVIEW_FreeRTOS.o (memcmp)
c:/st/stm32cubeide_1.12.1/stm32cubeide/plugins/com.st.stm32cube.ide.mcu.externaltools.gnu-tools-for-stm32.10.3-2021.10.win32_1.0.200.202301161003/tools/bin/../lib/gcc/arm-none-eabi/10.3.1/../../../../arm-none-eabi/lib/thumb/v7e-m+fp/hard\libc_nano.a(lib_a-memcpy-stub.o)
                              ./common/FreeRTOS/queue.o (memcpy)
c:/st/stm32cubeide_1.12.1/stm32cubeide/plugins/com.st.stm32cube.ide.mcu.externaltools.gnu-tools-for-stm32.10.3-2021.10.win32_1.0.200.202301161003/tools/bin/../lib/gcc/arm-none-eabi/10.3.1/../../../../arm-none-eabi/lib/thumb/v7e-m+fp/hard\libc_nano.a(lib_a-memset.o)
                              c:/st/stm32cubeide_1.12.1/stm32cubeide/plugins/com.st.stm32cube.ide.mcu.externaltools.gnu-tools-for-stm32.10.3-2021.10.win32_1.0.200.202301161003/tools/bin/../lib/gcc/arm-none-eabi/10.3.1/../../../../arm-none-eabi/lib/thumb/v7e-m+fp/hard/crt0.o (memset)
c:/st/stm32cubeide_1.12.1/stm32cubeide/plugins/com.st.stm32cube.ide.mcu.externaltools.gnu-tools-for-stm32.10.3-2021.10.win32_1.0.200.202301161003/tools/bin/../lib/gcc/arm-none-eabi/10.3.1/../../../../arm-none-eabi/lib/thumb/v7e-m+fp/hard\libc_nano.a(lib_a-strlen.o)
                              ./common/SEGGER/SEGGER/SEGGER_RTT.o (strlen)
c:/st/stm32cubeide_1.12.1/stm32cubeide/plugins/com.st.stm32cube.ide.mcu.externaltools.gnu-tools-for-stm32.10.3-2021.10.win32_1.0.200.202301161003/tools/bin/../lib/gcc/arm-none-eabi/10.3.1/thumb/v7e-m+fp/hard\libgcc.a(_aeabi_uldivmod.o)
                              ./Drivers/STM32F4xx_HAL_Driver/Src/stm32f4xx_hal_rcc.o (__aeabi_uldivmod)
c:/st/stm32cubeide_1.12.1/stm32cubeide/plugins/com.st.stm32cube.ide.mcu.externaltools.gnu-tools-for-stm32.10.3-2021.10.win32_1.0.200.202301161003/tools/bin/../lib/gcc/arm-none-eabi/10.3.1/thumb/v7e-m+fp/hard\libgcc.a(_udivmoddi4.o)
                              c:/st/stm32cubeide_1.12.1/stm32cubeide/plugins/com.st.stm32cube.ide.mcu.externaltools.gnu-tools-for-stm32.10.3-2021.10.win32_1.0.200.202301161003/tools/bin/../lib/gcc/arm-none-eabi/10.3.1/thumb/v7e-m+fp/hard\libgcc.a(_aeabi_uldivmod.o) (__udivmoddi4)
c:/st/stm32cubeide_1.12.1/stm32cubeide/plugins/com.st.stm32cube.ide.mcu.externaltools.gnu-tools-for-stm32.10.3-2021.10.win32_1.0.200.202301161003/tools/bin/../lib/gcc/arm-none-eabi/10.3.1/thumb/v7e-m+fp/hard\libgcc.a(_dvmd_tls.o)
[...]
Memory Configuration

Name             Origin             Length             Attributes
CCMRAM           0x0000000010000000 0x0000000000010000 xrw
RAM              0x0000000020000000 0x0000000000030000 xrw
FLASH            0x0000000008000000 0x0000000000200000 xr
*default*        0x0000000000000000 0xffffffffffffffff

Linker script and memory map

LOAD c:/st/stm32cubeide_1.12.1/stm32cubeide/plugins/com.st.stm32cube.ide.mcu.externaltools.gnu-tools-for-stm32.10.3-2021.10.win32_1.0.200.202301161003/tools/bin/../lib/gcc/arm-none-eabi/10.3.1/thumb/v7e-m+fp/hard/crti.o
LOAD c:/st/stm32cubeide_1.12.1/stm32cubeide/plugins/com.st.stm32cube.ide.mcu.externaltools.gnu-tools-for-stm32.10.3-2021.10.win32_1.0.200.202301161003/tools/bin/../lib/gcc/arm-none-eabi/10.3.1/thumb/v7e-m+fp/hard/crtbegin.o
LOAD c:/st/stm32cubeide_1.12.1/stm32cubeide/plugins/com.st.stm32cube.ide.mcu.externaltools.gnu-tools-for-stm32.10.3-2021.10.win32_1.0.200.202301161003/tools/bin/../lib/gcc/arm-none-eabi/10.3.1/../../../../arm-none-eabi/lib/thumb/v7e-m+fp/hard/crt0.o
LOAD ./Core/Src/STM32_Disc1_Gpio.o
LOAD ./Core/Src/UartQuickDirtyInit.o
LOAD ./Core/Src/UartSetUp.o
LOAD ./Core/Src/mainUART_DMA_STREAM_BUFF.o
LOAD ./Core/Src/stm32f429_init.o
LOAD ./Core/Src/stm32f4xx_hal_msp.o
LOAD ./Core/Src/stm32f4xx_hal_timebase_tim.o
LOAD ./Core/Src/stm32f4xx_it.o
LOAD ./Core/Src/syscalls.o
LOAD ./Core/Src/sysmem.o
LOAD ./Core/Src/system_stm32f4xx.o
LOAD ./Core/Startup/startup_stm32f429zitx.o
LOAD ./Drivers/STM32F4xx_HAL_Driver/Src/stm32f4xx_hal.o
LOAD ./Drivers/STM32F4xx_HAL_Driver/Src/stm32f4xx_hal_cortex.o
LOAD ./Drivers/STM32F4xx_HAL_Driver/Src/stm32f4xx_hal_dma.o
LOAD ./Drivers/STM32F4xx_HAL_Driver/Src/stm32f4xx_hal_dma_ex.o
LOAD ./Drivers/STM32F4xx_HAL_Driver/Src/stm32f4xx_hal_exti.o
LOAD ./Drivers/STM32F4xx_HAL_Driver/Src/stm32f4xx_hal_flash.o
LOAD ./Drivers/STM32F4xx_HAL_Driver/Src/stm32f4xx_hal_flash_ex.o
LOAD ./Drivers/STM32F4xx_HAL_Driver/Src/stm32f4xx_hal_flash_ramfunc.o
LOAD ./Drivers/STM32F4xx_HAL_Driver/Src/stm32f4xx_hal_gpio.o
LOAD ./Drivers/STM32F4xx_HAL_Driver/Src/stm32f4xx_hal_pwr.o
LOAD ./Drivers/STM32F4xx_HAL_Driver/Src/stm32f4xx_hal_pwr_ex.o
LOAD ./Drivers/STM32F4xx_HAL_Driver/Src/stm32f4xx_hal_rcc.o
LOAD ./Drivers/STM32F4xx_HAL_Driver/Src/stm32f4xx_hal_rcc_ex.o
LOAD ./Drivers/STM32F4xx_HAL_Driver/Src/stm32f4xx_hal_tim.o
LOAD ./Drivers/STM32F4xx_HAL_Driver/Src/stm32f4xx_hal_tim_ex.o
LOAD ./Drivers/STM32F4xx_HAL_Driver/Src/stm32f4xx_hal_uart.o
LOAD ./common/FreeRTOS/croutine.o
LOAD ./common/FreeRTOS/event_groups.o
LOAD ./common/FreeRTOS/list.o
LOAD ./common/FreeRTOS/queue.o
LOAD ./common/FreeRTOS/stream_buffer.o
LOAD ./common/FreeRTOS/tasks.o
LOAD ./common/FreeRTOS/timers.o
LOAD ./common/FreeRTOS/portable/GCC/ARM_CM4F/port.o
LOAD ./common/FreeRTOS/portable/MemMang/heap_4.o
LOAD ./common/SEGGER/SEGGER/SEGGER_RTT.o
LOAD ./common/SEGGER/SEGGER/SEGGER_RTT_ASM_ARMv7M.o
LOAD ./common/SEGGER/SEGGER/SEGGER_RTT_printf.o
LOAD ./common/SEGGER/SEGGER/SEGGER_SYSVIEW.o
LOAD ./common/SEGGER/SEGGER/Syscalls/SEGGER_RTT_Syscalls_GCC.o
LOAD ./common/SEGGER/config/SEGGER_SYSVIEW_Config_FreeRTOS.o
LOAD ./common/SEGGER/os/SEGGER_SYSVIEW_FreeRTOS.o
START GROUP
LOAD c:/st/stm32cubeide_1.12.1/stm32cubeide/plugins/com.st.stm32cube.ide.mcu.externaltools.gnu-tools-for-stm32.10.3-2021.10.win32_1.0.200.202301161003/tools/bin/../lib/gcc/arm-none-eabi/10.3.1/../../../../arm-none-eabi/lib/thumb/v7e-m+fp/hard\libc_nano.a
LOAD c:/st/stm32cubeide_1.12.1/stm32cubeide/plugins/com.st.stm32cube.ide.mcu.externaltools.gnu-tools-for-stm32.10.3-2021.10.win32_1.0.200.202301161003/tools/bin/../lib/gcc/arm-none-eabi/10.3.1/../../../../arm-none-eabi/lib/thumb/v7e-m+fp/hard\libm.a
END GROUP
START GROUP
LOAD c:/st/stm32cubeide_1.12.1/stm32cubeide/plugins/com.st.stm32cube.ide.mcu.externaltools.gnu-tools-for-stm32.10.3-2021.10.win32_1.0.200.202301161003/tools/bin/../lib/gcc/arm-none-eabi/10.3.1/thumb/v7e-m+fp/hard\libgcc.a
LOAD c:/st/stm32cubeide_1.12.1/stm32cubeide/plugins/com.st.stm32cube.ide.mcu.externaltools.gnu-tools-for-stm32.10.3-2021.10.win32_1.0.200.202301161003/tools/bin/../lib/gcc/arm-none-eabi/10.3.1/../../../../arm-none-eabi/lib/thumb/v7e-m+fp/hard\libc_nano.a
END GROUP
START GROUP
LOAD c:/st/stm32cubeide_1.12.1/stm32cubeide/plugins/com.st.stm32cube.ide.mcu.externaltools.gnu-tools-for-stm32.10.3-2021.10.win32_1.0.200.202301161003/tools/bin/../lib/gcc/arm-none-eabi/10.3.1/thumb/v7e-m+fp/hard\libgcc.a
LOAD c:/st/stm32cubeide_1.12.1/stm32cubeide/plugins/com.st.stm32cube.ide.mcu.externaltools.gnu-tools-for-stm32.10.3-2021.10.win32_1.0.200.202301161003/tools/bin/../lib/gcc/arm-none-eabi/10.3.1/../../../../arm-none-eabi/lib/thumb/v7e-m+fp/hard\libc_nano.a
LOAD c:/st/stm32cubeide_1.12.1/stm32cubeide/plugins/com.st.stm32cube.ide.mcu.externaltools.gnu-tools-for-stm32.10.3-2021.10.win32_1.0.200.202301161003/tools/bin/../lib/gcc/arm-none-eabi/10.3.1/../../../../arm-none-eabi/lib/thumb/v7e-m+fp/hard\libnosys.a
END GROUP
START GROUP
LOAD c:/st/stm32cubeide_1.12.1/stm32cubeide/plugins/com.st.stm32cube.ide.mcu.externaltools.gnu-tools-for-stm32.10.3-2021.10.win32_1.0.200.202301161003/tools/bin/../lib/gcc/arm-none-eabi/10.3.1/thumb/v7e-m+fp/hard\libgcc.a
LOAD c:/st/stm32cubeide_1.12.1/stm32cubeide/plugins/com.st.stm32cube.ide.mcu.externaltools.gnu-tools-for-stm32.10.3-2021.10.win32_1.0.200.202301161003/tools/bin/../lib/gcc/arm-none-eabi/10.3.1/../../../../arm-none-eabi/lib/thumb/v7e-m+fp/hard\libc_nano.a
LOAD c:/st/stm32cubeide_1.12.1/stm32cubeide/plugins/com.st.stm32cube.ide.mcu.externaltools.gnu-tools-for-stm32.10.3-2021.10.win32_1.0.200.202301161003/tools/bin/../lib/gcc/arm-none-eabi/10.3.1/../../../../arm-none-eabi/lib/thumb/v7e-m+fp/hard\libnosys.a
END GROUP
LOAD c:/st/stm32cubeide_1.12.1/stm32cubeide/plugins/com.st.stm32cube.ide.mcu.externaltools.gnu-tools-for-stm32.10.3-2021.10.win32_1.0.200.202301161003/tools/bin/../lib/gcc/arm-none-eabi/10.3.1/thumb/v7e-m+fp/hard/crtend.o
LOAD c:/st/stm32cubeide_1.12.1/stm32cubeide/plugins/com.st.stm32cube.ide.mcu.externaltools.gnu-tools-for-stm32.10.3-2021.10.win32_1.0.200.202301161003/tools/bin/../lib/gcc/arm-none-eabi/10.3.1/thumb/v7e-m+fp/hard/crtn.o
                0x0000000020030000                _estack = (ORIGIN (RAM) + LENGTH (RAM))
                0x0000000000000200                _Min_Heap_Size = 0x200
                0x0000000000000400                _Min_Stack_Size = 0x400

.isr_vector     0x0000000008000000      0x1ac
                0x0000000008000000                . = ALIGN (0x4)
 *(.isr_vector)
 .isr_vector    0x0000000008000000      0x1ac ./Core/Startup/startup_stm32f429zitx.o
                0x0000000008000000                g_pfnVectors
                0x00000000080001ac                . = ALIGN (0x4)

.text           0x00000000080001b0     0x93f0
                0x00000000080001b0                . = ALIGN (0x4)
 *(.text)
 .text          0x00000000080001b0       0x40 c:/st/stm32cubeide_1.12.1/stm32cubeide/plugins/com.st.stm32cube.ide.mcu.externaltools.gnu-tools-for-stm32.10.3-2021.10.win32_1.0.200.202301161003/tools/bin/../lib/gcc/arm-none-eabi/10.3.1/thumb/v7e-m+fp/hard/crtbegin.o
 .text          0x00000000080001f0       0x94 ./common/SEGGER/SEGGER/SEGGER_RTT_ASM_ARMv7M.o
                0x00000000080001f0                SEGGER_RTT_ASM_WriteSkipNoLock
 .text          0x0000000008000284       0x30 c:/st/stm32cubeide_1.12.1/stm32cubeide/plugins/com.st.stm32cube.ide.mcu.externaltools.gnu-tools-for-stm32.10.3-2021.10.win32_1.0.200.202301161003/tools/bin/../lib/gcc/arm-none-eabi/10.3.1/thumb/v7e-m+fp/hard\libgcc.a(_aeabi_uldivmod.o)
                0x0000000008000284                __aeabi_uldivmod
 .text          0x00000000080002b4      0x2d0 c:/st/stm32cubeide_1.12.1/stm32cubeide/plugins/com.st.stm32cube.ide.mcu.externaltools.gnu-tools-for-stm32.10.3-2021.10.win32_1.0.200.202301161003/tools/bin/../lib/gcc/arm-none-eabi/10.3.1/thumb/v7e-m+fp/hard\libgcc.a(_udivmoddi4.o)
                0x00000000080002b4                __udivmoddi4
 .text          0x0000000008000584        0x4 c:/st/stm32cubeide_1.12.1/stm32cubeide/plugins/com.st.stm32cube.ide.mcu.externaltools.gnu-tools-for-stm32.10.3-2021.10.win32_1.0.200.202301161003/tools/bin/../lib/gcc/arm-none-eabi/10.3.1/thumb/v7e-m+fp/hard\libgcc.a(_dvmd_tls.o)
                0x0000000008000584                __aeabi_idiv0
                0x0000000008000584                __aeabi_ldiv0
 *(.text*)
 .text.initUart1Pins
                0x0000000008000588       0x60 ./Core/Src/UartQuickDirtyInit.o
                0x0000000008000588                initUart1Pins
 .text.initUart5Pins
                0x00000000080005e8       0xa4 ./Core/Src/UartQuickDirtyInit.o
                0x00000000080005e8                initUart5Pins
 .text.STM_UartInit
                0x000000000800068c       0xdc ./Core/Src/UartQuickDirtyInit.o
                0x000000000800068c                STM_UartInit
 .text.SetupUart5ExternalSim
                0x0000000008000768       0x40 ./Core/Src/UartSetUp.o
                0x0000000008000768                SetupUart5ExternalSim
 .text.uart5TxDmaSetup
                0x00000000080007a8       0xd4 ./Core/Src/UartSetUp.o
 .text.uart5TxDmaStartRepeat
                0x000000000800087c       0x4c ./Core/Src/UartSetUp.o
 .text.DMA1_Stream7_IRQHandler
                0x00000000080008c8        0x6 ./Core/Src/UartSetUp.o
                0x00000000080008c8                DMA1_Stream7_IRQHandler
 *fill*         0x00000000080008ce        0x2 
 .text.__NVIC_SetPriorityGrouping
                0x00000000080008d0       0x48 ./Core/Src/mainUART_DMA_STREAM_BUFF.o
 .text.__NVIC_EnableIRQ
                0x0000000008000918       0x3c ./Core/Src/mainUART_DMA_STREAM_BUFF.o
 .text.__NVIC_SetPriority
                0x0000000008000954       0x54 ./Core/Src/mainUART_DMA_STREAM_BUFF.o
 .text.main     0x00000000080009a8       0xac ./Core/Src/mainUART_DMA_STREAM_BUFF.o
                0x00000000080009a8                main
 .text.setupUSART1DMA_circular
                0x0000000008000a54       0xbc ./Core/Src/mainUART_DMA_STREAM_BUFF.o
                0x0000000008000a54                setupUSART1DMA_circular
 .text.startCircularReceiveDMA
                0x0000000008000b10       0x94 ./Core/Src/mainUART_DMA_STREAM_BUFF.o
                0x0000000008000b10                startCircularReceiveDMA
 .text.startUart5Traffic
                0x0000000008000ba4       0x18 ./Core/Src/mainUART_DMA_STREAM_BUFF.o
                0x0000000008000ba4                startUart5Traffic
 .text.uartPrintOutTask
                0x0000000008000bbc       0xfc ./Core/Src/mainUART_DMA_STREAM_BUFF.o
                0x0000000008000bbc                uartPrintOutTask
 .text.DMA2_Stream5_IRQHandler
                0x0000000008000cb8       0xac ./Core/Src/mainUART_DMA_STREAM_BUFF.o
                0x0000000008000cb8                DMA2_Stream5_IRQHandler
 .text.USART1_IRQHandler
                0x0000000008000d64       0x5c ./Core/Src/mainUART_DMA_STREAM_BUFF.o
                0x0000000008000d64                USART1_IRQHandler
 .text.HWInit   0x0000000008000dc0       0x18 ./Core/Src/stm32f429_init.o
                0x0000000008000dc0                HWInit
 .text.SystemClock_Config
                0x0000000008000dd8       0xd8 ./Core/Src/stm32f429_init.o
                0x0000000008000dd8                SystemClock_Config
 .text.gpioPinsInit
                0x0000000008000eb0      0x4b4 ./Core/Src/stm32f429_init.o
 .text.rngInit  0x0000000008001364       0x44 ./Core/Src/stm32f429_init.o
 .text.Error_Handler
                0x00000000080013a8        0xe ./Core/Src/stm32f429_init.o
                0x00000000080013a8                Error_Handler
 *fill*         0x00000000080013b6        0x2 
 .text.assert_failed
                0x00000000080013b8       0x1c ./Core/Src/stm32f429_init.o
                0x00000000080013b8                assert_failed
 .text.HAL_MspInit
                0x00000000080013d4       0x50 ./Core/Src/stm32f4xx_hal_msp.o
                0x00000000080013d4                HAL_MspInit
 .text.HAL_InitTick
                0x0000000008001424       0xf8 ./Core/Src/stm32f4xx_hal_timebase_tim.o
                0x0000000008001424                HAL_InitTick
 .text.NMI_Handler
                0x000000000800151c        0x6 ./Core/Src/stm32f4xx_it.o
                0x000000000800151c                NMI_Handler
 .text.HardFault_Handler
                0x0000000008001522        0x6 ./Core/Src/stm32f4xx_it.o
                0x0000000008001522                HardFault_Handler
 .text.MemManage_Handler
                0x0000000008001528        0x6 ./Core/Src/stm32f4xx_it.o
                0x0000000008001528                MemManage_Handler
 .text.BusFault_Handler
                0x000000000800152e        0x6 ./Core/Src/stm32f4xx_it.o
                0x000000000800152e                BusFault_Handler
 .text.UsageFault_Handler
                0x0000000008001534        0x6 ./Core/Src/stm32f4xx_it.o
                0x0000000008001534                UsageFault_Handler
 .text.DebugMon_Handler
                0x000000000800153a        0xe ./Core/Src/stm32f4xx_it.o
                0x000000000800153a                DebugMon_Handler
 .text.TIM6_DAC_IRQHandler
                0x0000000008001548       0x14 ./Core/Src/stm32f4xx_it.o
                0x0000000008001548                TIM6_DAC_IRQHandler
 .text.SystemInit
                0x000000000800155c       0x24 ./Core/Src/system_stm32f4xx.o
                0x000000000800155c                SystemInit
 .text.Reset_Handler
                0x0000000008001580       0x50 ./Core/Startup/startup_stm32f429zitx.o
                0x0000000008001580                Reset_Handler
 .text.Default_Handler
                0x00000000080015d0        0x2 ./Core/Startup/startup_stm32f429zitx.o
                0x00000000080015d0                RTC_Alarm_IRQHandler
                0x00000000080015d0                HASH_RNG_IRQHandler
                0x00000000080015d0                EXTI2_IRQHandler
                0x00000000080015d0                TIM8_CC_IRQHandler
                0x00000000080015d0                UART8_IRQHandler
                0x00000000080015d0                SPI4_IRQHandler
                0x00000000080015d0                TIM1_CC_IRQHandler
                0x00000000080015d0                DMA1_Stream5_IRQHandler
                0x00000000080015d0                PVD_IRQHandler
                0x00000000080015d0                SDIO_IRQHandler
                0x00000000080015d0                TAMP_STAMP_IRQHandler
                0x00000000080015d0                CAN2_RX1_IRQHandler
                0x00000000080015d0                EXTI3_IRQHandler
                0x00000000080015d0                TIM8_TRG_COM_TIM14_IRQHandler
                0x00000000080015d0                TIM1_UP_TIM10_IRQHandler
                0x00000000080015d0                TIM8_UP_TIM13_IRQHandler
                0x00000000080015d0                I2C3_ER_IRQHandler
                0x00000000080015d0                EXTI0_IRQHandler
                0x00000000080015d0                I2C2_EV_IRQHandler
                0x00000000080015d0                DMA1_Stream2_IRQHandler
                0x00000000080015d0                CAN1_RX0_IRQHandler
                0x00000000080015d0                FPU_IRQHandler
                0x00000000080015d0                OTG_HS_WKUP_IRQHandler
                0x00000000080015d0                LTDC_ER_IRQHandler
                0x00000000080015d0                CAN2_SCE_IRQHandler
                0x00000000080015d0                DMA2_Stream2_IRQHandler
                0x00000000080015d0                SPI1_IRQHandler
                0x00000000080015d0                TIM1_BRK_TIM9_IRQHandler
                0x00000000080015d0                DCMI_IRQHandler
                0x00000000080015d0                CAN2_RX0_IRQHandler
                0x00000000080015d0                DMA2_Stream3_IRQHandler
                0x00000000080015d0                USART6_IRQHandler
                0x00000000080015d0                USART3_IRQHandler
                0x00000000080015d0                CAN1_RX1_IRQHandler
                0x00000000080015d0                UART5_IRQHandler
                0x00000000080015d0                DMA2_Stream0_IRQHandler
                0x00000000080015d0                TIM4_IRQHandler
                0x00000000080015d0                I2C1_EV_IRQHandler
                0x00000000080015d0                DMA1_Stream6_IRQHandler
                0x00000000080015d0                DMA1_Stream1_IRQHandler
                0x00000000080015d0                UART4_IRQHandler
                0x00000000080015d0                TIM3_IRQHandler
                0x00000000080015d0                RCC_IRQHandler
                0x00000000080015d0                TIM8_BRK_TIM12_IRQHandler
                0x00000000080015d0                Default_Handler
                0x00000000080015d0                EXTI15_10_IRQHandler
                0x00000000080015d0                ADC_IRQHandler
                0x00000000080015d0                SPI5_IRQHandler
                0x00000000080015d0                TIM7_IRQHandler
                0x00000000080015d0                CAN2_TX_IRQHandler
                0x00000000080015d0                TIM5_IRQHandler
                0x00000000080015d0                DMA2_Stream7_IRQHandler
                0x00000000080015d0                I2C3_EV_IRQHandler
                0x00000000080015d0                EXTI9_5_IRQHandler
                0x00000000080015d0                RTC_WKUP_IRQHandler
                0x00000000080015d0                LTDC_IRQHandler
                0x00000000080015d0                ETH_WKUP_IRQHandler
                0x00000000080015d0                SPI2_IRQHandler
                0x00000000080015d0                OTG_HS_EP1_IN_IRQHandler
                0x00000000080015d0                DMA1_Stream0_IRQHandler
                0x00000000080015d0                CAN1_TX_IRQHandler
                0x00000000080015d0                EXTI4_IRQHandler
                0x00000000080015d0                ETH_IRQHandler
                0x00000000080015d0                OTG_HS_EP1_OUT_IRQHandler
                0x00000000080015d0                WWDG_IRQHandler
                0x00000000080015d0                SPI6_IRQHandler
                0x00000000080015d0                TIM2_IRQHandler
                0x00000000080015d0                OTG_FS_WKUP_IRQHandler
                0x00000000080015d0                TIM1_TRG_COM_TIM11_IRQHandler
                0x00000000080015d0                OTG_HS_IRQHandler
                0x00000000080015d0                DMA2D_IRQHandler
                0x00000000080015d0                EXTI1_IRQHandler
                0x00000000080015d0                UART7_IRQHandler
                0x00000000080015d0                USART2_IRQHandler
                0x00000000080015d0                I2C2_ER_IRQHandler
                0x00000000080015d0                DMA2_Stream1_IRQHandler
                0x00000000080015d0                CAN1_SCE_IRQHandler
                0x00000000080015d0                FLASH_IRQHandler
                0x00000000080015d0                DMA2_Stream4_IRQHandler
                0x00000000080015d0                OTG_FS_IRQHandler
                0x00000000080015d0                SPI3_IRQHandler
                0x00000000080015d0                DMA1_Stream4_IRQHandler
                0x00000000080015d0                I2C1_ER_IRQHandler
                0x00000000080015d0                FMC_IRQHandler
                0x00000000080015d0                DMA2_Stream6_IRQHandler
                0x00000000080015d0                SAI1_IRQHandler
                0x00000000080015d0                DMA1_Stream3_IRQHandler
 *fill*         0x00000000080015d2        0x2 
 .text.HAL_Init
                0x00000000080015d4       0x44 ./Drivers/STM32F4xx_HAL_Driver/Src/stm32f4xx_hal.o
                0x00000000080015d4                HAL_Init
 .text.HAL_GetTick
                0x0000000008001618       0x18 ./Drivers/STM32F4xx_HAL_Driver/Src/stm32f4xx_hal.o
                0x0000000008001618                HAL_GetTick
 .text.__NVIC_SetPriorityGrouping
                0x0000000008001630       0x48 ./Drivers/STM32F4xx_HAL_Driver/Src/stm32f4xx_hal_cortex.o
 .text.__NVIC_GetPriorityGrouping
                0x0000000008001678       0x1c ./Drivers/STM32F4xx_HAL_Driver/Src/stm32f4xx_hal_cortex.o
 .text.__NVIC_EnableIRQ
                0x0000000008001694       0x3c ./Drivers/STM32F4xx_HAL_Driver/Src/stm32f4xx_hal_cortex.o
 .text.__NVIC_SetPriority
                0x00000000080016d0       0x54 ./Drivers/STM32F4xx_HAL_Driver/Src/stm32f4xx_hal_cortex.o
 .text.NVIC_EncodePriority
                0x0000000008001724       0x66 ./Drivers/STM32F4xx_HAL_Driver/Src/stm32f4xx_hal_cortex.o
 *fill*         0x000000000800178a        0x2 
 .text.HAL_NVIC_SetPriorityGrouping
                0x000000000800178c       0x40 ./Drivers/STM32F4xx_HAL_Driver/Src/stm32f4xx_hal_cortex.o
                0x000000000800178c                HAL_NVIC_SetPriorityGrouping
 .text.HAL_NVIC_SetPriority
                0x00000000080017cc       0x58 ./Drivers/STM32F4xx_HAL_Driver/Src/stm32f4xx_hal_cortex.o
                0x00000000080017cc                HAL_NVIC_SetPriority
 .text.HAL_NVIC_EnableIRQ
                0x0000000008001824       0x30 ./Drivers/STM32F4xx_HAL_Driver/Src/stm32f4xx_hal_cortex.o
                0x0000000008001824                HAL_NVIC_EnableIRQ
 .text.HAL_DMA_Init
                0x0000000008001854      0x434 ./Drivers/STM32F4xx_HAL_Driver/Src/stm32f4xx_hal_dma.o
                0x0000000008001854                HAL_DMA_Init
 .text.HAL_DMA_Start
                0x0000000008001c88       0x94 ./Drivers/STM32F4xx_HAL_Driver/Src/stm32f4xx_hal_dma.o
                0x0000000008001c88                HAL_DMA_Start
 .text.DMA_SetConfig
                0x0000000008001d1c       0x5c ./Drivers/STM32F4xx_HAL_Driver/Src/stm32f4xx_hal_dma.o
 .text.DMA_CalcBaseAndBitshift
                0x0000000008001d78       0x6c ./Drivers/STM32F4xx_HAL_Driver/Src/stm32f4xx_hal_dma.o
 .text.DMA_CheckFifoParam
                0x0000000008001de4       0xf8 ./Drivers/STM32F4xx_HAL_Driver/Src/stm32f4xx_hal_dma.o
 .text.HAL_GPIO_Init
                0x0000000008001edc      0x644 ./Drivers/STM32F4xx_HAL_Driver/Src/stm32f4xx_hal_gpio.o
                0x0000000008001edc                HAL_GPIO_Init
 .text.HAL_GPIO_WritePin
                0x0000000008002520       0x64 ./Drivers/STM32F4xx_HAL_Driver/Src/stm32f4xx_hal_gpio.o
                0x0000000008002520                HAL_GPIO_WritePin
 .text.HAL_RCC_OscConfig
                0x0000000008002584      0x650 ./Drivers/STM32F4xx_HAL_Driver/Src/stm32f4xx_hal_rcc.o
                0x0000000008002584                HAL_RCC_OscConfig
 .text.HAL_RCC_ClockConfig
                0x0000000008002bd4      0x34c ./Drivers/STM32F4xx_HAL_Driver/Src/stm32f4xx_hal_rcc.o
                0x0000000008002bd4                HAL_RCC_ClockConfig
 .text.HAL_RCC_GetSysClockFreq
                0x0000000008002f20      0x20c ./Drivers/STM32F4xx_HAL_Driver/Src/stm32f4xx_hal_rcc.o
                0x0000000008002f20                HAL_RCC_GetSysClockFreq
 .text.HAL_RCC_GetHCLKFreq
                0x000000000800312c       0x18 ./Drivers/STM32F4xx_HAL_Driver/Src/stm32f4xx_hal_rcc.o
                0x000000000800312c                HAL_RCC_GetHCLKFreq
 .text.HAL_RCC_GetPCLK1Freq
                0x0000000008003144       0x28 ./Drivers/STM32F4xx_HAL_Driver/Src/stm32f4xx_hal_rcc.o
                0x0000000008003144                HAL_RCC_GetPCLK1Freq
 .text.HAL_RCC_GetPCLK2Freq
                0x000000000800316c       0x28 ./Drivers/STM32F4xx_HAL_Driver/Src/stm32f4xx_hal_rcc.o
                0x000000000800316c                HAL_RCC_GetPCLK2Freq
 .text.HAL_RCC_GetClockConfig
                0x0000000008003194       0x64 ./Drivers/STM32F4xx_HAL_Driver/Src/stm32f4xx_hal_rcc.o
                0x0000000008003194                HAL_RCC_GetClockConfig
 .text.HAL_TIM_Base_Init
                0x00000000080031f8      0x1e0 ./Drivers/STM32F4xx_HAL_Driver/Src/stm32f4xx_hal_tim.o
                0x00000000080031f8                HAL_TIM_Base_Init
 .text.HAL_TIM_Base_MspInit
                0x00000000080033d8       0x14 ./Drivers/STM32F4xx_HAL_Driver/Src/stm32f4xx_hal_tim.o
                0x00000000080033d8                HAL_TIM_Base_MspInit
 .text.HAL_TIM_Base_Start_IT
                0x00000000080033ec      0x18c ./Drivers/STM32F4xx_HAL_Driver/Src/stm32f4xx_hal_tim.o
                0x00000000080033ec                HAL_TIM_Base_Start_IT
 .text.HAL_TIM_IRQHandler
                0x0000000008003578      0x210 ./Drivers/STM32F4xx_HAL_Driver/Src/stm32f4xx_hal_tim.o
                0x0000000008003578                HAL_TIM_IRQHandler
 .text.HAL_TIM_PeriodElapsedCallback
                0x0000000008003788       0x14 ./Drivers/STM32F4xx_HAL_Driver/Src/stm32f4xx_hal_tim.o
                0x0000000008003788                HAL_TIM_PeriodElapsedCallback
 .text.HAL_TIM_OC_DelayElapsedCallback
                0x000000000800379c       0x14 ./Drivers/STM32F4xx_HAL_Driver/Src/stm32f4xx_hal_tim.o
                0x000000000800379c                HAL_TIM_OC_DelayElapsedCallback
 .text.HAL_TIM_IC_CaptureCallback
                0x00000000080037b0       0x14 ./Drivers/STM32F4xx_HAL_Driver/Src/stm32f4xx_hal_tim.o
                0x00000000080037b0                HAL_TIM_IC_CaptureCallback
 .text.HAL_TIM_PWM_PulseFinishedCallback
                0x00000000080037c4       0x14 ./Drivers/STM32F4xx_HAL_Driver/Src/stm32f4xx_hal_tim.o
                0x00000000080037c4                HAL_TIM_PWM_PulseFinishedCallback
 .text.HAL_TIM_TriggerCallback
                0x00000000080037d8       0x14 ./Drivers/STM32F4xx_HAL_Driver/Src/stm32f4xx_hal_tim.o
                0x00000000080037d8                HAL_TIM_TriggerCallback
 .text.TIM_Base_SetConfig
                0x00000000080037ec      0x140 ./Drivers/STM32F4xx_HAL_Driver/Src/stm32f4xx_hal_tim.o
                0x00000000080037ec                TIM_Base_SetConfig
 .text.HAL_TIMEx_CommutCallback
                0x000000000800392c       0x14 ./Drivers/STM32F4xx_HAL_Driver/Src/stm32f4xx_hal_tim_ex.o
                0x000000000800392c                HAL_TIMEx_CommutCallback
 .text.HAL_TIMEx_BreakCallback
                0x0000000008003940       0x14 ./Drivers/STM32F4xx_HAL_Driver/Src/stm32f4xx_hal_tim_ex.o
                0x0000000008003940                HAL_TIMEx_BreakCallback
 .text.HAL_UART_Init
                0x0000000008003954      0x1bc ./Drivers/STM32F4xx_HAL_Driver/Src/stm32f4xx_hal_uart.o
                0x0000000008003954                HAL_UART_Init
 .text.HAL_UART_MspInit
                0x0000000008003b10       0x14 ./Drivers/STM32F4xx_HAL_Driver/Src/stm32f4xx_hal_uart.o
                0x0000000008003b10                HAL_UART_MspInit
 .text.UART_SetConfig
                0x0000000008003b24      0x574 ./Drivers/STM32F4xx_HAL_Driver/Src/stm32f4xx_hal_uart.o
 .text.vListInitialise
                0x0000000008004098       0x40 ./common/FreeRTOS/list.o
                0x0000000008004098                vListInitialise
 .text.vListInitialiseItem
                0x00000000080040d8       0x1a ./common/FreeRTOS/list.o
                0x00000000080040d8                vListInitialiseItem
 .text.vListInsertEnd
                0x00000000080040f2       0x48 ./common/FreeRTOS/list.o
                0x00000000080040f2                vListInsertEnd
 .text.vListInsert
                0x000000000800413a       0x72 ./common/FreeRTOS/list.o
                0x000000000800413a                vListInsert
 .text.uxListRemove
                0x00000000080041ac       0x54 ./common/FreeRTOS/list.o
                0x00000000080041ac                uxListRemove
 .text.xQueueGenericReset
                0x0000000008004200       0xd0 ./common/FreeRTOS/queue.o
                0x0000000008004200                xQueueGenericReset
 .text.xQueueGenericCreate
                0x00000000080042d0       0xbe ./common/FreeRTOS/queue.o
                0x00000000080042d0                xQueueGenericCreate
 .text.prvInitialiseNewQueue
                0x000000000800438e       0x52 ./common/FreeRTOS/queue.o
 .text.xQueueGenericSend
                0x00000000080043e0      0x24c ./common/FreeRTOS/queue.o
                0x00000000080043e0                xQueueGenericSend
 .text.xQueueGenericSendFromISR
                0x000000000800462c      0x17c ./common/FreeRTOS/queue.o
                0x000000000800462c                xQueueGenericSendFromISR
 .text.xQueueReceive
                0x00000000080047a8      0x220 ./common/FreeRTOS/queue.o
                0x00000000080047a8                xQueueReceive
 .text.prvCopyDataToQueue
                0x00000000080049c8       0xd4 ./common/FreeRTOS/queue.o
 .text.prvCopyDataFromQueue
                0x0000000008004a9c       0x4c ./common/FreeRTOS/queue.o
 .text.prvUnlockQueue
                0x0000000008004ae8       0xa4 ./common/FreeRTOS/queue.o
 .text.prvIsQueueEmpty
                0x0000000008004b8c       0x2c ./common/FreeRTOS/queue.o
 .text.prvIsQueueFull
                0x0000000008004bb8       0x30 ./common/FreeRTOS/queue.o
 .text.vQueueAddToRegistry
                0x0000000008004be8       0x64 ./common/FreeRTOS/queue.o
                0x0000000008004be8                vQueueAddToRegistry
 .text.vQueueWaitForMessageRestricted
                0x0000000008004c4c       0x68 ./common/FreeRTOS/queue.o
                0x0000000008004c4c                vQueueWaitForMessageRestricted
 .text.xStreamBufferGenericCreate
                0x0000000008004cb4       0xde ./common/FreeRTOS/stream_buffer.o
                0x0000000008004cb4                xStreamBufferGenericCreate
 .text.xStreamBufferSpacesAvailable
                0x0000000008004d92       0x66 ./common/FreeRTOS/stream_buffer.o
                0x0000000008004d92                xStreamBufferSpacesAvailable
 .text.xStreamBufferSendFromISR
                0x0000000008004df8       0xf2 ./common/FreeRTOS/stream_buffer.o
                0x0000000008004df8                xStreamBufferSendFromISR
 .text.prvWriteMessageToBuffer
                0x0000000008004eea       0x7a ./common/FreeRTOS/stream_buffer.o
 .text.xStreamBufferReceive
                0x0000000008004f64      0x14e ./common/FreeRTOS/stream_buffer.o
                0x0000000008004f64                xStreamBufferReceive
 .text.prvReadMessageFromBuffer
                0x00000000080050b2       0x64 ./common/FreeRTOS/stream_buffer.o
 .text.prvWriteBytesToBuffer
                0x0000000008005116       0xe4 ./common/FreeRTOS/stream_buffer.o
 .text.prvReadBytesFromBuffer
                0x00000000080051fa       0xf4 ./common/FreeRTOS/stream_buffer.o
 .text.prvBytesInBuffer
                0x00000000080052ee       0x40 ./common/FreeRTOS/stream_buffer.o
 .text.prvInitialiseNewStreamBuffer
                0x000000000800532e       0x66 ./common/FreeRTOS/stream_buffer.o
 .text.xTaskCreate
                0x0000000008005394       0x82 ./common/FreeRTOS/tasks.o
                0x0000000008005394                xTaskCreate
 .text.prvInitialiseNewTask
                0x0000000008005416      0x12c ./common/FreeRTOS/tasks.o
 *fill*         0x0000000008005542        0x2 
 .text.prvAddNewTaskToReadyList
                0x0000000008005544      0x118 ./common/FreeRTOS/tasks.o
 .text.vTaskStartScheduler
                0x000000000800565c       0xc4 ./common/FreeRTOS/tasks.o
                0x000000000800565c                vTaskStartScheduler
 .text.vTaskSuspendAll
                0x0000000008005720       0x1c ./common/FreeRTOS/tasks.o
                0x0000000008005720                vTaskSuspendAll
 .text.xTaskResumeAll
                0x000000000800573c      0x140 ./common/FreeRTOS/tasks.o
                0x000000000800573c                xTaskResumeAll
 .text.xTaskGetTickCount
                0x000000000800587c       0x20 ./common/FreeRTOS/tasks.o
                0x000000000800587c                xTaskGetTickCount
 .text.xTaskGetTickCountFromISR
                0x000000000800589c       0x24 ./common/FreeRTOS/tasks.o
                0x000000000800589c                xTaskGetTickCountFromISR
 .text.xTaskIncrementTick
                0x00000000080058c0      0x178 ./common/FreeRTOS/tasks.o
                0x00000000080058c0                xTaskIncrementTick
 .text.vTaskSwitchContext
                0x0000000008005a38       0xd4 ./common/FreeRTOS/tasks.o
                0x0000000008005a38                vTaskSwitchContext
 .text.vTaskPlaceOnEventList
                0x0000000008005b0c       0x48 ./common/FreeRTOS/tasks.o
                0x0000000008005b0c                vTaskPlaceOnEventList
 .text.vTaskPlaceOnEventListRestricted
                0x0000000008005b54       0x5c ./common/FreeRTOS/tasks.o
                0x0000000008005b54                vTaskPlaceOnEventListRestricted
 .text.xTaskRemoveFromEventList
                0x0000000008005bb0       0xcc ./common/FreeRTOS/tasks.o
                0x0000000008005bb0                xTaskRemoveFromEventList
 .text.vTaskInternalSetTimeOutState
                0x0000000008005c7c       0x2c ./common/FreeRTOS/tasks.o
                0x0000000008005c7c                vTaskInternalSetTimeOutState
 .text.xTaskCheckForTimeOut
                0x0000000008005ca8       0xcc ./common/FreeRTOS/tasks.o
                0x0000000008005ca8                xTaskCheckForTimeOut
 .text.vTaskMissedYield
                0x0000000008005d74       0x18 ./common/FreeRTOS/tasks.o
                0x0000000008005d74                vTaskMissedYield
 .text.prvIdleTask
                0x0000000008005d8c       0x30 ./common/FreeRTOS/tasks.o
 .text.prvInitialiseTaskLists
                0x0000000008005dbc       0x80 ./common/FreeRTOS/tasks.o
 .text.prvCheckTasksWaitingTermination
                0x0000000008005e3c       0x5c ./common/FreeRTOS/tasks.o
 .text.prvDeleteTCB
                0x0000000008005e98       0x20 ./common/FreeRTOS/tasks.o
 .text.prvResetNextTaskUnblockTime
                0x0000000008005eb8       0x38 ./common/FreeRTOS/tasks.o
 .text.xTaskGetCurrentTaskHandle
                0x0000000008005ef0       0x20 ./common/FreeRTOS/tasks.o
                0x0000000008005ef0                xTaskGetCurrentTaskHandle
 .text.xTaskGetSchedulerState
                0x0000000008005f10       0x3c ./common/FreeRTOS/tasks.o
                0x0000000008005f10                xTaskGetSchedulerState
 .text.xTaskPriorityDisinherit
                0x0000000008005f4c      0x100 ./common/FreeRTOS/tasks.o
                0x0000000008005f4c                xTaskPriorityDisinherit
 .text.xTaskGenericNotifyWait
                0x000000000800604c      0x110 ./common/FreeRTOS/tasks.o
                0x000000000800604c                xTaskGenericNotifyWait
 .text.xTaskGenericNotify
                0x000000000800615c      0x1e4 ./common/FreeRTOS/tasks.o
                0x000000000800615c                xTaskGenericNotify
 .text.xTaskGenericNotifyFromISR
                0x0000000008006340      0x22c ./common/FreeRTOS/tasks.o
                0x0000000008006340                xTaskGenericNotifyFromISR
 .text.xTaskGenericNotifyStateClear
                0x000000000800656c       0x74 ./common/FreeRTOS/tasks.o
                0x000000000800656c                xTaskGenericNotifyStateClear
 .text.prvAddCurrentTaskToDelayedList
                0x00000000080065e0       0xf0 ./common/FreeRTOS/tasks.o
 .text.xTimerCreateTimerTask
                0x00000000080066d0       0x64 ./common/FreeRTOS/timers.o
                0x00000000080066d0                xTimerCreateTimerTask
 .text.xTimerCreate
                0x0000000008006734       0x42 ./common/FreeRTOS/timers.o
                0x0000000008006734                xTimerCreate
 .text.prvInitialiseNewTimer
                0x0000000008006776       0x76 ./common/FreeRTOS/timers.o
 .text.xTimerGenericCommand
                0x00000000080067ec       0x9c ./common/FreeRTOS/timers.o
                0x00000000080067ec                xTimerGenericCommand
 .text.prvProcessExpiredTimer
                0x0000000008006888       0x98 ./common/FreeRTOS/timers.o
 .text.prvTimerTask
                0x0000000008006920       0x24 ./common/FreeRTOS/timers.o
 .text.prvProcessTimerOrBlockTask
                0x0000000008006944       0x9c ./common/FreeRTOS/timers.o
 .text.prvGetNextExpireTime
                0x00000000080069e0       0x48 ./common/FreeRTOS/timers.o
 .text.prvSampleTimeNow
                0x0000000008006a28       0x40 ./common/FreeRTOS/timers.o
 .text.prvInsertTimerInActiveList
                0x0000000008006a68       0x84 ./common/FreeRTOS/timers.o
 .text.prvProcessReceivedCommands
                0x0000000008006aec      0x18c ./common/FreeRTOS/timers.o
 .text.prvSwitchTimerLists
                0x0000000008006c78       0xc8 ./common/FreeRTOS/timers.o
 .text.prvCheckForValidListAndQueue
                0x0000000008006d40       0x6c ./common/FreeRTOS/timers.o
 .text.pxPortInitialiseStack
                0x0000000008006dac       0x68 ./common/FreeRTOS/portable/GCC/ARM_CM4F/port.o
                0x0000000008006dac                pxPortInitialiseStack
 .text.prvTaskExitError
                0x0000000008006e14       0x58 ./common/FreeRTOS/portable/GCC/ARM_CM4F/port.o
 *fill*         0x0000000008006e6c        0x4 
 .text.SVC_Handler
                0x0000000008006e70       0x28 ./common/FreeRTOS/portable/GCC/ARM_CM4F/port.o
                0x0000000008006e70                SVC_Handler
 .text.prvPortStartFirstTask
                0x0000000008006e98       0x2c ./common/FreeRTOS/portable/GCC/ARM_CM4F/port.o
 .text.xPortStartScheduler
                0x0000000008006ec4      0x144 ./common/FreeRTOS/portable/GCC/ARM_CM4F/port.o
                0x0000000008006ec4                xPortStartScheduler
 .text.vPortEnterCritical
                0x0000000008007008       0x60 ./common/FreeRTOS/portable/GCC/ARM_CM4F/port.o
                0x0000000008007008                vPortEnterCritical
 .text.vPortExitCritical
                0x0000000008007068       0x54 ./common/FreeRTOS/portable/GCC/ARM_CM4F/port.o
                0x0000000008007068                vPortExitCritical
 *fill*         0x00000000080070bc        0x4 
 .text.PendSV_Handler
                0x00000000080070c0       0x68 ./common/FreeRTOS/portable/GCC/ARM_CM4F/port.o
                0x00000000080070c0                PendSV_Handler
 .text.SysTick_Handler
                0x0000000008007128       0x54 ./common/FreeRTOS/portable/GCC/ARM_CM4F/port.o
                0x0000000008007128                SysTick_Handler
 .text.vPortSetupTimerInterrupt
                0x000000000800717c       0x48 ./common/FreeRTOS/portable/GCC/ARM_CM4F/port.o
                0x000000000800717c                vPortSetupTimerInterrupt
 .text.vPortEnableVFP
                0x00000000080071c4       0x18 ./common/FreeRTOS/portable/GCC/ARM_CM4F/port.o
 .text.vPortValidateInterruptPriority
                0x00000000080071dc       0x80 ./common/FreeRTOS/portable/GCC/ARM_CM4F/port.o
                0x00000000080071dc                vPortValidateInterruptPriority
 .text.pvPortMalloc
                0x000000000800725c      0x1c0 ./common/FreeRTOS/portable/MemMang/heap_4.o
                0x000000000800725c                pvPortMalloc
 .text.vPortFree
                0x000000000800741c       0xc4 ./common/FreeRTOS/portable/MemMang/heap_4.o
                0x000000000800741c                vPortFree
 .text.prvHeapInit
                0x00000000080074e0       0xc4 ./common/FreeRTOS/portable/MemMang/heap_4.o
 .text.prvInsertBlockIntoFreeList
                0x00000000080075a4       0xb4 ./common/FreeRTOS/portable/MemMang/heap_4.o
 .text._DoInit  0x0000000008007658       0xb4 ./common/SEGGER/SEGGER/SEGGER_RTT.o
 .text.SEGGER_RTT_ReadNoLock
                0x000000000800770c      0x10c ./common/SEGGER/SEGGER/SEGGER_RTT.o
                0x000000000800770c                SEGGER_RTT_ReadNoLock
 .text.SEGGER_RTT_AllocUpBuffer
                0x0000000008007818      0x108 ./common/SEGGER/SEGGER/SEGGER_RTT.o
                0x0000000008007818                SEGGER_RTT_AllocUpBuffer
 .text.SEGGER_RTT_ConfigDownBuffer
                0x0000000008007920       0x98 ./common/SEGGER/SEGGER/SEGGER_RTT.o
                0x0000000008007920                SEGGER_RTT_ConfigDownBuffer
 .text._EncodeStr
                0x00000000080079b8       0xa0 ./common/SEGGER/SEGGER/SEGGER_SYSVIEW.o
 .text._PreparePacket
                0x0000000008007a58       0x18 ./common/SEGGER/SEGGER/SEGGER_SYSVIEW.o
 .text._HandleIncomingPacket
                0x0000000008007a70       0xe0 ./common/SEGGER/SEGGER/SEGGER_SYSVIEW.o
 .text._TrySendOverflowPacket
                0x0000000008007b50       0xe4 ./common/SEGGER/SEGGER/SEGGER_SYSVIEW.o
 .text._SendPacket
                0x0000000008007c34      0x2dc ./common/SEGGER/SEGGER/SEGGER_SYSVIEW.o
 .text._VPrintHost
                0x0000000008007f10      0x17c ./common/SEGGER/SEGGER/SEGGER_SYSVIEW.o
 .text.SEGGER_SYSVIEW_Init
                0x000000000800808c       0x88 ./common/SEGGER/SEGGER/SEGGER_SYSVIEW.o
                0x000000000800808c                SEGGER_SYSVIEW_Init
 .text.SEGGER_SYSVIEW_SetRAMBase
                0x0000000008008114       0x20 ./common/SEGGER/SEGGER/SEGGER_SYSVIEW.o
                0x0000000008008114                SEGGER_SYSVIEW_SetRAMBase
 .text.SEGGER_SYSVIEW_RecordVoid
                0x0000000008008134       0x3c ./common/SEGGER/SEGGER/SEGGER_SYSVIEW.o
                0x0000000008008134                SEGGER_SYSVIEW_RecordVoid
 .text.SEGGER_SYSVIEW_RecordU32
                0x0000000008008170       0x78 ./common/SEGGER/SEGGER/SEGGER_SYSVIEW.o
                0x0000000008008170                SEGGER_SYSVIEW_RecordU32
 .text.SEGGER_SYSVIEW_RecordU32x2
                0x00000000080081e8       0xb4 ./common/SEGGER/SEGGER/SEGGER_SYSVIEW.o
                0x00000000080081e8                SEGGER_SYSVIEW_RecordU32x2
 .text.SEGGER_SYSVIEW_RecordU32x3
                0x000000000800829c       0xec ./common/SEGGER/SEGGER/SEGGER_SYSVIEW.o
                0x000000000800829c                SEGGER_SYSVIEW_RecordU32x3
 .text.SEGGER_SYSVIEW_RecordU32x4
                0x0000000008008388      0x124 ./common/SEGGER/SEGGER/SEGGER_SYSVIEW.o
                0x0000000008008388                SEGGER_SYSVIEW_RecordU32x4
 .text.SEGGER_SYSVIEW_RecordU32x5
                0x00000000080084ac      0x15c ./common/SEGGER/SEGGER/SEGGER_SYSVIEW.o
                0x00000000080084ac                SEGGER_SYSVIEW_RecordU32x5
 .text.SEGGER_SYSVIEW_Start
                0x0000000008008608      0x174 ./common/SEGGER/SEGGER/SEGGER_SYSVIEW.o
                0x0000000008008608                SEGGER_SYSVIEW_Start
 .text.SEGGER_SYSVIEW_Stop
                0x000000000800877c       0x4c ./common/SEGGER/SEGGER/SEGGER_SYSVIEW.o
                0x000000000800877c                SEGGER_SYSVIEW_Stop
 .text.SEGGER_SYSVIEW_GetSysDesc
                0x00000000080087c8      0x134 ./common/SEGGER/SEGGER/SEGGER_SYSVIEW.o
                0x00000000080087c8                SEGGER_SYSVIEW_GetSysDesc
 .text.SEGGER_SYSVIEW_SendTaskInfo
                0x00000000080088fc      0x1c8 ./common/SEGGER/SEGGER/SEGGER_SYSVIEW.o
                0x00000000080088fc                SEGGER_SYSVIEW_SendTaskInfo
 .text.SEGGER_SYSVIEW_SendTaskList
                0x0000000008008ac4       0x28 ./common/SEGGER/SEGGER/SEGGER_SYSVIEW.o
                0x0000000008008ac4                SEGGER_SYSVIEW_SendTaskList
 .text.SEGGER_SYSVIEW_SendSysDesc
                0x0000000008008aec       0x48 ./common/SEGGER/SEGGER/SEGGER_SYSVIEW.o
                0x0000000008008aec                SEGGER_SYSVIEW_SendSysDesc
 .text.SEGGER_SYSVIEW_RecordSystime
                0x0000000008008b34       0x64 ./common/SEGGER/SEGGER/SEGGER_SYSVIEW.o
                0x0000000008008b34                SEGGER_SYSVIEW_RecordSystime
 .text.SEGGER_SYSVIEW_RecordEnterISR
                0x0000000008008b98       0x84 ./common/SEGGER/SEGGER/SEGGER_SYSVIEW.o
                0x0000000008008b98                SEGGER_SYSVIEW_RecordEnterISR
 .text.SEGGER_SYSVIEW_RecordExitISR
                0x0000000008008c1c       0x38 ./common/SEGGER/SEGGER/SEGGER_SYSVIEW.o
                0x0000000008008c1c                SEGGER_SYSVIEW_RecordExitISR
 .text.SEGGER_SYSVIEW_RecordExitISRToScheduler
                0x0000000008008c54       0x38 ./common/SEGGER/SEGGER/SEGGER_SYSVIEW.o
                0x0000000008008c54                SEGGER_SYSVIEW_RecordExitISRToScheduler
 .text.SEGGER_SYSVIEW_OnIdle
                0x0000000008008c8c       0x38 ./common/SEGGER/SEGGER/SEGGER_SYSVIEW.o
                0x0000000008008c8c                SEGGER_SYSVIEW_OnIdle
 .text.SEGGER_SYSVIEW_OnTaskCreate
                0x0000000008008cc4       0x84 ./common/SEGGER/SEGGER/SEGGER_SYSVIEW.o
                0x0000000008008cc4                SEGGER_SYSVIEW_OnTaskCreate
 .text.SEGGER_SYSVIEW_OnTaskStartExec
                0x0000000008008d48       0x84 ./common/SEGGER/SEGGER/SEGGER_SYSVIEW.o
                0x0000000008008d48                SEGGER_SYSVIEW_OnTaskStartExec
 .text.SEGGER_SYSVIEW_OnTaskStartReady
                0x0000000008008dcc       0x84 ./common/SEGGER/SEGGER/SEGGER_SYSVIEW.o
                0x0000000008008dcc                SEGGER_SYSVIEW_OnTaskStartReady
 .text.SEGGER_SYSVIEW_OnTaskStopReady
                0x0000000008008e50       0xc0 ./common/SEGGER/SEGGER/SEGGER_SYSVIEW.o
                0x0000000008008e50                SEGGER_SYSVIEW_OnTaskStopReady
 .text.SEGGER_SYSVIEW_ShrinkId
                0x0000000008008f10       0x20 ./common/SEGGER/SEGGER/SEGGER_SYSVIEW.o
                0x0000000008008f10                SEGGER_SYSVIEW_ShrinkId
 .text.SEGGER_SYSVIEW_SendModule
                0x0000000008008f30      0x100 ./common/SEGGER/SEGGER/SEGGER_SYSVIEW.o
                0x0000000008008f30                SEGGER_SYSVIEW_SendModule
 .text.SEGGER_SYSVIEW_SendModuleDescription
                0x0000000008009030       0x3c ./common/SEGGER/SEGGER/SEGGER_SYSVIEW.o
                0x0000000008009030                SEGGER_SYSVIEW_SendModuleDescription
 .text.SEGGER_SYSVIEW_SendNumModules
                0x000000000800906c       0x7c ./common/SEGGER/SEGGER/SEGGER_SYSVIEW.o
                0x000000000800906c                SEGGER_SYSVIEW_SendNumModules
 .text.SEGGER_SYSVIEW_PrintfHost
                0x00000000080090e8       0x28 ./common/SEGGER/SEGGER/SEGGER_SYSVIEW.o
                0x00000000080090e8                SEGGER_SYSVIEW_PrintfHost
 .text.SEGGER_SYSVIEW_Print
                0x0000000008009110       0xb8 ./common/SEGGER/SEGGER/SEGGER_SYSVIEW.o
                0x0000000008009110                SEGGER_SYSVIEW_Print
 .text.SEGGER_SYSVIEW_Warn
                0x00000000080091c8       0xb8 ./common/SEGGER/SEGGER/SEGGER_SYSVIEW.o
                0x00000000080091c8                SEGGER_SYSVIEW_Warn
 .text._cbSendSystemDesc
                0x0000000008009280       0x1c ./common/SEGGER/config/SEGGER_SYSVIEW_Config_FreeRTOS.o
 .text.SEGGER_SYSVIEW_Conf
                0x000000000800929c       0x2c ./common/SEGGER/config/SEGGER_SYSVIEW_Config_FreeRTOS.o
                0x000000000800929c                SEGGER_SYSVIEW_Conf
 .text._cbSendTaskList
                0x00000000080092c8       0x90 ./common/SEGGER/os/SEGGER_SYSVIEW_FreeRTOS.o
 .text._cbGetTime
                0x0000000008009358       0x86 ./common/SEGGER/os/SEGGER_SYSVIEW_FreeRTOS.o
 *fill*         0x00000000080093de        0x2 
 .text.SYSVIEW_AddTask
                0x00000000080093e0       0xd0 ./common/SEGGER/os/SEGGER_SYSVIEW_FreeRTOS.o
                0x00000000080093e0                SYSVIEW_AddTask
 .text.SYSVIEW_SendTaskInfo
                0x00000000080094b0       0x42 ./common/SEGGER/os/SEGGER_SYSVIEW_FreeRTOS.o
                0x00000000080094b0                SYSVIEW_SendTaskInfo
 *fill*         0x00000000080094f2        0x2 
 .text.__libc_init_array
                0x00000000080094f4       0x48 c:/st/stm32cubeide_1.12.1/stm32cubeide/plugins/com.st.stm32cube.ide.mcu.externaltools.gnu-tools-for-stm32.10.3-2021.10.win32_1.0.200.202301161003/tools/bin/../lib/gcc/arm-none-eabi/10.3.1/../../../../arm-none-eabi/lib/thumb/v7e-m+fp/hard\libc_nano.a(lib_a-init.o)
                0x00000000080094f4                __libc_init_array
 .text.memcmp   0x000000000800953c       0x20 c:/st/stm32cubeide_1.12.1/stm32cubeide/plugins/com.st.stm32cube.ide.mcu.externaltools.gnu-tools-for-stm32.10.3-2021.10.win32_1.0.200.202301161003/tools/bin/../lib/gcc/arm-none-eabi/10.3.1/../../../../arm-none-eabi/lib/thumb/v7e-m+fp/hard\libc_nano.a(lib_a-memcmp.o)
                0x000000000800953c                memcmp
 .text.memcpy   0x000000000800955c       0x1c c:/st/stm32cubeide_1.12.1/stm32cubeide/plugins/com.st.stm32cube.ide.mcu.externaltools.gnu-tools-for-stm32.10.3-2021.10.win32_1.0.200.202301161003/tools/bin/../lib/gcc/arm-none-eabi/10.3.1/../../../../arm-none-eabi/lib/thumb/v7e-m+fp/hard\libc_nano.a(lib_a-memcpy-stub.o)
                0x000000000800955c                memcpy
 .text.memset   0x0000000008009578       0x10 c:/st/stm32cubeide_1.12.1/stm32cubeide/plugins/com.st.stm32cube.ide.mcu.externaltools.gnu-tools-for-stm32.10.3-2021.10.win32_1.0.200.202301161003/tools/bin/../lib/gcc/arm-none-eabi/10.3.1/../../../../arm-none-eabi/lib/thumb/v7e-m+fp/hard\libc_nano.a(lib_a-memset.o)
                0x0000000008009578                memset
 *(.glue_7)
 .glue_7        0x0000000008009588        0x0 linker stubs
 *(.glue_7t)
 .glue_7t       0x0000000008009588        0x0 linker stubs
 *(.eh_frame)
 .eh_frame      0x0000000008009588        0x0 c:/st/stm32cubeide_1.12.1/stm32cubeide/plugins/com.st.stm32cube.ide.mcu.externaltools.gnu-tools-for-stm32.10.3-2021.10.win32_1.0.200.202301161003/tools/bin/../lib/gcc/arm-none-eabi/10.3.1/thumb/v7e-m+fp/hard/crtbegin.o
 *(.init)
 .init          0x0000000008009588        0x4 c:/st/stm32cubeide_1.12.1/stm32cubeide/plugins/com.st.stm32cube.ide.mcu.externaltools.gnu-tools-for-stm32.10.3-2021.10.win32_1.0.200.202301161003/tools/bin/../lib/gcc/arm-none-eabi/10.3.1/thumb/v7e-m+fp/hard/crti.o
                0x0000000008009588                _init
 .init          0x000000000800958c        0x8 c:/st/stm32cubeide_1.12.1/stm32cubeide/plugins/com.st.stm32cube.ide.mcu.externaltools.gnu-tools-for-stm32.10.3-2021.10.win32_1.0.200.202301161003/tools/bin/../lib/gcc/arm-none-eabi/10.3.1/thumb/v7e-m+fp/hard/crtn.o
 *(.fini)
 .fini          0x0000000008009594        0x4 c:/st/stm32cubeide_1.12.1/stm32cubeide/plugins/com.st.stm32cube.ide.mcu.externaltools.gnu-tools-for-stm32.10.3-2021.10.win32_1.0.200.202301161003/tools/bin/../lib/gcc/arm-none-eabi/10.3.1/thumb/v7e-m+fp/hard/crti.o
                0x0000000008009594                _fini
 .fini          0x0000000008009598        0x8 c:/st/stm32cubeide_1.12.1/stm32cubeide/plugins/com.st.stm32cube.ide.mcu.externaltools.gnu-tools-for-stm32.10.3-2021.10.win32_1.0.200.202301161003/tools/bin/../lib/gcc/arm-none-eabi/10.3.1/thumb/v7e-m+fp/hard/crtn.o
                0x00000000080095a0                . = ALIGN (0x4)
                0x00000000080095a0                _etext = .

.vfp11_veneer   0x00000000080095a0        0x0
 .vfp11_veneer  0x00000000080095a0        0x0 linker stubs

.v4_bx          0x00000000080095a0        0x0
 .v4_bx         0x00000000080095a0        0x0 linker stubs

.iplt           0x00000000080095a0        0x0
 .iplt          0x00000000080095a0        0x0 c:/st/stm32cubeide_1.12.1/stm32cubeide/plugins/com.st.stm32cube.ide.mcu.externaltools.gnu-tools-for-stm32.10.3-2021.10.win32_1.0.200.202301161003/tools/bin/../lib/gcc/arm-none-eabi/10.3.1/thumb/v7e-m+fp/hard/crtbegin.o

.rodata         0x00000000080095a0      0x36c
                0x00000000080095a0                . = ALIGN (0x4)
 *(.rodata)
 .rodata        0x00000000080095a0       0x21 ./Core/Src/UartQuickDirtyInit.o
 *fill*         0x00000000080095c1        0x3 
 .rodata        0x00000000080095c4       0x18 ./Core/Src/UartSetUp.o
 .rodata        0x00000000080095dc       0x5c ./Core/Src/mainUART_DMA_STREAM_BUFF.o
 .rodata        0x0000000008009638       0x42 ./Core/Src/stm32f429_init.o
 *fill*         0x000000000800967a        0x2 
 .rodata        0x000000000800967c       0x3b ./Drivers/STM32F4xx_HAL_Driver/Src/stm32f4xx_hal_cortex.o
 *fill*         0x00000000080096b7        0x1 
 .rodata        0x00000000080096b8       0x38 ./Drivers/STM32F4xx_HAL_Driver/Src/stm32f4xx_hal_dma.o
 .rodata        0x00000000080096f0       0x39 ./Drivers/STM32F4xx_HAL_Driver/Src/stm32f4xx_hal_gpio.o
 *fill*         0x0000000008009729        0x3 
 .rodata        0x000000000800972c       0x38 ./Drivers/STM32F4xx_HAL_Driver/Src/stm32f4xx_hal_rcc.o
 .rodata        0x0000000008009764       0x38 ./Drivers/STM32F4xx_HAL_Driver/Src/stm32f4xx_hal_tim.o
 .rodata        0x000000000800979c       0x39 ./Drivers/STM32F4xx_HAL_Driver/Src/stm32f4xx_hal_uart.o
 *fill*         0x00000000080097d5        0x3 
 .rodata        0x00000000080097d8        0x5 ./common/FreeRTOS/tasks.o
 *fill*         0x00000000080097dd        0x3 
 .rodata        0x00000000080097e0        0xd ./common/FreeRTOS/timers.o
 *fill*         0x00000000080097ed        0x3 
 .rodata        0x00000000080097f0        0x9 ./common/SEGGER/SEGGER/SEGGER_RTT.o
 *fill*         0x00000000080097f9        0x3 
 .rodata        0x00000000080097fc        0x8 ./common/SEGGER/SEGGER/SEGGER_SYSVIEW.o
 .rodata        0x0000000008009804       0x51 ./common/SEGGER/config/SEGGER_SYSVIEW_Config_FreeRTOS.o
 *fill*         0x0000000008009855        0x3 
 .rodata        0x0000000008009858       0x58 ./common/SEGGER/os/SEGGER_SYSVIEW_FreeRTOS.o
 *(.rodata*)
 .rodata.uart5Msg
                0x00000000080098b0       0x10 ./Core/Src/UartSetUp.o
 .rodata.maxBytesReceived.0
                0x00000000080098c0        0x1 ./Core/Src/mainUART_DMA_STREAM_BUFF.o
 *fill*         0x00000000080098c1        0x3 
 .rodata.AHBPrescTable
                0x00000000080098c4       0x10 ./Core/Src/system_stm32f4xx.o
                0x00000000080098c4                AHBPrescTable
 .rodata.APBPrescTable
                0x00000000080098d4        0x8 ./Core/Src/system_stm32f4xx.o
                0x00000000080098d4                APBPrescTable
 .rodata.flagBitshiftOffset.0
                0x00000000080098dc        0x8 ./Drivers/STM32F4xx_HAL_Driver/Src/stm32f4xx_hal_dma.o
 .rodata._aInitStr.0
                0x00000000080098e4       0x11 ./common/SEGGER/SEGGER/SEGGER_RTT.o
 *fill*         0x00000000080098f5        0x3 
 .rodata._abSync
                0x00000000080098f8        0xa ./common/SEGGER/SEGGER/SEGGER_SYSVIEW.o
 *fill*         0x0000000008009902        0x2 
 .rodata.SYSVIEW_X_OS_TraceAPI
                0x0000000008009904        0x8 ./common/SEGGER/os/SEGGER_SYSVIEW_FreeRTOS.o
                0x0000000008009904                SYSVIEW_X_OS_TraceAPI
                0x000000000800990c                . = ALIGN (0x4)

.ARM.extab      0x000000000800990c        0x0
                0x000000000800990c                . = ALIGN (0x4)
 *(.ARM.extab* .gnu.linkonce.armextab.*)
                0x000000000800990c                . = ALIGN (0x4)

.ARM            0x000000000800990c        0x8
                0x000000000800990c                . = ALIGN (0x4)
                0x000000000800990c                __exidx_start = .
 *(.ARM.exidx*)
 .ARM.exidx     0x000000000800990c        0x8 c:/st/stm32cubeide_1.12.1/stm32cubeide/plugins/com.st.stm32cube.ide.mcu.externaltools.gnu-tools-for-stm32.10.3-2021.10.win32_1.0.200.202301161003/tools/bin/../lib/gcc/arm-none-eabi/10.3.1/thumb/v7e-m+fp/hard\libgcc.a(_udivmoddi4.o)
                0x0000000008009914                __exidx_end = .
                0x0000000008009914                . = ALIGN (0x4)

.rel.dyn        0x0000000008009914        0x0
 .rel.iplt      0x0000000008009914        0x0 c:/st/stm32cubeide_1.12.1/stm32cubeide/plugins/com.st.stm32cube.ide.mcu.externaltools.gnu-tools-for-stm32.10.3-2021.10.win32_1.0.200.202301161003/tools/bin/../lib/gcc/arm-none-eabi/10.3.1/thumb/v7e-m+fp/hard/crtbegin.o

.preinit_array  0x0000000008009914        0x0
                0x0000000008009914                . = ALIGN (0x4)
                0x0000000008009914                PROVIDE (__preinit_array_start = .)
 *(.preinit_array*)
                0x0000000008009914                PROVIDE (__preinit_array_end = .)
                0x0000000008009914                . = ALIGN (0x4)

.init_array     0x0000000008009914        0x4
                0x0000000008009914                . = ALIGN (0x4)
                0x0000000008009914                PROVIDE (__init_array_start = .)
 *(SORT_BY_NAME(.init_array.*))
 *(.init_array*)
 .init_array    0x0000000008009914        0x4 c:/st/stm32cubeide_1.12.1/stm32cubeide/plugins/com.st.stm32cube.ide.mcu.externaltools.gnu-tools-for-stm32.10.3-2021.10.win32_1.0.200.202301161003/tools/bin/../lib/gcc/arm-none-eabi/10.3.1/thumb/v7e-m+fp/hard/crtbegin.o
                0x0000000008009918                PROVIDE (__init_array_end = .)
                0x0000000008009918                . = ALIGN (0x4)

.fini_array     0x0000000008009918        0x4
                0x0000000008009918                . = ALIGN (0x4)
                [!provide]                        PROVIDE (__fini_array_start = .)
 *(SORT_BY_NAME(.fini_array.*))
 *(.fini_array*)
 .fini_array    0x0000000008009918        0x4 c:/st/stm32cubeide_1.12.1/stm32cubeide/plugins/com.st.stm32cube.ide.mcu.externaltools.gnu-tools-for-stm32.10.3-2021.10.win32_1.0.200.202301161003/tools/bin/../lib/gcc/arm-none-eabi/10.3.1/thumb/v7e-m+fp/hard/crtbegin.o
                [!provide]                        PROVIDE (__fini_array_end = .)
                0x000000000800991c                . = ALIGN (0x4)
                0x000000000800991c                _sidata = LOADADDR (.data)

.data           0x0000000020000000       0x10 load address 0x000000000800991c
                0x0000000020000000                . = ALIGN (0x4)
                0x0000000020000000                _sdata = .
 *(.data)
 *(.data*)
 .data.SystemCoreClock
                0x0000000020000000        0x4 ./Core/Src/system_stm32f4xx.o
                0x0000000020000000                SystemCoreClock
 .data.uwTickPrio
                0x0000000020000004        0x4 ./Drivers/STM32F4xx_HAL_Driver/Src/stm32f4xx_hal.o
                0x0000000020000004                uwTickPrio
 .data.uxTopUsedPriority
                0x0000000020000008        0x4 ./common/FreeRTOS/tasks.o
                0x0000000020000008                uxTopUsedPriority
 .data.uxCriticalNesting
                0x000000002000000c        0x4 ./common/FreeRTOS/portable/GCC/ARM_CM4F/port.o
 *(.RamFunc)
 *(.RamFunc*)
                0x0000000020000010                . = ALIGN (0x4)
                0x0000000020000010                _edata = .
                0x000000000800992c                _siccmram = LOADADDR (.ccmram)

.igot.plt       0x0000000020000010        0x0 load address 0x000000000800992c
 .igot.plt      0x0000000020000010        0x0 c:/st/stm32cubeide_1.12.1/stm32cubeide/plugins/com.st.stm32cube.ide.mcu.externaltools.gnu-tools-for-stm32.10.3-2021.10.win32_1.0.200.202301161003/tools/bin/../lib/gcc/arm-none-eabi/10.3.1/thumb/v7e-m+fp/hard/crtbegin.o

.ccmram         0x0000000010000000        0x0 load address 0x000000000800992c
                0x0000000010000000                . = ALIGN (0x4)
                0x0000000010000000                _sccmram = .
 *(.ccmram)
 *(.ccmram*)
                0x0000000010000000                . = ALIGN (0x4)
                0x0000000010000000                _eccmram = .
                0x0000000010000000                . = ALIGN (0x4)

.bss            0x0000000020000010    0x14570
                0x0000000020000010                _sbss = .
                0x0000000020000010                __bss_start__ = _sbss
 *(.bss)
 .bss           0x0000000020000010       0x1c c:/st/stm32cubeide_1.12.1/stm32cubeide/plugins/com.st.stm32cube.ide.mcu.externaltools.gnu-tools-for-stm32.10.3-2021.10.win32_1.0.200.202301161003/tools/bin/../lib/gcc/arm-none-eabi/10.3.1/thumb/v7e-m+fp/hard/crtbegin.o
 *(.bss*)
 .bss.hdma_uart5_tx
                0x000000002000002c       0x60 ./Core/Src/UartSetUp.o
 .bss.rxData1   0x000000002000008c       0x10 ./Core/Src/mainUART_DMA_STREAM_BUFF.o
 .bss.rxData2   0x000000002000009c       0x10 ./Core/Src/mainUART_DMA_STREAM_BUFF.o
 .bss.rxStream  0x00000000200000ac        0x4 ./Core/Src/mainUART_DMA_STREAM_BUFF.o
 .bss.rxInProgress
                0x00000000200000b0        0x1 ./Core/Src/mainUART_DMA_STREAM_BUFF.o
 *fill*         0x00000000200000b1        0x3 
 .bss.usart1DmaRx
                0x00000000200000b4       0x60 ./Core/Src/mainUART_DMA_STREAM_BUFF.o
 .bss.htim6     0x0000000020000114       0x48 ./Core/Src/stm32f4xx_hal_timebase_tim.o
                0x0000000020000114                htim6
 .bss.uwTick    0x000000002000015c        0x4 ./Drivers/STM32F4xx_HAL_Driver/Src/stm32f4xx_hal.o
                0x000000002000015c                uwTick
 .bss.xQueueRegistry
                0x0000000020000160       0x40 ./common/FreeRTOS/queue.o
                0x0000000020000160                xQueueRegistry
 .bss.pxCurrentTCB
                0x00000000200001a0        0x4 ./common/FreeRTOS/tasks.o
                0x00000000200001a0                pxCurrentTCB
 .bss.pxReadyTasksLists
                0x00000000200001a4       0x64 ./common/FreeRTOS/tasks.o
 .bss.xDelayedTaskList1
                0x0000000020000208       0x14 ./common/FreeRTOS/tasks.o
 .bss.xDelayedTaskList2
                0x000000002000021c       0x14 ./common/FreeRTOS/tasks.o
 .bss.pxDelayedTaskList
                0x0000000020000230        0x4 ./common/FreeRTOS/tasks.o
 .bss.pxOverflowDelayedTaskList
                0x0000000020000234        0x4 ./common/FreeRTOS/tasks.o
 .bss.xPendingReadyList
                0x0000000020000238       0x14 ./common/FreeRTOS/tasks.o
 .bss.xTasksWaitingTermination
                0x000000002000024c       0x14 ./common/FreeRTOS/tasks.o
 .bss.uxDeletedTasksWaitingCleanUp
                0x0000000020000260        0x4 ./common/FreeRTOS/tasks.o
 .bss.xSuspendedTaskList
                0x0000000020000264       0x14 ./common/FreeRTOS/tasks.o
 .bss.uxCurrentNumberOfTasks
                0x0000000020000278        0x4 ./common/FreeRTOS/tasks.o
 .bss.xTickCount
                0x000000002000027c        0x4 ./common/FreeRTOS/tasks.o
 .bss.uxTopReadyPriority
                0x0000000020000280        0x4 ./common/FreeRTOS/tasks.o
 .bss.xSchedulerRunning
                0x0000000020000284        0x4 ./common/FreeRTOS/tasks.o
 .bss.xPendedTicks
                0x0000000020000288        0x4 ./common/FreeRTOS/tasks.o
 .bss.xYieldPending
                0x000000002000028c        0x4 ./common/FreeRTOS/tasks.o
 .bss.xNumOfOverflows
                0x0000000020000290        0x4 ./common/FreeRTOS/tasks.o
 .bss.uxTaskNumber
                0x0000000020000294        0x4 ./common/FreeRTOS/tasks.o
 .bss.xNextTaskUnblockTime
                0x0000000020000298        0x4 ./common/FreeRTOS/tasks.o
 .bss.xIdleTaskHandle
                0x000000002000029c        0x4 ./common/FreeRTOS/tasks.o
 .bss.uxSchedulerSuspended
                0x00000000200002a0        0x4 ./common/FreeRTOS/tasks.o
 .bss.xActiveTimerList1
                0x00000000200002a4       0x14 ./common/FreeRTOS/timers.o
 .bss.xActiveTimerList2
                0x00000000200002b8       0x14 ./common/FreeRTOS/timers.o
 .bss.pxCurrentTimerList
                0x00000000200002cc        0x4 ./common/FreeRTOS/timers.o
 .bss.pxOverflowTimerList
                0x00000000200002d0        0x4 ./common/FreeRTOS/timers.o
 .bss.xTimerQueue
                0x00000000200002d4        0x4 ./common/FreeRTOS/timers.o
 .bss.xTimerTaskHandle
                0x00000000200002d8        0x4 ./common/FreeRTOS/timers.o
 .bss.xLastTime.0
                0x00000000200002dc        0x4 ./common/FreeRTOS/timers.o
 .bss.ucMaxSysCallPriority
                0x00000000200002e0        0x1 ./common/FreeRTOS/portable/GCC/ARM_CM4F/port.o
 *fill*         0x00000000200002e1        0x3 
 .bss.ulMaxPRIGROUPValue
                0x00000000200002e4        0x4 ./common/FreeRTOS/portable/GCC/ARM_CM4F/port.o
 .bss.ucHeap    0x00000000200002e8    0x12c00 ./common/FreeRTOS/portable/MemMang/heap_4.o
 .bss.xStart    0x0000000020012ee8        0x8 ./common/FreeRTOS/portable/MemMang/heap_4.o
 .bss.pxEnd     0x0000000020012ef0        0x4 ./common/FreeRTOS/portable/MemMang/heap_4.o
 .bss.xFreeBytesRemaining
                0x0000000020012ef4        0x4 ./common/FreeRTOS/portable/MemMang/heap_4.o
 .bss.xMinimumEverFreeBytesRemaining
                0x0000000020012ef8        0x4 ./common/FreeRTOS/portable/MemMang/heap_4.o
 .bss.xNumberOfSuccessfulAllocations
                0x0000000020012efc        0x4 ./common/FreeRTOS/portable/MemMang/heap_4.o
 .bss.xNumberOfSuccessfulFrees
                0x0000000020012f00        0x4 ./common/FreeRTOS/portable/MemMang/heap_4.o
 .bss.xBlockAllocatedBit
                0x0000000020012f04        0x4 ./common/FreeRTOS/portable/MemMang/heap_4.o
 .bss._SEGGER_RTT
                0x0000000020012f08       0xa8 ./common/SEGGER/SEGGER/SEGGER_RTT.o
                0x0000000020012f08                _SEGGER_RTT
 .bss._acUpBuffer
                0x0000000020012fb0      0x400 ./common/SEGGER/SEGGER/SEGGER_RTT.o
 .bss._acDownBuffer
                0x00000000200133b0       0x10 ./common/SEGGER/SEGGER/SEGGER_RTT.o
 .bss._UpBuffer
                0x00000000200133c0     0x1000 ./common/SEGGER/SEGGER/SEGGER_SYSVIEW.o
 .bss._DownBuffer
                0x00000000200143c0        0x8 ./common/SEGGER/SEGGER/SEGGER_SYSVIEW.o
 .bss._SYSVIEW_Globals
                0x00000000200143c8       0x28 ./common/SEGGER/SEGGER/SEGGER_SYSVIEW.o
 .bss._pFirstModule
                0x00000000200143f0        0x4 ./common/SEGGER/SEGGER/SEGGER_SYSVIEW.o
 .bss._NumModules
                0x00000000200143f4        0x1 ./common/SEGGER/SEGGER/SEGGER_SYSVIEW.o
 *fill*         0x00000000200143f5        0x3 
 .bss._aPacket  0x00000000200143f8       0xe3 ./common/SEGGER/SEGGER/SEGGER_SYSVIEW.o
 *fill*         0x00000000200144db        0x1 
 .bss._aTasks   0x00000000200144dc       0xa0 ./common/SEGGER/os/SEGGER_SYSVIEW_FreeRTOS.o
 .bss._NumTasks
                0x000000002001457c        0x4 ./common/SEGGER/os/SEGGER_SYSVIEW_FreeRTOS.o
 *(COMMON)
                0x0000000020014580                . = ALIGN (0x4)
                0x0000000020014580                _ebss = .
                0x0000000020014580                __bss_end__ = _ebss

._user_heap_stack
                0x0000000020014580      0x600
                0x0000000020014580                . = ALIGN (0x8)
                [!provide]                        PROVIDE (end = .)
                0x0000000020014580                PROVIDE (_end = .)
                0x0000000020014780                . = (. + _Min_Heap_Size)
 *fill*         0x0000000020014580      0x200 
                0x0000000020014b80                . = (. + _Min_Stack_Size)
 *fill*         0x0000000020014780      0x400 
                0x0000000020014b80                . = ALIGN (0x8)

/DISCARD/
 libc.a(*)
 libm.a(*)
 libgcc.a(*)

.ARM.attributes
                0x0000000000000000       0x30
 *(.ARM.attributes)
 .ARM.attributes
                0x0000000000000000       0x1e c:/st/stm32cubeide_1.12.1/stm32cubeide/plugins/com.st.stm32cube.ide.mcu.externaltools.gnu-tools-for-stm32.10.3-2021.10.win32_1.0.200.202301161003/tools/bin/../lib/gcc/arm-none-eabi/10.3.1/thumb/v7e-m+fp/hard/crti.o
 .ARM.attributes
                0x000000000000001e       0x34 c:/st/stm32cubeide_1.12.1/stm32cubeide/plugins/com.st.stm32cube.ide.mcu.externaltools.gnu-tools-for-stm32.10.3-2021.10.win32_1.0.200.202301161003/tools/bin/../lib/gcc/arm-none-eabi/10.3.1/thumb/v7e-m+fp/hard/crtbegin.o
 .ARM.attributes
                0x0000000000000052       0x34 ./Core/Src/UartQuickDirtyInit.o
 .ARM.attributes
                0x0000000000000086       0x34 ./Core/Src/UartSetUp.o
 .ARM.attributes
                0x00000000000000ba       0x34 ./Core/Src/mainUART_DMA_STREAM_BUFF.o
 .ARM.attributes
                0x00000000000000ee       0x34 ./Core/Src/stm32f429_init.o
 .ARM.attributes
                0x0000000000000122       0x34 ./Core/Src/stm32f4xx_hal_msp.o
 .ARM.attributes
                0x0000000000000156       0x34 ./Core/Src/stm32f4xx_hal_timebase_tim.o
 .ARM.attributes
                0x000000000000018a       0x34 ./Core/Src/stm32f4xx_it.o
 .ARM.attributes
                0x00000000000001be       0x34 ./Core/Src/system_stm32f4xx.o
 .ARM.attributes
                0x00000000000001f2       0x21 ./Core/Startup/startup_stm32f429zitx.o
 .ARM.attributes
                0x0000000000000213       0x34 ./Drivers/STM32F4xx_HAL_Driver/Src/stm32f4xx_hal.o
 .ARM.attributes
                0x0000000000000247       0x34 ./Drivers/STM32F4xx_HAL_Driver/Src/stm32f4xx_hal_cortex.o
 .ARM.attributes
                0x000000000000027b       0x34 ./Drivers/STM32F4xx_HAL_Driver/Src/stm32f4xx_hal_dma.o
 .ARM.attributes
                0x00000000000002af       0x34 ./Drivers/STM32F4xx_HAL_Driver/Src/stm32f4xx_hal_gpio.o
 .ARM.attributes
                0x00000000000002e3       0x34 ./Drivers/STM32F4xx_HAL_Driver/Src/stm32f4xx_hal_rcc.o
 .ARM.attributes
                0x0000000000000317       0x34 ./Drivers/STM32F4xx_HAL_Driver/Src/stm32f4xx_hal_tim.o
 .ARM.attributes
                0x000000000000034b       0x34 ./Drivers/STM32F4xx_HAL_Driver/Src/stm32f4xx_hal_tim_ex.o
 .ARM.attributes
                0x000000000000037f       0x34 ./Drivers/STM32F4xx_HAL_Driver/Src/stm32f4xx_hal_uart.o
 .ARM.attributes
                0x00000000000003b3       0x34 ./common/FreeRTOS/list.o
 .ARM.attributes
                0x00000000000003e7       0x34 ./common/FreeRTOS/queue.o
 .ARM.attributes
                0x000000000000041b       0x34 ./common/FreeRTOS/stream_buffer.o
 .ARM.attributes
                0x000000000000044f       0x34 ./common/FreeRTOS/tasks.o
 .ARM.attributes
                0x0000000000000483       0x34 ./common/FreeRTOS/timers.o
 .ARM.attributes
                0x00000000000004b7       0x34 ./common/FreeRTOS/portable/GCC/ARM_CM4F/port.o
 .ARM.attributes
                0x00000000000004eb       0x34 ./common/FreeRTOS/portable/MemMang/heap_4.o
 .ARM.attributes
                0x000000000000051f       0x34 ./common/SEGGER/SEGGER/SEGGER_RTT.o
 .ARM.attributes
                0x0000000000000553       0x20 ./common/SEGGER/SEGGER/SEGGER_RTT_ASM_ARMv7M.o
 .ARM.attributes
                0x0000000000000573       0x34 ./common/SEGGER/SEGGER/SEGGER_SYSVIEW.o
 .ARM.attributes
                0x00000000000005a7       0x34 ./common/SEGGER/config/SEGGER_SYSVIEW_Config_FreeRTOS.o
 .ARM.attributes
                0x00000000000005db       0x34 ./common/SEGGER/os/SEGGER_SYSVIEW_FreeRTOS.o
 .ARM.attributes
                0x000000000000060f       0x34 c:/st/stm32cubeide_1.12.1/stm32cubeide/plugins/com.st.stm32cube.ide.mcu.externaltools.gnu-tools-for-stm32.10.3-2021.10.win32_1.0.200.202301161003/tools/bin/../lib/gcc/arm-none-eabi/10.3.1/../../../../arm-none-eabi/lib/thumb/v7e-m+fp/hard\libc_nano.a(lib_a-init.o)
 .ARM.attributes
                0x0000000000000643       0x34 c:/st/stm32cubeide_1.12.1/stm32cubeide/plugins/com.st.stm32cube.ide.mcu.externaltools.gnu-tools-for-stm32.10.3-2021.10.win32_1.0.200.202301161003/tools/bin/../lib/gcc/arm-none-eabi/10.3.1/../../../../arm-none-eabi/lib/thumb/v7e-m+fp/hard\libc_nano.a(lib_a-memcmp.o)
 .ARM.attributes
                0x0000000000000677       0x34 c:/st/stm32cubeide_1.12.1/stm32cubeide/plugins/com.st.stm32cube.ide.mcu.externaltools.gnu-tools-for-stm32.10.3-2021.10.win32_1.0.200.202301161003/tools/bin/../lib/gcc/arm-none-eabi/10.3.1/../../../../arm-none-eabi/lib/thumb/v7e-m+fp/hard\libc_nano.a(lib_a-memcpy-stub.o)
 .ARM.attributes
                0x00000000000006ab       0x34 c:/st/stm32cubeide_1.12.1/stm32cubeide/plugins/com.st.stm32cube.ide.mcu.externaltools.gnu-tools-for-stm32.10.3-2021.10.win32_1.0.200.202301161003/tools/bin/../lib/gcc/arm-none-eabi/10.3.1/../../../../arm-none-eabi/lib/thumb/v7e-m+fp/hard\libc_nano.a(lib_a-memset.o)
 .ARM.attributes
                0x00000000000006df       0x1e c:/st/stm32cubeide_1.12.1/stm32cubeide/plugins/com.st.stm32cube.ide.mcu.externaltools.gnu-tools-for-stm32.10.3-2021.10.win32_1.0.200.202301161003/tools/bin/../lib/gcc/arm-none-eabi/10.3.1/thumb/v7e-m+fp/hard\libgcc.a(_aeabi_uldivmod.o)
 .ARM.attributes
                0x00000000000006fd       0x34 c:/st/stm32cubeide_1.12.1/stm32cubeide/plugins/com.st.stm32cube.ide.mcu.externaltools.gnu-tools-for-stm32.10.3-2021.10.win32_1.0.200.202301161003/tools/bin/../lib/gcc/arm-none-eabi/10.3.1/thumb/v7e-m+fp/hard\libgcc.a(_udivmoddi4.o)
 .ARM.attributes
                0x0000000000000731       0x1e c:/st/stm32cubeide_1.12.1/stm32cubeide/plugins/com.st.stm32cube.ide.mcu.externaltools.gnu-tools-for-stm32.10.3-2021.10.win32_1.0.200.202301161003/tools/bin/../lib/gcc/arm-none-eabi/10.3.1/thumb/v7e-m+fp/hard\libgcc.a(_dvmd_tls.o)
 .ARM.attributes
                0x000000000000074f       0x1e c:/st/stm32cubeide_1.12.1/stm32cubeide/plugins/com.st.stm32cube.ide.mcu.externaltools.gnu-tools-for-stm32.10.3-2021.10.win32_1.0.200.202301161003/tools/bin/../lib/gcc/arm-none-eabi/10.3.1/thumb/v7e-m+fp/hard/crtn.o
OUTPUT(DMA_UART_STREAM_BUFF_DOUBLE.elf elf32-littlearm)
LOAD linker stubs
LOAD c:/st/stm32cubeide_1.12.1/stm32cubeide/plugins/com.st.stm32cube.ide.mcu.externaltools.gnu-tools-for-stm32.10.3-2021.10.win32_1.0.200.202301161003/tools/bin/../lib/gcc/arm-none-eabi/10.3.1/../../../../arm-none-eabi/lib/thumb/v7e-m+fp/hard\libc.a
LOAD c:/st/stm32cubeide_1.12.1/stm32cubeide/plugins/com.st.stm32cube.ide.mcu.externaltools.gnu-tools-for-stm32.10.3-2021.10.win32_1.0.200.202301161003/tools/bin/../lib/gcc/arm-none-eabi/10.3.1/../../../../arm-none-eabi/lib/thumb/v7e-m+fp/hard\libm.a
LOAD c:/st/stm32cubeide_1.12.1/stm32cubeide/plugins/com.st.stm32cube.ide.mcu.externaltools.gnu-tools-for-stm32.10.3-2021.10.win32_1.0.200.202301161003/tools/bin/../lib/gcc/arm-none-eabi/10.3.1/thumb/v7e-m+fp/hard\libgcc.a

.debug_info     0x0000000000000000    0x1c032
 .debug_info    0x0000000000000000      0xa44 ./Core/Src/UartQuickDirtyInit.o
 .debug_info    0x0000000000000a44      0xa13 ./Core/Src/UartSetUp.o
 .debug_info    0x0000000000001457     0x115c ./Core/Src/mainUART_DMA_STREAM_BUFF.o
 .debug_info    0x00000000000025b3      0xd79 ./Core/Src/stm32f429_init.o
 .debug_info    0x000000000000332c      0xbaa ./Core/Src/stm32f4xx_hal_msp.o
 .debug_info    0x0000000000003ed6      0xc9d ./Core/Src/stm32f4xx_hal_timebase_tim.o
 .debug_info    0x0000000000004b73      0x6ff ./Core/Src/stm32f4xx_it.o
 .debug_info    0x0000000000005272      0x53f ./Core/Src/system_stm32f4xx.o
 .debug_info    0x00000000000057b1       0x22 ./Core/Startup/startup_stm32f429zitx.o
 .debug_info    0x00000000000057d3      0xa2a ./Drivers/STM32F4xx_HAL_Driver/Src/stm32f4xx_hal.o
 .debug_info    0x00000000000061fd      0xe87 ./Drivers/STM32F4xx_HAL_Driver/Src/stm32f4xx_hal_cortex.o
 .debug_info    0x0000000000007084      0x96d ./Drivers/STM32F4xx_HAL_Driver/Src/stm32f4xx_hal_dma.o
 .debug_info    0x00000000000079f1      0x7a4 ./Drivers/STM32F4xx_HAL_Driver/Src/stm32f4xx_hal_gpio.o
 .debug_info    0x0000000000008195      0x9a0 ./Drivers/STM32F4xx_HAL_Driver/Src/stm32f4xx_hal_rcc.o
 .debug_info    0x0000000000008b35     0x2bf4 ./Drivers/STM32F4xx_HAL_Driver/Src/stm32f4xx_hal_tim.o
 .debug_info    0x000000000000b729     0x1616 ./Drivers/STM32F4xx_HAL_Driver/Src/stm32f4xx_hal_tim_ex.o
 .debug_info    0x000000000000cd3f     0x31d4 ./Drivers/STM32F4xx_HAL_Driver/Src/stm32f4xx_hal_uart.o
 .debug_info    0x000000000000ff13      0x2d1 ./common/FreeRTOS/list.o
 .debug_info    0x00000000000101e4     0x1988 ./common/FreeRTOS/queue.o
 .debug_info    0x0000000000011b6c     0x1336 ./common/FreeRTOS/stream_buffer.o
 .debug_info    0x0000000000012ea2     0x23e7 ./common/FreeRTOS/tasks.o
 .debug_info    0x0000000000015289      0xedd ./common/FreeRTOS/timers.o
 .debug_info    0x0000000000016166      0x5ca ./common/FreeRTOS/portable/GCC/ARM_CM4F/port.o
 .debug_info    0x0000000000016730      0x50d ./common/FreeRTOS/portable/MemMang/heap_4.o
 .debug_info    0x0000000000016c3d     0x15df ./common/SEGGER/SEGGER/SEGGER_RTT.o
 .debug_info    0x000000000001821c       0x26 ./common/SEGGER/SEGGER/SEGGER_RTT_ASM_ARMv7M.o
 .debug_info    0x0000000000018242     0x3832 ./common/SEGGER/SEGGER/SEGGER_SYSVIEW.o
 .debug_info    0x000000000001ba74      0x181 ./common/SEGGER/config/SEGGER_SYSVIEW_Config_FreeRTOS.o
 .debug_info    0x000000000001bbf5      0x43d ./common/SEGGER/os/SEGGER_SYSVIEW_FreeRTOS.o

.debug_abbrev   0x0000000000000000     0x3da7
 .debug_abbrev  0x0000000000000000      0x1c7 ./Core/Src/UartQuickDirtyInit.o
 .debug_abbrev  0x00000000000001c7      0x207 ./Core/Src/UartSetUp.o
 .debug_abbrev  0x00000000000003ce      0x304 ./Core/Src/mainUART_DMA_STREAM_BUFF.o
 .debug_abbrev  0x00000000000006d2      0x29e ./Core/Src/stm32f429_init.o
 .debug_abbrev  0x0000000000000970      0x1d2 ./Core/Src/stm32f4xx_hal_msp.o
 .debug_abbrev  0x0000000000000b42      0x1e6 ./Core/Src/stm32f4xx_hal_timebase_tim.o
 .debug_abbrev  0x0000000000000d28      0x171 ./Core/Src/stm32f4xx_it.o
 .debug_abbrev  0x0000000000000e99      0x116 ./Core/Src/system_stm32f4xx.o
 .debug_abbrev  0x0000000000000faf       0x12 ./Core/Startup/startup_stm32f429zitx.o
 .debug_abbrev  0x0000000000000fc1      0x216 ./Drivers/STM32F4xx_HAL_Driver/Src/stm32f4xx_hal.o
 .debug_abbrev  0x00000000000011d7      0x332 ./Drivers/STM32F4xx_HAL_Driver/Src/stm32f4xx_hal_cortex.o
 .debug_abbrev  0x0000000000001509      0x270 ./Drivers/STM32F4xx_HAL_Driver/Src/stm32f4xx_hal_dma.o
 .debug_abbrev  0x0000000000001779      0x1e0 ./Drivers/STM32F4xx_HAL_Driver/Src/stm32f4xx_hal_gpio.o
 .debug_abbrev  0x0000000000001959      0x2bf ./Drivers/STM32F4xx_HAL_Driver/Src/stm32f4xx_hal_rcc.o
 .debug_abbrev  0x0000000000001c18      0x25d ./Drivers/STM32F4xx_HAL_Driver/Src/stm32f4xx_hal_tim.o
 .debug_abbrev  0x0000000000001e75      0x265 ./Drivers/STM32F4xx_HAL_Driver/Src/stm32f4xx_hal_tim_ex.o
 .debug_abbrev  0x00000000000020da      0x309 ./Drivers/STM32F4xx_HAL_Driver/Src/stm32f4xx_hal_uart.o
 .debug_abbrev  0x00000000000023e3       0xf2 ./common/FreeRTOS/list.o
 .debug_abbrev  0x00000000000024d5      0x312 ./common/FreeRTOS/queue.o
 .debug_abbrev  0x00000000000027e7      0x32d ./common/FreeRTOS/stream_buffer.o
 .debug_abbrev  0x0000000000002b14      0x39f ./common/FreeRTOS/tasks.o
 .debug_abbrev  0x0000000000002eb3      0x2d8 ./common/FreeRTOS/timers.o
 .debug_abbrev  0x000000000000318b      0x259 ./common/FreeRTOS/portable/GCC/ARM_CM4F/port.o
 .debug_abbrev  0x00000000000033e4      0x212 ./common/FreeRTOS/portable/MemMang/heap_4.o
 .debug_abbrev  0x00000000000035f6      0x216 ./common/SEGGER/SEGGER/SEGGER_RTT.o
 .debug_abbrev  0x000000000000380c       0x14 ./common/SEGGER/SEGGER/SEGGER_RTT_ASM_ARMv7M.o
 .debug_abbrev  0x0000000000003820      0x30c ./common/SEGGER/SEGGER/SEGGER_SYSVIEW.o
 .debug_abbrev  0x0000000000003b2c       0xdd ./common/SEGGER/config/SEGGER_SYSVIEW_Config_FreeRTOS.o
 .debug_abbrev  0x0000000000003c09      0x19e ./common/SEGGER/os/SEGGER_SYSVIEW_FreeRTOS.o

.debug_aranges  0x0000000000000000     0x1730
 .debug_aranges
                0x0000000000000000       0x30 ./Core/Src/UartQuickDirtyInit.o
 .debug_aranges
                0x0000000000000030       0x38 ./Core/Src/UartSetUp.o
 .debug_aranges
                0x0000000000000068       0x70 ./Core/Src/mainUART_DMA_STREAM_BUFF.o
 .debug_aranges
                0x00000000000000d8       0x50 ./Core/Src/stm32f429_init.o
 .debug_aranges
                0x0000000000000128       0x28 ./Core/Src/stm32f4xx_hal_msp.o
 .debug_aranges
                0x0000000000000150       0x30 ./Core/Src/stm32f4xx_hal_timebase_tim.o
 .debug_aranges
                0x0000000000000180       0x50 ./Core/Src/stm32f4xx_it.o
 .debug_aranges
                0x00000000000001d0       0x28 ./Core/Src/system_stm32f4xx.o
 .debug_aranges
                0x00000000000001f8       0x28 ./Core/Startup/startup_stm32f429zitx.o
 .debug_aranges
                0x0000000000000220      0x100 ./Drivers/STM32F4xx_HAL_Driver/Src/stm32f4xx_hal.o
 .debug_aranges
                0x0000000000000320      0x118 ./Drivers/STM32F4xx_HAL_Driver/Src/stm32f4xx_hal_cortex.o
 .debug_aranges
                0x0000000000000438       0x90 ./Drivers/STM32F4xx_HAL_Driver/Src/stm32f4xx_hal_dma.o
 .debug_aranges
                0x00000000000004c8       0x58 ./Drivers/STM32F4xx_HAL_Driver/Src/stm32f4xx_hal_gpio.o
 .debug_aranges
                0x0000000000000520       0x88 ./Drivers/STM32F4xx_HAL_Driver/Src/stm32f4xx_hal_rcc.o
 .debug_aranges
                0x00000000000005a8      0x3d0 ./Drivers/STM32F4xx_HAL_Driver/Src/stm32f4xx_hal_tim.o
 .debug_aranges
                0x0000000000000978      0x168 ./Drivers/STM32F4xx_HAL_Driver/Src/stm32f4xx_hal_tim_ex.o
 .debug_aranges
                0x0000000000000ae0      0x200 ./Drivers/STM32F4xx_HAL_Driver/Src/stm32f4xx_hal_uart.o
 .debug_aranges
                0x0000000000000ce0       0x40 ./common/FreeRTOS/list.o
 .debug_aranges
                0x0000000000000d20      0x130 ./common/FreeRTOS/queue.o
 .debug_aranges
                0x0000000000000e50       0xd8 ./common/FreeRTOS/stream_buffer.o
 .debug_aranges
                0x0000000000000f28      0x208 ./common/FreeRTOS/tasks.o
 .debug_aranges
                0x0000000000001130       0xd8 ./common/FreeRTOS/timers.o
 .debug_aranges
                0x0000000000001208       0x88 ./common/FreeRTOS/portable/GCC/ARM_CM4F/port.o
 .debug_aranges
                0x0000000000001290       0x58 ./common/FreeRTOS/portable/MemMang/heap_4.o
 .debug_aranges
                0x00000000000012e8      0x138 ./common/SEGGER/SEGGER/SEGGER_RTT.o
 .debug_aranges
                0x0000000000001420       0x20 ./common/SEGGER/SEGGER/SEGGER_RTT_ASM_ARMv7M.o
 .debug_aranges
                0x0000000000001440      0x280 ./common/SEGGER/SEGGER/SEGGER_SYSVIEW.o
 .debug_aranges
                0x00000000000016c0       0x28 ./common/SEGGER/config/SEGGER_SYSVIEW_Config_FreeRTOS.o
 .debug_aranges
                0x00000000000016e8       0x48 ./common/SEGGER/os/SEGGER_SYSVIEW_FreeRTOS.o

.debug_ranges   0x0000000000000000     0x1588
 .debug_ranges  0x0000000000000000       0x20 ./Core/Src/UartQuickDirtyInit.o
 .debug_ranges  0x0000000000000020       0x28 ./Core/Src/UartSetUp.o
 .debug_ranges  0x0000000000000048       0x60 ./Core/Src/mainUART_DMA_STREAM_BUFF.o
 .debug_ranges  0x00000000000000a8       0x40 ./Core/Src/stm32f429_init.o
 .debug_ranges  0x00000000000000e8       0x18 ./Core/Src/stm32f4xx_hal_msp.o
 .debug_ranges  0x0000000000000100       0x20 ./Core/Src/stm32f4xx_hal_timebase_tim.o
 .debug_ranges  0x0000000000000120       0x40 ./Core/Src/stm32f4xx_it.o
 .debug_ranges  0x0000000000000160       0x18 ./Core/Src/system_stm32f4xx.o
 .debug_ranges  0x0000000000000178       0x20 ./Core/Startup/startup_stm32f429zitx.o
 .debug_ranges  0x0000000000000198       0xf0 ./Drivers/STM32F4xx_HAL_Driver/Src/stm32f4xx_hal.o
 .debug_ranges  0x0000000000000288      0x108 ./Drivers/STM32F4xx_HAL_Driver/Src/stm32f4xx_hal_cortex.o
 .debug_ranges  0x0000000000000390       0x80 ./Drivers/STM32F4xx_HAL_Driver/Src/stm32f4xx_hal_dma.o
 .debug_ranges  0x0000000000000410       0x48 ./Drivers/STM32F4xx_HAL_Driver/Src/stm32f4xx_hal_gpio.o
 .debug_ranges  0x0000000000000458       0x78 ./Drivers/STM32F4xx_HAL_Driver/Src/stm32f4xx_hal_rcc.o
 .debug_ranges  0x00000000000004d0      0x3c0 ./Drivers/STM32F4xx_HAL_Driver/Src/stm32f4xx_hal_tim.o
 .debug_ranges  0x0000000000000890      0x158 ./Drivers/STM32F4xx_HAL_Driver/Src/stm32f4xx_hal_tim_ex.o
 .debug_ranges  0x00000000000009e8      0x220 ./Drivers/STM32F4xx_HAL_Driver/Src/stm32f4xx_hal_uart.o
 .debug_ranges  0x0000000000000c08       0x30 ./common/FreeRTOS/list.o
 .debug_ranges  0x0000000000000c38      0x120 ./common/FreeRTOS/queue.o
 .debug_ranges  0x0000000000000d58       0xc8 ./common/FreeRTOS/stream_buffer.o
 .debug_ranges  0x0000000000000e20      0x1f8 ./common/FreeRTOS/tasks.o
 .debug_ranges  0x0000000000001018       0xc8 ./common/FreeRTOS/timers.o
 .debug_ranges  0x00000000000010e0       0x78 ./common/FreeRTOS/portable/GCC/ARM_CM4F/port.o
 .debug_ranges  0x0000000000001158       0x48 ./common/FreeRTOS/portable/MemMang/heap_4.o
 .debug_ranges  0x00000000000011a0      0x128 ./common/SEGGER/SEGGER/SEGGER_RTT.o
 .debug_ranges  0x00000000000012c8      0x270 ./common/SEGGER/SEGGER/SEGGER_SYSVIEW.o
 .debug_ranges  0x0000000000001538       0x18 ./common/SEGGER/config/SEGGER_SYSVIEW_Config_FreeRTOS.o
 .debug_ranges  0x0000000000001550       0x38 ./common/SEGGER/os/SEGGER_SYSVIEW_FreeRTOS.o

.debug_macro    0x0000000000000000     0x45e8
 .debug_macro   0x0000000000000000      0x3e2 ./Core/Src/UartQuickDirtyInit.o
 .debug_macro   0x00000000000003e2      0x2b0 ./Core/Src/UartSetUp.o
 .debug_macro   0x0000000000000692      0x3f4 ./Core/Src/mainUART_DMA_STREAM_BUFF.o
 .debug_macro   0x0000000000000a86      0x3e2 ./Core/Src/stm32f429_init.o
 .debug_macro   0x0000000000000e68      0x113 ./Core/Src/stm32f429_init.o
 .debug_macro   0x0000000000000f7b      0x3e2 ./Core/Src/stm32f4xx_hal_msp.o
 .debug_macro   0x000000000000135d      0x1ce ./Core/Src/stm32f4xx_hal_timebase_tim.o
 .debug_macro   0x000000000000152b      0x3ec ./Core/Src/stm32f4xx_it.o
 .debug_macro   0x0000000000001917      0x1ce ./Core/Src/system_stm32f4xx.o
 .debug_macro   0x0000000000001ae5      0x22e ./Drivers/STM32F4xx_HAL_Driver/Src/stm32f4xx_hal.o
 .debug_macro   0x0000000000001d13      0x1ce ./Drivers/STM32F4xx_HAL_Driver/Src/stm32f4xx_hal_cortex.o
 .debug_macro   0x0000000000001ee1      0x1d4 ./Drivers/STM32F4xx_HAL_Driver/Src/stm32f4xx_hal_dma.o
 .debug_macro   0x00000000000020b5      0x1d4 ./Drivers/STM32F4xx_HAL_Driver/Src/stm32f4xx_hal_gpio.o
 .debug_macro   0x0000000000002289      0x1f2 ./Drivers/STM32F4xx_HAL_Driver/Src/stm32f4xx_hal_rcc.o
 .debug_macro   0x000000000000247b      0x1cf ./Drivers/STM32F4xx_HAL_Driver/Src/stm32f4xx_hal_tim.o
 .debug_macro   0x000000000000264a      0x1ce ./Drivers/STM32F4xx_HAL_Driver/Src/stm32f4xx_hal_tim_ex.o
 .debug_macro   0x0000000000002818      0x1cf ./Drivers/STM32F4xx_HAL_Driver/Src/stm32f4xx_hal_uart.o
 .debug_macro   0x00000000000029e7      0x1f5 ./common/FreeRTOS/list.o
 .debug_macro   0x0000000000002bdc      0x27e ./common/FreeRTOS/queue.o
 .debug_macro   0x0000000000002e5a       0x16 ./common/FreeRTOS/queue.o
 .debug_macro   0x0000000000002e70      0x242 ./common/FreeRTOS/stream_buffer.o
 .debug_macro   0x00000000000030b2      0x2e2 ./common/FreeRTOS/tasks.o
 .debug_macro   0x0000000000003394       0x10 ./common/FreeRTOS/tasks.o
 .debug_macro   0x00000000000033a4      0x23e ./common/FreeRTOS/timers.o
 .debug_macro   0x00000000000035e2      0x1f8 ./common/FreeRTOS/portable/GCC/ARM_CM4F/port.o
 .debug_macro   0x00000000000037da      0x210 ./common/FreeRTOS/portable/MemMang/heap_4.o
 .debug_macro   0x00000000000039ea      0x1bd ./common/SEGGER/SEGGER/SEGGER_RTT.o
 .debug_macro   0x0000000000003ba7       0x35 ./common/SEGGER/SEGGER/SEGGER_RTT.o
 .debug_macro   0x0000000000003bdc      0x138 ./common/SEGGER/SEGGER/SEGGER_RTT.o
 .debug_macro   0x0000000000003d14      0x22b ./common/SEGGER/SEGGER/SEGGER_SYSVIEW.o
 .debug_macro   0x0000000000003f3f      0x204 ./common/SEGGER/SEGGER/SEGGER_SYSVIEW.o
 .debug_macro   0x0000000000004143      0x169 ./common/SEGGER/SEGGER/SEGGER_SYSVIEW.o
 .debug_macro   0x00000000000042ac      0x138 ./common/SEGGER/config/SEGGER_SYSVIEW_Config_FreeRTOS.o
 .debug_macro   0x00000000000043e4      0x204 ./common/SEGGER/os/SEGGER_SYSVIEW_FreeRTOS.o

.debug_line     0x0000000000000000    0x1f9af
 .debug_line    0x0000000000000000      0xc37 ./Core/Src/UartQuickDirtyInit.o
 .debug_line    0x0000000000000c37      0x8c9 ./Core/Src/UartSetUp.o
 .debug_line    0x0000000000001500      0xe10 ./Core/Src/mainUART_DMA_STREAM_BUFF.o
 .debug_line    0x0000000000002310      0xdf1 ./Core/Src/stm32f429_init.o
 .debug_line    0x0000000000003101      0xbc2 ./Core/Src/stm32f4xx_hal_msp.o
 .debug_line    0x0000000000003cc3      0x73d ./Core/Src/stm32f4xx_hal_timebase_tim.o
 .debug_line    0x0000000000004400      0xc2b ./Core/Src/stm32f4xx_it.o
 .debug_line    0x000000000000502b      0x745 ./Core/Src/system_stm32f4xx.o
 .debug_line    0x0000000000005770       0x88 ./Core/Startup/startup_stm32f429zitx.o
 .debug_line    0x00000000000057f8      0x9f5 ./Drivers/STM32F4xx_HAL_Driver/Src/stm32f4xx_hal.o
 .debug_line    0x00000000000061ed      0xe1f ./Drivers/STM32F4xx_HAL_Driver/Src/stm32f4xx_hal_cortex.o
 .debug_line    0x000000000000700c     0x10cd ./Drivers/STM32F4xx_HAL_Driver/Src/stm32f4xx_hal_dma.o
 .debug_line    0x00000000000080d9      0xd5a ./Drivers/STM32F4xx_HAL_Driver/Src/stm32f4xx_hal_gpio.o
 .debug_line    0x0000000000008e33      0xf09 ./Drivers/STM32F4xx_HAL_Driver/Src/stm32f4xx_hal_rcc.o
 .debug_line    0x0000000000009d3c     0x5c6d ./Drivers/STM32F4xx_HAL_Driver/Src/stm32f4xx_hal_tim.o
 .debug_line    0x000000000000f9a9     0x1fa3 ./Drivers/STM32F4xx_HAL_Driver/Src/stm32f4xx_hal_tim_ex.o
 .debug_line    0x000000000001194c     0x2c9c ./Drivers/STM32F4xx_HAL_Driver/Src/stm32f4xx_hal_uart.o
 .debug_line    0x00000000000145e8      0x8c8 ./common/FreeRTOS/list.o
 .debug_line    0x0000000000014eb0     0x17a1 ./common/FreeRTOS/queue.o
 .debug_line    0x0000000000016651     0x10e8 ./common/FreeRTOS/stream_buffer.o
 .debug_line    0x0000000000017739     0x1eed ./common/FreeRTOS/tasks.o
 .debug_line    0x0000000000019626      0xe27 ./common/FreeRTOS/timers.o
 .debug_line    0x000000000001a44d      0xa47 ./common/FreeRTOS/portable/GCC/ARM_CM4F/port.o
 .debug_line    0x000000000001ae94      0xb13 ./common/FreeRTOS/portable/MemMang/heap_4.o
 .debug_line    0x000000000001b9a7      0xe80 ./common/SEGGER/SEGGER/SEGGER_RTT.o
 .debug_line    0x000000000001c827       0x9c ./common/SEGGER/SEGGER/SEGGER_RTT_ASM_ARMv7M.o
 .debug_line    0x000000000001c8c3     0x2097 ./common/SEGGER/SEGGER/SEGGER_SYSVIEW.o
 .debug_line    0x000000000001e95a      0x6a3 ./common/SEGGER/config/SEGGER_SYSVIEW_Config_FreeRTOS.o
 .debug_line    0x000000000001effd      0x9b2 ./common/SEGGER/os/SEGGER_SYSVIEW_FreeRTOS.o

.debug_str      0x0000000000000000    0xea152
 .debug_str     0x0000000000000000    0xe0a3c ./Core/Src/UartQuickDirtyInit.o
                                      0xe0d5a (size before relaxing)
 .debug_str     0x00000000000e0a3c      0x623 ./Core/Src/UartSetUp.o
                                      0xd5e5b (size before relaxing)
 .debug_str     0x00000000000e105f      0x410 ./Core/Src/mainUART_DMA_STREAM_BUFF.o
                                      0xe1511 (size before relaxing)
 .debug_str     0x00000000000e146f      0x1f7 ./Core/Src/stm32f429_init.o
                                      0xe0ee5 (size before relaxing)
 .debug_str     0x00000000000e1666       0xa4 ./Core/Src/stm32f4xx_hal_msp.o
                                      0xe1283 (size before relaxing)
 .debug_str     0x00000000000e170a      0x369 ./Core/Src/stm32f4xx_hal_timebase_tim.o
                                      0xd332c (size before relaxing)
 .debug_str     0x00000000000e1a73       0xb9 ./Core/Src/stm32f4xx_it.o
                                      0xe0c8e (size before relaxing)
 .debug_str     0x00000000000e1b2c       0x87 ./Core/Src/system_stm32f4xx.o
                                      0xd27d1 (size before relaxing)
 .debug_str     0x00000000000e1bb3       0x36 ./Core/Startup/startup_stm32f429zitx.o
                                         0x78 (size before relaxing)
 .debug_str     0x00000000000e1be9      0x5fd ./Drivers/STM32F4xx_HAL_Driver/Src/stm32f4xx_hal.o
                                      0xd3414 (size before relaxing)
 .debug_str     0x00000000000e21e6      0x2b9 ./Drivers/STM32F4xx_HAL_Driver/Src/stm32f4xx_hal_cortex.o
                                      0xd30fb (size before relaxing)
 .debug_str     0x00000000000e249f      0x2e6 ./Drivers/STM32F4xx_HAL_Driver/Src/stm32f4xx_hal_dma.o
                                      0xd2be6 (size before relaxing)
 .debug_str     0x00000000000e2785      0x121 ./Drivers/STM32F4xx_HAL_Driver/Src/stm32f4xx_hal_gpio.o
                                      0xd295a (size before relaxing)
 .debug_str     0x00000000000e28a6      0x1fd ./Drivers/STM32F4xx_HAL_Driver/Src/stm32f4xx_hal_rcc.o
                                      0xd2c13 (size before relaxing)
 .debug_str     0x00000000000e2aa3      0xe5f ./Drivers/STM32F4xx_HAL_Driver/Src/stm32f4xx_hal_tim.o
                                      0xd3b58 (size before relaxing)
 .debug_str     0x00000000000e3902      0x503 ./Drivers/STM32F4xx_HAL_Driver/Src/stm32f4xx_hal_tim_ex.o
                                      0xd3374 (size before relaxing)
 .debug_str     0x00000000000e3e05      0x60e ./Drivers/STM32F4xx_HAL_Driver/Src/stm32f4xx_hal_uart.o
                                      0xd319f (size before relaxing)
 .debug_str     0x00000000000e4413      0x24f ./common/FreeRTOS/list.o
                                       0xe898 (size before relaxing)
 .debug_str     0x00000000000e4662      0xb06 ./common/FreeRTOS/queue.o
                                      0x10da5 (size before relaxing)
 .debug_str     0x00000000000e5168      0xbba ./common/FreeRTOS/stream_buffer.o
                                      0x10916 (size before relaxing)