09:21:45 **** Incremental Build of configuration Debug for project BinarySemaphoreTimeBound ****
make -j8 all 
arm-none-eabi-gcc "../Core/Src/STM32_Disc1_Gpio.c" -mcpu=cortex-m4 -std=gnu11 -g3 -DDEBUG -DUSE_HAL_DRIVER -DSTM32F429xx -c -I"C:/Users/mahon/stmWork/freeRTOS/common/FreeRTOS/portable/GCC/ARM_CM4F" -I"C:/Users/mahon/stmWork/freeRTOS/common/FreeRTOS/include" -I"C:/Users/mahon/stmWork/freeRTOS/common/SEGGER/config" -I"C:/Users/mahon/stmWork/freeRTOS/common/SEGGER/SEGGER" -I"C:/Users/mahon/stmWork/freeRTOS/common/SEGGER/os" -I../Core/Inc -I../Drivers/STM32F4xx_HAL_Driver/Inc -I../Drivers/STM32F4xx_HAL_Driver/Inc/Legacy -I../Drivers/CMSIS/Device/ST/STM32F4xx/Include -I../Drivers/CMSIS/Include -O0 -ffunction-sections -fdata-sections -Wall -fstack-usage -MMD -MP -MF"Core/Src/STM32_Disc1_Gpio.d" -MT"Core/Src/STM32_Disc1_Gpio.o" --specs=nano.specs -mfpu=fpv4-sp-d16 -mfloat-abi=hard -mthumb -o "Core/Src/STM32_Disc1_Gpio.o"
arm-none-eabi-gcc "../Core/Src/stm32f4xx_it.c" -mcpu=cortex-m4 -std=gnu11 -g3 -DDEBUG -DUSE_HAL_DRIVER -DSTM32F429xx -c -I"C:/Users/mahon/stmWork/freeRTOS/common/FreeRTOS/portable/GCC/ARM_CM4F" -I"C:/Users/mahon/stmWork/freeRTOS/common/FreeRTOS/include" -I"C:/Users/mahon/stmWork/freeRTOS/common/SEGGER/config" -I"C:/Users/mahon/stmWork/freeRTOS/common/SEGGER/SEGGER" -I"C:/Users/mahon/stmWork/freeRTOS/common/SEGGER/os" -I../Core/Inc -I../Drivers/STM32F4xx_HAL_Driver/Inc -I../Drivers/STM32F4xx_HAL_Driver/Inc/Legacy -I../Drivers/CMSIS/Device/ST/STM32F4xx/Include -I../Drivers/CMSIS/Include -O0 -ffunction-sections -fdata-sections -Wall -fstack-usage -MMD -MP -MF"Core/Src/stm32f4xx_it.d" -MT"Core/Src/stm32f4xx_it.o" --specs=nano.specs -mfpu=fpv4-sp-d16 -mfloat-abi=hard -mthumb -o "Core/Src/stm32f4xx_it.o"
arm-none-eabi-gcc -o "BinarySemaphoreTimeBound.elf" @"objects.list"   -mcpu=cortex-m4 -T"C:\Users\mahon\stmWork\freeRTOS\BinarySemaphoreTime Bound\STM32F429ZITX_FLASH.ld" --specs=nosys.specs -Wl,-Map="BinarySemaphoreTimeBound.map" -Wl,--gc-sections -static --specs=nano.specs -mfpu=fpv4-sp-d16 -mfloat-abi=hard -mthumb -Wl,--start-group -lc -lm -Wl,--end-group
Finished building target: BinarySemaphoreTimeBound.elf
 
arm-none-eabi-size   BinarySemaphoreTimeBound.elf 
arm-none-eabi-objdump -h -S  BinarySemaphoreTimeBound.elf  > "BinarySemaphoreTimeBound.list"
   text	   data	    bss	    dec	    hex	filename
  28988	     52	  84620	 113660	  1bbfc	BinarySemaphoreTimeBound.elf
Finished building: default.size.stdout
 
Finished building: BinarySemaphoreTimeBound.list
 

09:21:48 Build Finished. 0 errors, 0 warnings. (took 2s.623ms)

