10:16:39 **** Build of configuration Debug for project DMA_UART ****
make -j8 all 
arm-none-eabi-gcc "../common/SEGGER/os/SEGGER_SYSVIEW_FreeRTOS.c" -mcpu=cortex-m4 -std=gnu11 -g3 -DDEBUG -DUSE_HAL_DRIVER -DSTM32F429xx -DUSE_FULL_ASSERT=1 -c -I"C:/Users/mahon/stmWork/freeRTOS/DMA_UART/common/FreeRTOS/include" -I"C:/Users/mahon/stmWork/freeRTOS/DMA_UART/common/FreeRTOS/portable/GCC/ARM_CM4F" -I"C:/Users/mahon/stmWork/freeRTOS/DMA_UART/common/SEGGER/config" -I"C:/Users/mahon/stmWork/freeRTOS/DMA_UART/common/SEGGER/os" -I"C:/Users/mahon/stmWork/freeRTOS/DMA_UART/common/SEGGER/SEGGER" -I../Core/Inc -I../Drivers/STM32F4xx_HAL_Driver/Inc -I../Drivers/STM32F4xx_HAL_Driver/Inc/Legacy -I../Drivers/CMSIS/Device/ST/STM32F4xx/Include -I../Drivers/CMSIS/Include -O0 -ffunction-sections -fdata-sections -Wall -fstack-usage -MMD -MP -MF"common/SEGGER/os/SEGGER_SYSVIEW_FreeRTOS.d" -MT"common/SEGGER/os/SEGGER_SYSVIEW_FreeRTOS.o" --specs=nano.specs -mfpu=fpv4-sp-d16 -mfloat-abi=hard -mthumb -o "common/SEGGER/os/SEGGER_SYSVIEW_FreeRTOS.o"
arm-none-eabi-gcc "../common/SEGGER/config/SEGGER_SYSVIEW_Config_FreeRTOS.c" -mcpu=cortex-m4 -std=gnu11 -g3 -DDEBUG -DUSE_HAL_DRIVER -DSTM32F429xx -DUSE_FULL_ASSERT=1 -c -I"C:/Users/mahon/stmWork/freeRTOS/DMA_UART/common/FreeRTOS/include" -I"C:/Users/mahon/stmWork/freeRTOS/DMA_UART/common/FreeRTOS/portable/GCC/ARM_CM4F" -I"C:/Users/mahon/stmWork/freeRTOS/DMA_UART/common/SEGGER/config" -I"C:/Users/mahon/stmWork/freeRTOS/DMA_UART/common/SEGGER/os" -I"C:/Users/mahon/stmWork/freeRTOS/DMA_UART/common/SEGGER/SEGGER" -I../Core/Inc -I../Drivers/STM32F4xx_HAL_Driver/Inc -I../Drivers/STM32F4xx_HAL_Driver/Inc/Legacy -I../Drivers/CMSIS/Device/ST/STM32F4xx/Include -I../Drivers/CMSIS/Include -O0 -ffunction-sections -fdata-sections -Wall -fstack-usage -MMD -MP -MF"common/SEGGER/config/SEGGER_SYSVIEW_Config_FreeRTOS.d" -MT"common/SEGGER/config/SEGGER_SYSVIEW_Config_FreeRTOS.o" --specs=nano.specs -mfpu=fpv4-sp-d16 -mfloat-abi=hard -mthumb -o "common/SEGGER/config/SEGGER_SYSVIEW_Config_FreeRTOS.o"
arm-none-eabi-gcc "../common/SEGGER/SEGGER/Syscalls/SEGGER_RTT_Syscalls_GCC.c" -mcpu=cortex-m4 -std=gnu11 -g3 -DDEBUG -DUSE_HAL_DRIVER -DSTM32F429xx -DUSE_FULL_ASSERT=1 -c -I"C:/Users/mahon/stmWork/freeRTOS/DMA_UART/common/FreeRTOS/include" -I"C:/Users/mahon/stmWork/freeRTOS/DMA_UART/common/FreeRTOS/portable/GCC/ARM_CM4F" -I"C:/Users/mahon/stmWork/freeRTOS/DMA_UART/common/SEGGER/config" -I"C:/Users/mahon/stmWork/freeRTOS/DMA_UART/common/SEGGER/os" -I"C:/Users/mahon/stmWork/freeRTOS/DMA_UART/common/SEGGER/SEGGER" -I../Core/Inc -I../Drivers/STM32F4xx_HAL_Driver/Inc -I../Drivers/STM32F4xx_HAL_Driver/Inc/Legacy -I../Drivers/CMSIS/Device/ST/STM32F4xx/Include -I../Drivers/CMSIS/Include -O0 -ffunction-sections -fdata-sections -Wall -fstack-usage -MMD -MP -MF"common/SEGGER/SEGGER/Syscalls/SEGGER_RTT_Syscalls_GCC.d" -MT"common/SEGGER/SEGGER/Syscalls/SEGGER_RTT_Syscalls_GCC.o" --specs=nano.specs -mfpu=fpv4-sp-d16 -mfloat-abi=hard -mthumb -o "common/SEGGER/SEGGER/Syscalls/SEGGER_RTT_Syscalls_GCC.o"
arm-none-eabi-gcc "../common/SEGGER/SEGGER/SEGGER_RTT.c" -mcpu=cortex-m4 -std=gnu11 -g3 -DDEBUG -DUSE_HAL_DRIVER -DSTM32F429xx -DUSE_FULL_ASSERT=1 -c -I"C:/Users/mahon/stmWork/freeRTOS/DMA_UART/common/FreeRTOS/include" -I"C:/Users/mahon/stmWork/freeRTOS/DMA_UART/common/FreeRTOS/portable/GCC/ARM_CM4F" -I"C:/Users/mahon/stmWork/freeRTOS/DMA_UART/common/SEGGER/config" -I"C:/Users/mahon/stmWork/freeRTOS/DMA_UART/common/SEGGER/os" -I"C:/Users/mahon/stmWork/freeRTOS/DMA_UART/common/SEGGER/SEGGER" -I../Core/Inc -I../Drivers/STM32F4xx_HAL_Driver/Inc -I../Drivers/STM32F4xx_HAL_Driver/Inc/Legacy -I../Drivers/CMSIS/Device/ST/STM32F4xx/Include -I../Drivers/CMSIS/Include -O0 -ffunction-sections -fdata-sections -Wall -fstack-usage -MMD -MP -MF"common/SEGGER/SEGGER/SEGGER_RTT.d" -MT"common/SEGGER/SEGGER/SEGGER_RTT.o" --specs=nano.specs -mfpu=fpv4-sp-d16 -mfloat-abi=hard -mthumb -o "common/SEGGER/SEGGER/SEGGER_RTT.o"
arm-none-eabi-gcc -mcpu=cortex-m4 -g3 -DDEBUG -c -x assembler-with-cpp -MMD -MP -MF"common/SEGGER/SEGGER/SEGGER_RTT_ASM_ARMv7M.d" -MT"common/SEGGER/SEGGER/SEGGER_RTT_ASM_ARMv7M.o" --specs=nano.specs -mfpu=fpv4-sp-d16 -mfloat-abi=hard -mthumb -o "common/SEGGER/SEGGER/SEGGER_RTT_ASM_ARMv7M.o" "../common/SEGGER/SEGGER/SEGGER_RTT_ASM_ARMv7M.S"
arm-none-eabi-gcc "../common/SEGGER/SEGGER/SEGGER_RTT_printf.c" -mcpu=cortex-m4 -std=gnu11 -g3 -DDEBUG -DUSE_HAL_DRIVER -DSTM32F429xx -DUSE_FULL_ASSERT=1 -c -I"C:/Users/mahon/stmWork/freeRTOS/DMA_UART/common/FreeRTOS/include" -I"C:/Users/mahon/stmWork/freeRTOS/DMA_UART/common/FreeRTOS/portable/GCC/ARM_CM4F" -I"C:/Users/mahon/stmWork/freeRTOS/DMA_UART/common/SEGGER/config" -I"C:/Users/mahon/stmWork/freeRTOS/DMA_UART/common/SEGGER/os" -I"C:/Users/mahon/stmWork/freeRTOS/DMA_UART/common/SEGGER/SEGGER" -I../Core/Inc -I../Drivers/STM32F4xx_HAL_Driver/Inc -I../Drivers/STM32F4xx_HAL_Driver/Inc/Legacy -I../Drivers/CMSIS/Device/ST/STM32F4xx/Include -I../Drivers/CMSIS/Include -O0 -ffunction-sections -fdata-sections -Wall -fstack-usage -MMD -MP -MF"common/SEGGER/SEGGER/SEGGER_RTT_printf.d" -MT"common/SEGGER/SEGGER/SEGGER_RTT_printf.o" --specs=nano.specs -mfpu=fpv4-sp-d16 -mfloat-abi=hard -mthumb -o "common/SEGGER/SEGGER/SEGGER_RTT_printf.o"
arm-none-eabi-gcc "../common/SEGGER/SEGGER/SEGGER_SYSVIEW.c" -mcpu=cortex-m4 -std=gnu11 -g3 -DDEBUG -DUSE_HAL_DRIVER -DSTM32F429xx -DUSE_FULL_ASSERT=1 -c -I"C:/Users/mahon/stmWork/freeRTOS/DMA_UART/common/FreeRTOS/include" -I"C:/Users/mahon/stmWork/freeRTOS/DMA_UART/common/FreeRTOS/portable/GCC/ARM_CM4F" -I"C:/Users/mahon/stmWork/freeRTOS/DMA_UART/common/SEGGER/config" -I"C:/Users/mahon/stmWork/freeRTOS/DMA_UART/common/SEGGER/os" -I"C:/Users/mahon/stmWork/freeRTOS/DMA_UART/common/SEGGER/SEGGER" -I../Core/Inc -I../Drivers/STM32F4xx_HAL_Driver/Inc -I../Drivers/STM32F4xx_HAL_Driver/Inc/Legacy -I../Drivers/CMSIS/Device/ST/STM32F4xx/Include -I../Drivers/CMSIS/Include -O0 -ffunction-sections -fdata-sections -Wall -fstack-usage -MMD -MP -MF"common/SEGGER/SEGGER/SEGGER_SYSVIEW.d" -MT"common/SEGGER/SEGGER/SEGGER_SYSVIEW.o" --specs=nano.specs -mfpu=fpv4-sp-d16 -mfloat-abi=hard -mthumb -o "common/SEGGER/SEGGER/SEGGER_SYSVIEW.o"
arm-none-eabi-gcc "../common/FreeRTOS/portable/MemMang/heap_4.c" -mcpu=cortex-m4 -std=gnu11 -g3 -DDEBUG -DUSE_HAL_DRIVER -DSTM32F429xx -DUSE_FULL_ASSERT=1 -c -I"C:/Users/mahon/stmWork/freeRTOS/DMA_UART/common/FreeRTOS/include" -I"C:/Users/mahon/stmWork/freeRTOS/DMA_UART/common/FreeRTOS/portable/GCC/ARM_CM4F" -I"C:/Users/mahon/stmWork/freeRTOS/DMA_UART/common/SEGGER/config" -I"C:/Users/mahon/stmWork/freeRTOS/DMA_UART/common/SEGGER/os" -I"C:/Users/mahon/stmWork/freeRTOS/DMA_UART/common/SEGGER/SEGGER" -I../Core/Inc -I../Drivers/STM32F4xx_HAL_Driver/Inc -I../Drivers/STM32F4xx_HAL_Driver/Inc/Legacy -I../Drivers/CMSIS/Device/ST/STM32F4xx/Include -I../Drivers/CMSIS/Include -O0 -ffunction-sections -fdata-sections -Wall -fstack-usage -MMD -MP -MF"common/FreeRTOS/portable/MemMang/heap_4.d" -MT"common/FreeRTOS/portable/MemMang/heap_4.o" --specs=nano.specs -mfpu=fpv4-sp-d16 -mfloat-abi=hard -mthumb -o "common/FreeRTOS/portable/MemMang/heap_4.o"
arm-none-eabi-gcc "../common/FreeRTOS/portable/GCC/ARM_CM4F/port.c" -mcpu=cortex-m4 -std=gnu11 -g3 -DDEBUG -DUSE_HAL_DRIVER -DSTM32F429xx -DUSE_FULL_ASSERT=1 -c -I"C:/Users/mahon/stmWork/freeRTOS/DMA_UART/common/FreeRTOS/include" -I"C:/Users/mahon/stmWork/freeRTOS/DMA_UART/common/FreeRTOS/portable/GCC/ARM_CM4F" -I"C:/Users/mahon/stmWork/freeRTOS/DMA_UART/common/SEGGER/config" -I"C:/Users/mahon/stmWork/freeRTOS/DMA_UART/common/SEGGER/os" -I"C:/Users/mahon/stmWork/freeRTOS/DMA_UART/common/SEGGER/SEGGER" -I../Core/Inc -I../Drivers/STM32F4xx_HAL_Driver/Inc -I../Drivers/STM32F4xx_HAL_Driver/Inc/Legacy -I../Drivers/CMSIS/Device/ST/STM32F4xx/Include -I../Drivers/CMSIS/Include -O0 -ffunction-sections -fdata-sections -Wall -fstack-usage -MMD -MP -MF"common/FreeRTOS/portable/GCC/ARM_CM4F/port.d" -MT"common/FreeRTOS/portable/GCC/ARM_CM4F/port.o" --specs=nano.specs -mfpu=fpv4-sp-d16 -mfloat-abi=hard -mthumb -o "common/FreeRTOS/portable/GCC/ARM_CM4F/port.o"
arm-none-eabi-gcc "../common/FreeRTOS/croutine.c" -mcpu=cortex-m4 -std=gnu11 -g3 -DDEBUG -DUSE_HAL_DRIVER -DSTM32F429xx -DUSE_FULL_ASSERT=1 -c -I"C:/Users/mahon/stmWork/freeRTOS/DMA_UART/common/FreeRTOS/include" -I"C:/Users/mahon/stmWork/freeRTOS/DMA_UART/common/FreeRTOS/portable/GCC/ARM_CM4F" -I"C:/Users/mahon/stmWork/freeRTOS/DMA_UART/common/SEGGER/config" -I"C:/Users/mahon/stmWork/freeRTOS/DMA_UART/common/SEGGER/os" -I"C:/Users/mahon/stmWork/freeRTOS/DMA_UART/common/SEGGER/SEGGER" -I../Core/Inc -I../Drivers/STM32F4xx_HAL_Driver/Inc -I../Drivers/STM32F4xx_HAL_Driver/Inc/Legacy -I../Drivers/CMSIS/Device/ST/STM32F4xx/Include -I../Drivers/CMSIS/Include -O0 -ffunction-sections -fdata-sections -Wall -fstack-usage -MMD -MP -MF"common/FreeRTOS/croutine.d" -MT"common/FreeRTOS/croutine.o" --specs=nano.specs -mfpu=fpv4-sp-d16 -mfloat-abi=hard -mthumb -o "common/FreeRTOS/croutine.o"
arm-none-eabi-gcc "../common/FreeRTOS/event_groups.c" -mcpu=cortex-m4 -std=gnu11 -g3 -DDEBUG -DUSE_HAL_DRIVER -DSTM32F429xx -DUSE_FULL_ASSERT=1 -c -I"C:/Users/mahon/stmWork/freeRTOS/DMA_UART/common/FreeRTOS/include" -I"C:/Users/mahon/stmWork/freeRTOS/DMA_UART/common/FreeRTOS/portable/GCC/ARM_CM4F" -I"C:/Users/mahon/stmWork/freeRTOS/DMA_UART/common/SEGGER/config" -I"C:/Users/mahon/stmWork/freeRTOS/DMA_UART/common/SEGGER/os" -I"C:/Users/mahon/stmWork/freeRTOS/DMA_UART/common/SEGGER/SEGGER" -I../Core/Inc -I../Drivers/STM32F4xx_HAL_Driver/Inc -I../Drivers/STM32F4xx_HAL_Driver/Inc/Legacy -I../Drivers/CMSIS/Device/ST/STM32F4xx/Include -I../Drivers/CMSIS/Include -O0 -ffunction-sections -fdata-sections -Wall -fstack-usage -MMD -MP -MF"common/FreeRTOS/event_groups.d" -MT"common/FreeRTOS/event_groups.o" --specs=nano.specs -mfpu=fpv4-sp-d16 -mfloat-abi=hard -mthumb -o "common/FreeRTOS/event_groups.o"
arm-none-eabi-gcc "../common/FreeRTOS/list.c" -mcpu=cortex-m4 -std=gnu11 -g3 -DDEBUG -DUSE_HAL_DRIVER -DSTM32F429xx -DUSE_FULL_ASSERT=1 -c -I"C:/Users/mahon/stmWork/freeRTOS/DMA_UART/common/FreeRTOS/include" -I"C:/Users/mahon/stmWork/freeRTOS/DMA_UART/common/FreeRTOS/portable/GCC/ARM_CM4F" -I"C:/Users/mahon/stmWork/freeRTOS/DMA_UART/common/SEGGER/config" -I"C:/Users/mahon/stmWork/freeRTOS/DMA_UART/common/SEGGER/os" -I"C:/Users/mahon/stmWork/freeRTOS/DMA_UART/common/SEGGER/SEGGER" -I../Core/Inc -I../Drivers/STM32F4xx_HAL_Driver/Inc -I../Drivers/STM32F4xx_HAL_Driver/Inc/Legacy -I../Drivers/CMSIS/Device/ST/STM32F4xx/Include -I../Drivers/CMSIS/Include -O0 -ffunction-sections -fdata-sections -Wall -fstack-usage -MMD -MP -MF"common/FreeRTOS/list.d" -MT"common/FreeRTOS/list.o" --specs=nano.specs -mfpu=fpv4-sp-d16 -mfloat-abi=hard -mthumb -o "common/FreeRTOS/list.o"
arm-none-eabi-gcc "../common/FreeRTOS/queue.c" -mcpu=cortex-m4 -std=gnu11 -g3 -DDEBUG -DUSE_HAL_DRIVER -DSTM32F429xx -DUSE_FULL_ASSERT=1 -c -I"C:/Users/mahon/stmWork/freeRTOS/DMA_UART/common/FreeRTOS/include" -I"C:/Users/mahon/stmWork/freeRTOS/DMA_UART/common/FreeRTOS/portable/GCC/ARM_CM4F" -I"C:/Users/mahon/stmWork/freeRTOS/DMA_UART/common/SEGGER/config" -I"C:/Users/mahon/stmWork/freeRTOS/DMA_UART/common/SEGGER/os" -I"C:/Users/mahon/stmWork/freeRTOS/DMA_UART/common/SEGGER/SEGGER" -I../Core/Inc -I../Drivers/STM32F4xx_HAL_Driver/Inc -I../Drivers/STM32F4xx_HAL_Driver/Inc/Legacy -I../Drivers/CMSIS/Device/ST/STM32F4xx/Include -I../Drivers/CMSIS/Include -O0 -ffunction-sections -fdata-sections -Wall -fstack-usage -MMD -MP -MF"common/FreeRTOS/queue.d" -MT"common/FreeRTOS/queue.o" --specs=nano.specs -mfpu=fpv4-sp-d16 -mfloat-abi=hard -mthumb -o "common/FreeRTOS/queue.o"
arm-none-eabi-gcc "../common/FreeRTOS/stream_buffer.c" -mcpu=cortex-m4 -std=gnu11 -g3 -DDEBUG -DUSE_HAL_DRIVER -DSTM32F429xx -DUSE_FULL_ASSERT=1 -c -I"C:/Users/mahon/stmWork/freeRTOS/DMA_UART/common/FreeRTOS/include" -I"C:/Users/mahon/stmWork/freeRTOS/DMA_UART/common/FreeRTOS/portable/GCC/ARM_CM4F" -I"C:/Users/mahon/stmWork/freeRTOS/DMA_UART/common/SEGGER/config" -I"C:/Users/mahon/stmWork/freeRTOS/DMA_UART/common/SEGGER/os" -I"C:/Users/mahon/stmWork/freeRTOS/DMA_UART/common/SEGGER/SEGGER" -I../Core/Inc -I../Drivers/STM32F4xx_HAL_Driver/Inc -I../Drivers/STM32F4xx_HAL_Driver/Inc/Legacy -I../Drivers/CMSIS/Device/ST/STM32F4xx/Include -I../Drivers/CMSIS/Include -O0 -ffunction-sections -fdata-sections -Wall -fstack-usage -MMD -MP -MF"common/FreeRTOS/stream_buffer.d" -MT"common/FreeRTOS/stream_buffer.o" --specs=nano.specs -mfpu=fpv4-sp-d16 -mfloat-abi=hard -mthumb -o "common/FreeRTOS/stream_buffer.o"
arm-none-eabi-gcc "../common/FreeRTOS/tasks.c" -mcpu=cortex-m4 -std=gnu11 -g3 -DDEBUG -DUSE_HAL_DRIVER -DSTM32F429xx -DUSE_FULL_ASSERT=1 -c -I"C:/Users/mahon/stmWork/freeRTOS/DMA_UART/common/FreeRTOS/include" -I"C:/Users/mahon/stmWork/freeRTOS/DMA_UART/common/FreeRTOS/portable/GCC/ARM_CM4F" -I"C:/Users/mahon/stmWork/freeRTOS/DMA_UART/common/SEGGER/config" -I"C:/Users/mahon/stmWork/freeRTOS/DMA_UART/common/SEGGER/os" -I"C:/Users/mahon/stmWork/freeRTOS/DMA_UART/common/SEGGER/SEGGER" -I../Core/Inc -I../Drivers/STM32F4xx_HAL_Driver/Inc -I../Drivers/STM32F4xx_HAL_Driver/Inc/Legacy -I../Drivers/CMSIS/Device/ST/STM32F4xx/Include -I../Drivers/CMSIS/Include -O0 -ffunction-sections -fdata-sections -Wall -fstack-usage -MMD -MP -MF"common/FreeRTOS/tasks.d" -MT"common/FreeRTOS/tasks.o" --specs=nano.specs -mfpu=fpv4-sp-d16 -mfloat-abi=hard -mthumb -o "common/FreeRTOS/tasks.o"
arm-none-eabi-gcc "../common/FreeRTOS/timers.c" -mcpu=cortex-m4 -std=gnu11 -g3 -DDEBUG -DUSE_HAL_DRIVER -DSTM32F429xx -DUSE_FULL_ASSERT=1 -c -I"C:/Users/mahon/stmWork/freeRTOS/DMA_UART/common/FreeRTOS/include" -I"C:/Users/mahon/stmWork/freeRTOS/DMA_UART/common/FreeRTOS/portable/GCC/ARM_CM4F" -I"C:/Users/mahon/stmWork/freeRTOS/DMA_UART/common/SEGGER/config" -I"C:/Users/mahon/stmWork/freeRTOS/DMA_UART/common/SEGGER/os" -I"C:/Users/mahon/stmWork/freeRTOS/DMA_UART/common/SEGGER/SEGGER" -I../Core/Inc -I../Drivers/STM32F4xx_HAL_Driver/Inc -I../Drivers/STM32F4xx_HAL_Driver/Inc/Legacy -I../Drivers/CMSIS/Device/ST/STM32F4xx/Include -I../Drivers/CMSIS/Include -O0 -ffunction-sections -fdata-sections -Wall -fstack-usage -MMD -MP -MF"common/FreeRTOS/timers.d" -MT"common/FreeRTOS/timers.o" --specs=nano.specs -mfpu=fpv4-sp-d16 -mfloat-abi=hard -mthumb -o "common/FreeRTOS/timers.o"
arm-none-eabi-gcc "../Drivers/STM32F4xx_HAL_Driver/Src/stm32f4xx_hal.c" -mcpu=cortex-m4 -std=gnu11 -g3 -DDEBUG -DUSE_HAL_DRIVER -DSTM32F429xx -DUSE_FULL_ASSERT=1 -c -I"C:/Users/mahon/stmWork/freeRTOS/DMA_UART/common/FreeRTOS/include" -I"C:/Users/mahon/stmWork/freeRTOS/DMA_UART/common/FreeRTOS/portable/GCC/ARM_CM4F" -I"C:/Users/mahon/stmWork/freeRTOS/DMA_UART/common/SEGGER/config" -I"C:/Users/mahon/stmWork/freeRTOS/DMA_UART/common/SEGGER/os" -I"C:/Users/mahon/stmWork/freeRTOS/DMA_UART/common/SEGGER/SEGGER" -I../Core/Inc -I../Drivers/STM32F4xx_HAL_Driver/Inc -I../Drivers/STM32F4xx_HAL_Driver/Inc/Legacy -I../Drivers/CMSIS/Device/ST/STM32F4xx/Include -I../Drivers/CMSIS/Include -O0 -ffunction-sections -fdata-sections -Wall -fstack-usage -MMD -MP -MF"Drivers/STM32F4xx_HAL_Driver/Src/stm32f4xx_hal.d" -MT"Drivers/STM32F4xx_HAL_Driver/Src/stm32f4xx_hal.o" --specs=nano.specs -mfpu=fpv4-sp-d16 -mfloat-abi=hard -mthumb -o "Drivers/STM32F4xx_HAL_Driver/Src/stm32f4xx_hal.o"
arm-none-eabi-gcc "../Drivers/STM32F4xx_HAL_Driver/Src/stm32f4xx_hal_cortex.c" -mcpu=cortex-m4 -std=gnu11 -g3 -DDEBUG -DUSE_HAL_DRIVER -DSTM32F429xx -DUSE_FULL_ASSERT=1 -c -I"C:/Users/mahon/stmWork/freeRTOS/DMA_UART/common/FreeRTOS/include" -I"C:/Users/mahon/stmWork/freeRTOS/DMA_UART/common/FreeRTOS/portable/GCC/ARM_CM4F" -I"C:/Users/mahon/stmWork/freeRTOS/DMA_UART/common/SEGGER/config" -I"C:/Users/mahon/stmWork/freeRTOS/DMA_UART/common/SEGGER/os" -I"C:/Users/mahon/stmWork/freeRTOS/DMA_UART/common/SEGGER/SEGGER" -I../Core/Inc -I../Drivers/STM32F4xx_HAL_Driver/Inc -I../Drivers/STM32F4xx_HAL_Driver/Inc/Legacy -I../Drivers/CMSIS/Device/ST/STM32F4xx/Include -I../Drivers/CMSIS/Include -O0 -ffunction-sections -fdata-sections -Wall -fstack-usage -MMD -MP -MF"Drivers/STM32F4xx_HAL_Driver/Src/stm32f4xx_hal_cortex.d" -MT"Drivers/STM32F4xx_HAL_Driver/Src/stm32f4xx_hal_cortex.o" --specs=nano.specs -mfpu=fpv4-sp-d16 -mfloat-abi=hard -mthumb -o "Drivers/STM32F4xx_HAL_Driver/Src/stm32f4xx_hal_cortex.o"
arm-none-eabi-gcc "../Drivers/STM32F4xx_HAL_Driver/Src/stm32f4xx_hal_dma.c" -mcpu=cortex-m4 -std=gnu11 -g3 -DDEBUG -DUSE_HAL_DRIVER -DSTM32F429xx -DUSE_FULL_ASSERT=1 -c -I"C:/Users/mahon/stmWork/freeRTOS/DMA_UART/common/FreeRTOS/include" -I"C:/Users/mahon/stmWork/freeRTOS/DMA_UART/common/FreeRTOS/portable/GCC/ARM_CM4F" -I"C:/Users/mahon/stmWork/freeRTOS/DMA_UART/common/SEGGER/config" -I"C:/Users/mahon/stmWork/freeRTOS/DMA_UART/common/SEGGER/os" -I"C:/Users/mahon/stmWork/freeRTOS/DMA_UART/common/SEGGER/SEGGER" -I../Core/Inc -I../Drivers/STM32F4xx_HAL_Driver/Inc -I../Drivers/STM32F4xx_HAL_Driver/Inc/Legacy -I../Drivers/CMSIS/Device/ST/STM32F4xx/Include -I../Drivers/CMSIS/Include -O0 -ffunction-sections -fdata-sections -Wall -fstack-usage -MMD -MP -MF"Drivers/STM32F4xx_HAL_Driver/Src/stm32f4xx_hal_dma.d" -MT"Drivers/STM32F4xx_HAL_Driver/Src/stm32f4xx_hal_dma.o" --specs=nano.specs -mfpu=fpv4-sp-d16 -mfloat-abi=hard -mthumb -o "Drivers/STM32F4xx_HAL_Driver/Src/stm32f4xx_hal_dma.o"
arm-none-eabi-gcc "../Drivers/STM32F4xx_HAL_Driver/Src/stm32f4xx_hal_dma_ex.c" -mcpu=cortex-m4 -std=gnu11 -g3 -DDEBUG -DUSE_HAL_DRIVER -DSTM32F429xx -DUSE_FULL_ASSERT=1 -c -I"C:/Users/mahon/stmWork/freeRTOS/DMA_UART/common/FreeRTOS/include" -I"C:/Users/mahon/stmWork/freeRTOS/DMA_UART/common/FreeRTOS/portable/GCC/ARM_CM4F" -I"C:/Users/mahon/stmWork/freeRTOS/DMA_UART/common/SEGGER/config" -I"C:/Users/mahon/stmWork/freeRTOS/DMA_UART/common/SEGGER/os" -I"C:/Users/mahon/stmWork/freeRTOS/DMA_UART/common/SEGGER/SEGGER" -I../Core/Inc -I../Drivers/STM32F4xx_HAL_Driver/Inc -I../Drivers/STM32F4xx_HAL_Driver/Inc/Legacy -I../Drivers/CMSIS/Device/ST/STM32F4xx/Include -I../Drivers/CMSIS/Include -O0 -ffunction-sections -fdata-sections -Wall -fstack-usage -MMD -MP -MF"Drivers/STM32F4xx_HAL_Driver/Src/stm32f4xx_hal_dma_ex.d" -MT"Drivers/STM32F4xx_HAL_Driver/Src/stm32f4xx_hal_dma_ex.o" --specs=nano.specs -mfpu=fpv4-sp-d16 -mfloat-abi=hard -mthumb -o "Drivers/STM32F4xx_HAL_Driver/Src/stm32f4xx_hal_dma_ex.o"
arm-none-eabi-gcc "../Drivers/STM32F4xx_HAL_Driver/Src/stm32f4xx_hal_exti.c" -mcpu=cortex-m4 -std=gnu11 -g3 -DDEBUG -DUSE_HAL_DRIVER -DSTM32F429xx -DUSE_FULL_ASSERT=1 -c -I"C:/Users/mahon/stmWork/freeRTOS/DMA_UART/common/FreeRTOS/include" -I"C:/Users/mahon/stmWork/freeRTOS/DMA_UART/common/FreeRTOS/portable/GCC/ARM_CM4F" -I"C:/Users/mahon/stmWork/freeRTOS/DMA_UART/common/SEGGER/config" -I"C:/Users/mahon/stmWork/freeRTOS/DMA_UART/common/SEGGER/os" -I"C:/Users/mahon/stmWork/freeRTOS/DMA_UART/common/SEGGER/SEGGER" -I../Core/Inc -I../Drivers/STM32F4xx_HAL_Driver/Inc -I../Drivers/STM32F4xx_HAL_Driver/Inc/Legacy -I../Drivers/CMSIS/Device/ST/STM32F4xx/Include -I../Drivers/CMSIS/Include -O0 -ffunction-sections -fdata-sections -Wall -fstack-usage -MMD -MP -MF"Drivers/STM32F4xx_HAL_Driver/Src/stm32f4xx_hal_exti.d" -MT"Drivers/STM32F4xx_HAL_Driver/Src/stm32f4xx_hal_exti.o" --specs=nano.specs -mfpu=fpv4-sp-d16 -mfloat-abi=hard -mthumb -o "Drivers/STM32F4xx_HAL_Driver/Src/stm32f4xx_hal_exti.o"
arm-none-eabi-gcc "../Drivers/STM32F4xx_HAL_Driver/Src/stm32f4xx_hal_flash.c" -mcpu=cortex-m4 -std=gnu11 -g3 -DDEBUG -DUSE_HAL_DRIVER -DSTM32F429xx -DUSE_FULL_ASSERT=1 -c -I"C:/Users/mahon/stmWork/freeRTOS/DMA_UART/common/FreeRTOS/include" -I"C:/Users/mahon/stmWork/freeRTOS/DMA_UART/common/FreeRTOS/portable/GCC/ARM_CM4F" -I"C:/Users/mahon/stmWork/freeRTOS/DMA_UART/common/SEGGER/config" -I"C:/Users/mahon/stmWork/freeRTOS/DMA_UART/common/SEGGER/os" -I"C:/Users/mahon/stmWork/freeRTOS/DMA_UART/common/SEGGER/SEGGER" -I../Core/Inc -I../Drivers/STM32F4xx_HAL_Driver/Inc -I../Drivers/STM32F4xx_HAL_Driver/Inc/Legacy -I../Drivers/CMSIS/Device/ST/STM32F4xx/Include -I../Drivers/CMSIS/Include -O0 -ffunction-sections -fdata-sections -Wall -fstack-usage -MMD -MP -MF"Drivers/STM32F4xx_HAL_Driver/Src/stm32f4xx_hal_flash.d" -MT"Drivers/STM32F4xx_HAL_Driver/Src/stm32f4xx_hal_flash.o" --specs=nano.specs -mfpu=fpv4-sp-d16 -mfloat-abi=hard -mthumb -o "Drivers/STM32F4xx_HAL_Driver/Src/stm32f4xx_hal_flash.o"
arm-none-eabi-gcc "../Drivers/STM32F4xx_HAL_Driver/Src/stm32f4xx_hal_flash_ex.c" -mcpu=cortex-m4 -std=gnu11 -g3 -DDEBUG -DUSE_HAL_DRIVER -DSTM32F429xx -DUSE_FULL_ASSERT=1 -c -I"C:/Users/mahon/stmWork/freeRTOS/DMA_UART/common/FreeRTOS/include" -I"C:/Users/mahon/stmWork/freeRTOS/DMA_UART/common/FreeRTOS/portable/GCC/ARM_CM4F" -I"C:/Users/mahon/stmWork/freeRTOS/DMA_UART/common/SEGGER/config" -I"C:/Users/mahon/stmWork/freeRTOS/DMA_UART/common/SEGGER/os" -I"C:/Users/mahon/stmWork/freeRTOS/DMA_UART/common/SEGGER/SEGGER" -I../Core/Inc -I../Drivers/STM32F4xx_HAL_Driver/Inc -I../Drivers/STM32F4xx_HAL_Driver/Inc/Legacy -I../Drivers/CMSIS/Device/ST/STM32F4xx/Include -I../Drivers/CMSIS/Include -O0 -ffunction-sections -fdata-sections -Wall -fstack-usage -MMD -MP -MF"Drivers/STM32F4xx_HAL_Driver/Src/stm32f4xx_hal_flash_ex.d" -MT"Drivers/STM32F4xx_HAL_Driver/Src/stm32f4xx_hal_flash_ex.o" --specs=nano.specs -mfpu=fpv4-sp-d16 -mfloat-abi=hard -mthumb -o "Drivers/STM32F4xx_HAL_Driver/Src/stm32f4xx_hal_flash_ex.o"
arm-none-eabi-gcc "../Drivers/STM32F4xx_HAL_Driver/Src/stm32f4xx_hal_flash_ramfunc.c" -mcpu=cortex-m4 -std=gnu11 -g3 -DDEBUG -DUSE_HAL_DRIVER -DSTM32F429xx -DUSE_FULL_ASSERT=1 -c -I"C:/Users/mahon/stmWork/freeRTOS/DMA_UART/common/FreeRTOS/include" -I"C:/Users/mahon/stmWork/freeRTOS/DMA_UART/common/FreeRTOS/portable/GCC/ARM_CM4F" -I"C:/Users/mahon/stmWork/freeRTOS/DMA_UART/common/SEGGER/config" -I"C:/Users/mahon/stmWork/freeRTOS/DMA_UART/common/SEGGER/os" -I"C:/Users/mahon/stmWork/freeRTOS/DMA_UART/common/SEGGER/SEGGER" -I../Core/Inc -I../Drivers/STM32F4xx_HAL_Driver/Inc -I../Drivers/STM32F4xx_HAL_Driver/Inc/Legacy -I../Drivers/CMSIS/Device/ST/STM32F4xx/Include -I../Drivers/CMSIS/Include -O0 -ffunction-sections -fdata-sections -Wall -fstack-usage -MMD -MP -MF"Drivers/STM32F4xx_HAL_Driver/Src/stm32f4xx_hal_flash_ramfunc.d" -MT"Drivers/STM32F4xx_HAL_Driver/Src/stm32f4xx_hal_flash_ramfunc.o" --specs=nano.specs -mfpu=fpv4-sp-d16 -mfloat-abi=hard -mthumb -o "Drivers/STM32F4xx_HAL_Driver/Src/stm32f4xx_hal_flash_ramfunc.o"
arm-none-eabi-gcc "../Drivers/STM32F4xx_HAL_Driver/Src/stm32f4xx_hal_gpio.c" -mcpu=cortex-m4 -std=gnu11 -g3 -DDEBUG -DUSE_HAL_DRIVER -DSTM32F429xx -DUSE_FULL_ASSERT=1 -c -I"C:/Users/mahon/stmWork/freeRTOS/DMA_UART/common/FreeRTOS/include" -I"C:/Users/mahon/stmWork/freeRTOS/DMA_UART/common/FreeRTOS/portable/GCC/ARM_CM4F" -I"C:/Users/mahon/stmWork/freeRTOS/DMA_UART/common/SEGGER/config" -I"C:/Users/mahon/stmWork/freeRTOS/DMA_UART/common/SEGGER/os" -I"C:/Users/mahon/stmWork/freeRTOS/DMA_UART/common/SEGGER/SEGGER" -I../Core/Inc -I../Drivers/STM32F4xx_HAL_Driver/Inc -I../Drivers/STM32F4xx_HAL_Driver/Inc/Legacy -I../Drivers/CMSIS/Device/ST/STM32F4xx/Include -I../Drivers/CMSIS/Include -O0 -ffunction-sections -fdata-sections -Wall -fstack-usage -MMD -MP -MF"Drivers/STM32F4xx_HAL_Driver/Src/stm32f4xx_hal_gpio.d" -MT"Drivers/STM32F4xx_HAL_Driver/Src/stm32f4xx_hal_gpio.o" --specs=nano.specs -mfpu=fpv4-sp-d16 -mfloat-abi=hard -mthumb -o "Drivers/STM32F4xx_HAL_Driver/Src/stm32f4xx_hal_gpio.o"
arm-none-eabi-gcc "../Drivers/STM32F4xx_HAL_Driver/Src/stm32f4xx_hal_pwr.c" -mcpu=cortex-m4 -std=gnu11 -g3 -DDEBUG -DUSE_HAL_DRIVER -DSTM32F429xx -DUSE_FULL_ASSERT=1 -c -I"C:/Users/mahon/stmWork/freeRTOS/DMA_UART/common/FreeRTOS/include" -I"C:/Users/mahon/stmWork/freeRTOS/DMA_UART/common/FreeRTOS/portable/GCC/ARM_CM4F" -I"C:/Users/mahon/stmWork/freeRTOS/DMA_UART/common/SEGGER/config" -I"C:/Users/mahon/stmWork/freeRTOS/DMA_UART/common/SEGGER/os" -I"C:/Users/mahon/stmWork/freeRTOS/DMA_UART/common/SEGGER/SEGGER" -I../Core/Inc -I../Drivers/STM32F4xx_HAL_Driver/Inc -I../Drivers/STM32F4xx_HAL_Driver/Inc/Legacy -I../Drivers/CMSIS/Device/ST/STM32F4xx/Include -I../Drivers/CMSIS/Include -O0 -ffunction-sections -fdata-sections -Wall -fstack-usage -MMD -MP -MF"Drivers/STM32F4xx_HAL_Driver/Src/stm32f4xx_hal_pwr.d" -MT"Drivers/STM32F4xx_HAL_Driver/Src/stm32f4xx_hal_pwr.o" --specs=nano.specs -mfpu=fpv4-sp-d16 -mfloat-abi=hard -mthumb -o "Drivers/STM32F4xx_HAL_Driver/Src/stm32f4xx_hal_pwr.o"
arm-none-eabi-gcc "../Drivers/STM32F4xx_HAL_Driver/Src/stm32f4xx_hal_pwr_ex.c" -mcpu=cortex-m4 -std=gnu11 -g3 -DDEBUG -DUSE_HAL_DRIVER -DSTM32F429xx -DUSE_FULL_ASSERT=1 -c -I"C:/Users/mahon/stmWork/freeRTOS/DMA_UART/common/FreeRTOS/include" -I"C:/Users/mahon/stmWork/freeRTOS/DMA_UART/common/FreeRTOS/portable/GCC/ARM_CM4F" -I"C:/Users/mahon/stmWork/freeRTOS/DMA_UART/common/SEGGER/config" -I"C:/Users/mahon/stmWork/freeRTOS/DMA_UART/common/SEGGER/os" -I"C:/Users/mahon/stmWork/freeRTOS/DMA_UART/common/SEGGER/SEGGER" -I../Core/Inc -I../Drivers/STM32F4xx_HAL_Driver/Inc -I../Drivers/STM32F4xx_HAL_Driver/Inc/Legacy -I../Drivers/CMSIS/Device/ST/STM32F4xx/Include -I../Drivers/CMSIS/Include -O0 -ffunction-sections -fdata-sections -Wall -fstack-usage -MMD -MP -MF"Drivers/STM32F4xx_HAL_Driver/Src/stm32f4xx_hal_pwr_ex.d" -MT"Drivers/STM32F4xx_HAL_Driver/Src/stm32f4xx_hal_pwr_ex.o" --specs=nano.specs -mfpu=fpv4-sp-d16 -mfloat-abi=hard -mthumb -o "Drivers/STM32F4xx_HAL_Driver/Src/stm32f4xx_hal_pwr_ex.o"
arm-none-eabi-gcc "../Drivers/STM32F4xx_HAL_Driver/Src/stm32f4xx_hal_rcc.c" -mcpu=cortex-m4 -std=gnu11 -g3 -DDEBUG -DUSE_HAL_DRIVER -DSTM32F429xx -DUSE_FULL_ASSERT=1 -c -I"C:/Users/mahon/stmWork/freeRTOS/DMA_UART/common/FreeRTOS/include" -I"C:/Users/mahon/stmWork/freeRTOS/DMA_UART/common/FreeRTOS/portable/GCC/ARM_CM4F" -I"C:/Users/mahon/stmWork/freeRTOS/DMA_UART/common/SEGGER/config" -I"C:/Users/mahon/stmWork/freeRTOS/DMA_UART/common/SEGGER/os" -I"C:/Users/mahon/stmWork/freeRTOS/DMA_UART/common/SEGGER/SEGGER" -I../Core/Inc -I../Drivers/STM32F4xx_HAL_Driver/Inc -I../Drivers/STM32F4xx_HAL_Driver/Inc/Legacy -I../Drivers/CMSIS/Device/ST/STM32F4xx/Include -I../Drivers/CMSIS/Include -O0 -ffunction-sections -fdata-sections -Wall -fstack-usage -MMD -MP -MF"Drivers/STM32F4xx_HAL_Driver/Src/stm32f4xx_hal_rcc.d" -MT"Drivers/STM32F4xx_HAL_Driver/Src/stm32f4xx_hal_rcc.o" --specs=nano.specs -mfpu=fpv4-sp-d16 -mfloat-abi=hard -mthumb -o "Drivers/STM32F4xx_HAL_Driver/Src/stm32f4xx_hal_rcc.o"
arm-none-eabi-gcc "../Drivers/STM32F4xx_HAL_Driver/Src/stm32f4xx_hal_rcc_ex.c" -mcpu=cortex-m4 -std=gnu11 -g3 -DDEBUG -DUSE_HAL_DRIVER -DSTM32F429xx -DUSE_FULL_ASSERT=1 -c -I"C:/Users/mahon/stmWork/freeRTOS/DMA_UART/common/FreeRTOS/include" -I"C:/Users/mahon/stmWork/freeRTOS/DMA_UART/common/FreeRTOS/portable/GCC/ARM_CM4F" -I"C:/Users/mahon/stmWork/freeRTOS/DMA_UART/common/SEGGER/config" -I"C:/Users/mahon/stmWork/freeRTOS/DMA_UART/common/SEGGER/os" -I"C:/Users/mahon/stmWork/freeRTOS/DMA_UART/common/SEGGER/SEGGER" -I../Core/Inc -I../Drivers/STM32F4xx_HAL_Driver/Inc -I../Drivers/STM32F4xx_HAL_Driver/Inc/Legacy -I../Drivers/CMSIS/Device/ST/STM32F4xx/Include -I../Drivers/CMSIS/Include -O0 -ffunction-sections -fdata-sections -Wall -fstack-usage -MMD -MP -MF"Drivers/STM32F4xx_HAL_Driver/Src/stm32f4xx_hal_rcc_ex.d" -MT"Drivers/STM32F4xx_HAL_Driver/Src/stm32f4xx_hal_rcc_ex.o" --specs=nano.specs -mfpu=fpv4-sp-d16 -mfloat-abi=hard -mthumb -o "Drivers/STM32F4xx_HAL_Driver/Src/stm32f4xx_hal_rcc_ex.o"
arm-none-eabi-gcc "../Drivers/STM32F4xx_HAL_Driver/Src/stm32f4xx_hal_tim.c" -mcpu=cortex-m4 -std=gnu11 -g3 -DDEBUG -DUSE_HAL_DRIVER -DSTM32F429xx -DUSE_FULL_ASSERT=1 -c -I"C:/Users/mahon/stmWork/freeRTOS/DMA_UART/common/FreeRTOS/include" -I"C:/Users/mahon/stmWork/freeRTOS/DMA_UART/common/FreeRTOS/portable/GCC/ARM_CM4F" -I"C:/Users/mahon/stmWork/freeRTOS/DMA_UART/common/SEGGER/config" -I"C:/Users/mahon/stmWork/freeRTOS/DMA_UART/common/SEGGER/os" -I"C:/Users/mahon/stmWork/freeRTOS/DMA_UART/common/SEGGER/SEGGER" -I../Core/Inc -I../Drivers/STM32F4xx_HAL_Driver/Inc -I../Drivers/STM32F4xx_HAL_Driver/Inc/Legacy -I../Drivers/CMSIS/Device/ST/STM32F4xx/Include -I../Drivers/CMSIS/Include -O0 -ffunction-sections -fdata-sections -Wall -fstack-usage -MMD -MP -MF"Drivers/STM32F4xx_HAL_Driver/Src/stm32f4xx_hal_tim.d" -MT"Drivers/STM32F4xx_HAL_Driver/Src/stm32f4xx_hal_tim.o" --specs=nano.specs -mfpu=fpv4-sp-d16 -mfloat-abi=hard -mthumb -o "Drivers/STM32F4xx_HAL_Driver/Src/stm32f4xx_hal_tim.o"
arm-none-eabi-gcc "../Drivers/STM32F4xx_HAL_Driver/Src/stm32f4xx_hal_tim_ex.c" -mcpu=cortex-m4 -std=gnu11 -g3 -DDEBUG -DUSE_HAL_DRIVER -DSTM32F429xx -DUSE_FULL_ASSERT=1 -c -I"C:/Users/mahon/stmWork/freeRTOS/DMA_UART/common/FreeRTOS/include" -I"C:/Users/mahon/stmWork/freeRTOS/DMA_UART/common/FreeRTOS/portable/GCC/ARM_CM4F" -I"C:/Users/mahon/stmWork/freeRTOS/DMA_UART/common/SEGGER/config" -I"C:/Users/mahon/stmWork/freeRTOS/DMA_UART/common/SEGGER/os" -I"C:/Users/mahon/stmWork/freeRTOS/DMA_UART/common/SEGGER/SEGGER" -I../Core/Inc -I../Drivers/STM32F4xx_HAL_Driver/Inc -I../Drivers/STM32F4xx_HAL_Driver/Inc/Legacy -I../Drivers/CMSIS/Device/ST/STM32F4xx/Include -I../Drivers/CMSIS/Include -O0 -ffunction-sections -fdata-sections -Wall -fstack-usage -MMD -MP -MF"Drivers/STM32F4xx_HAL_Driver/Src/stm32f4xx_hal_tim_ex.d" -MT"Drivers/STM32F4xx_HAL_Driver/Src/stm32f4xx_hal_tim_ex.o" --specs=nano.specs -mfpu=fpv4-sp-d16 -mfloat-abi=hard -mthumb -o "Drivers/STM32F4xx_HAL_Driver/Src/stm32f4xx_hal_tim_ex.o"
arm-none-eabi-gcc "../Drivers/STM32F4xx_HAL_Driver/Src/stm32f4xx_hal_uart.c" -mcpu=cortex-m4 -std=gnu11 -g3 -DDEBUG -DUSE_HAL_DRIVER -DSTM32F429xx -DUSE_FULL_ASSERT=1 -c -I"C:/Users/mahon/stmWork/freeRTOS/DMA_UART/common/FreeRTOS/include" -I"C:/Users/mahon/stmWork/freeRTOS/DMA_UART/common/FreeRTOS/portable/GCC/ARM_CM4F" -I"C:/Users/mahon/stmWork/freeRTOS/DMA_UART/common/SEGGER/config" -I"C:/Users/mahon/stmWork/freeRTOS/DMA_UART/common/SEGGER/os" -I"C:/Users/mahon/stmWork/freeRTOS/DMA_UART/common/SEGGER/SEGGER" -I../Core/Inc -I../Drivers/STM32F4xx_HAL_Driver/Inc -I../Drivers/STM32F4xx_HAL_Driver/Inc/Legacy -I../Drivers/CMSIS/Device/ST/STM32F4xx/Include -I../Drivers/CMSIS/Include -O0 -ffunction-sections -fdata-sections -Wall -fstack-usage -MMD -MP -MF"Drivers/STM32F4xx_HAL_Driver/Src/stm32f4xx_hal_uart.d" -MT"Drivers/STM32F4xx_HAL_Driver/Src/stm32f4xx_hal_uart.o" --specs=nano.specs -mfpu=fpv4-sp-d16 -mfloat-abi=hard -mthumb -o "Drivers/STM32F4xx_HAL_Driver/Src/stm32f4xx_hal_uart.o"
arm-none-eabi-gcc -mcpu=cortex-m4 -g3 -DDEBUG -c -x assembler-with-cpp -MMD -MP -MF"Core/Startup/startup_stm32f429zitx.d" -MT"Core/Startup/startup_stm32f429zitx.o" --specs=nano.specs -mfpu=fpv4-sp-d16 -mfloat-abi=hard -mthumb -o "Core/Startup/startup_stm32f429zitx.o" "../Core/Startup/startup_stm32f429zitx.s"
arm-none-eabi-gcc "../Core/Src/STM32_Disc1_Gpio.c" -mcpu=cortex-m4 -std=gnu11 -g3 -DDEBUG -DUSE_HAL_DRIVER -DSTM32F429xx -DUSE_FULL_ASSERT=1 -c -I"C:/Users/mahon/stmWork/freeRTOS/DMA_UART/common/FreeRTOS/include" -I"C:/Users/mahon/stmWork/freeRTOS/DMA_UART/common/FreeRTOS/portable/GCC/ARM_CM4F" -I"C:/Users/mahon/stmWork/freeRTOS/DMA_UART/common/SEGGER/config" -I"C:/Users/mahon/stmWork/freeRTOS/DMA_UART/common/SEGGER/os" -I"C:/Users/mahon/stmWork/freeRTOS/DMA_UART/common/SEGGER/SEGGER" -I../Core/Inc -I../Drivers/STM32F4xx_HAL_Driver/Inc -I../Drivers/STM32F4xx_HAL_Driver/Inc/Legacy -I../Drivers/CMSIS/Device/ST/STM32F4xx/Include -I../Drivers/CMSIS/Include -O0 -ffunction-sections -fdata-sections -Wall -fstack-usage -MMD -MP -MF"Core/Src/STM32_Disc1_Gpio.d" -MT"Core/Src/STM32_Disc1_Gpio.o" --specs=nano.specs -mfpu=fpv4-sp-d16 -mfloat-abi=hard -mthumb -o "Core/Src/STM32_Disc1_Gpio.o"
arm-none-eabi-gcc "../Core/Src/UARTPOOL.c" -mcpu=cortex-m4 -std=gnu11 -g3 -DDEBUG -DUSE_HAL_DRIVER -DSTM32F429xx -DUSE_FULL_ASSERT=1 -c -I"C:/Users/mahon/stmWork/freeRTOS/DMA_UART/common/FreeRTOS/include" -I"C:/Users/mahon/stmWork/freeRTOS/DMA_UART/common/FreeRTOS/portable/GCC/ARM_CM4F" -I"C:/Users/mahon/stmWork/freeRTOS/DMA_UART/common/SEGGER/config" -I"C:/Users/mahon/stmWork/freeRTOS/DMA_UART/common/SEGGER/os" -I"C:/Users/mahon/stmWork/freeRTOS/DMA_UART/common/SEGGER/SEGGER" -I../Core/Inc -I../Drivers/STM32F4xx_HAL_Driver/Inc -I../Drivers/STM32F4xx_HAL_Driver/Inc/Legacy -I../Drivers/CMSIS/Device/ST/STM32F4xx/Include -I../Drivers/CMSIS/Include -O0 -ffunction-sections -fdata-sections -Wall -fstack-usage -MMD -MP -MF"Core/Src/UARTPOOL.d" -MT"Core/Src/UARTPOOL.o" --specs=nano.specs -mfpu=fpv4-sp-d16 -mfloat-abi=hard -mthumb -o "Core/Src/UARTPOOL.o"
arm-none-eabi-gcc "../Core/Src/UartQuickDirtyInit.c" -mcpu=cortex-m4 -std=gnu11 -g3 -DDEBUG -DUSE_HAL_DRIVER -DSTM32F429xx -DUSE_FULL_ASSERT=1 -c -I"C:/Users/mahon/stmWork/freeRTOS/DMA_UART/common/FreeRTOS/include" -I"C:/Users/mahon/stmWork/freeRTOS/DMA_UART/common/FreeRTOS/portable/GCC/ARM_CM4F" -I"C:/Users/mahon/stmWork/freeRTOS/DMA_UART/common/SEGGER/config" -I"C:/Users/mahon/stmWork/freeRTOS/DMA_UART/common/SEGGER/os" -I"C:/Users/mahon/stmWork/freeRTOS/DMA_UART/common/SEGGER/SEGGER" -I../Core/Inc -I../Drivers/STM32F4xx_HAL_Driver/Inc -I../Drivers/STM32F4xx_HAL_Driver/Inc/Legacy -I../Drivers/CMSIS/Device/ST/STM32F4xx/Include -I../Drivers/CMSIS/Include -O0 -ffunction-sections -fdata-sections -Wall -fstack-usage -MMD -MP -MF"Core/Src/UartQuickDirtyInit.d" -MT"Core/Src/UartQuickDirtyInit.o" --specs=nano.specs -mfpu=fpv4-sp-d16 -mfloat-abi=hard -mthumb -o "Core/Src/UartQuickDirtyInit.o"
arm-none-eabi-gcc "../Core/Src/UartSetUp.c" -mcpu=cortex-m4 -std=gnu11 -g3 -DDEBUG -DUSE_HAL_DRIVER -DSTM32F429xx -DUSE_FULL_ASSERT=1 -c -I"C:/Users/mahon/stmWork/freeRTOS/DMA_UART/common/FreeRTOS/include" -I"C:/Users/mahon/stmWork/freeRTOS/DMA_UART/common/FreeRTOS/portable/GCC/ARM_CM4F" -I"C:/Users/mahon/stmWork/freeRTOS/DMA_UART/common/SEGGER/config" -I"C:/Users/mahon/stmWork/freeRTOS/DMA_UART/common/SEGGER/os" -I"C:/Users/mahon/stmWork/freeRTOS/DMA_UART/common/SEGGER/SEGGER" -I../Core/Inc -I../Drivers/STM32F4xx_HAL_Driver/Inc -I../Drivers/STM32F4xx_HAL_Driver/Inc/Legacy -I../Drivers/CMSIS/Device/ST/STM32F4xx/Include -I../Drivers/CMSIS/Include -O0 -ffunction-sections -fdata-sections -Wall -fstack-usage -MMD -MP -MF"Core/Src/UartSetUp.d" -MT"Core/Src/UartSetUp.o" --specs=nano.specs -mfpu=fpv4-sp-d16 -mfloat-abi=hard -mthumb -o "Core/Src/UartSetUp.o"
arm-none-eabi-gcc "../Core/Src/stm32f429_init.c" -mcpu=cortex-m4 -std=gnu11 -g3 -DDEBUG -DUSE_HAL_DRIVER -DSTM32F429xx -DUSE_FULL_ASSERT=1 -c -I"C:/Users/mahon/stmWork/freeRTOS/DMA_UART/common/FreeRTOS/include" -I"C:/Users/mahon/stmWork/freeRTOS/DMA_UART/common/FreeRTOS/portable/GCC/ARM_CM4F" -I"C:/Users/mahon/stmWork/freeRTOS/DMA_UART/common/SEGGER/config" -I"C:/Users/mahon/stmWork/freeRTOS/DMA_UART/common/SEGGER/os" -I"C:/Users/mahon/stmWork/freeRTOS/DMA_UART/common/SEGGER/SEGGER" -I../Core/Inc -I../Drivers/STM32F4xx_HAL_Driver/Inc -I../Drivers/STM32F4xx_HAL_Driver/Inc/Legacy -I../Drivers/CMSIS/Device/ST/STM32F4xx/Include -I../Drivers/CMSIS/Include -O0 -ffunction-sections -fdata-sections -Wall -fstack-usage -MMD -MP -MF"Core/Src/stm32f429_init.d" -MT"Core/Src/stm32f429_init.o" --specs=nano.specs -mfpu=fpv4-sp-d16 -mfloat-abi=hard -mthumb -o "Core/Src/stm32f429_init.o"
arm-none-eabi-gcc "../Core/Src/stm32f4xx_hal_msp.c" -mcpu=cortex-m4 -std=gnu11 -g3 -DDEBUG -DUSE_HAL_DRIVER -DSTM32F429xx -DUSE_FULL_ASSERT=1 -c -I"C:/Users/mahon/stmWork/freeRTOS/DMA_UART/common/FreeRTOS/include" -I"C:/Users/mahon/stmWork/freeRTOS/DMA_UART/common/FreeRTOS/portable/GCC/ARM_CM4F" -I"C:/Users/mahon/stmWork/freeRTOS/DMA_UART/common/SEGGER/config" -I"C:/Users/mahon/stmWork/freeRTOS/DMA_UART/common/SEGGER/os" -I"C:/Users/mahon/stmWork/freeRTOS/DMA_UART/common/SEGGER/SEGGER" -I../Core/Inc -I../Drivers/STM32F4xx_HAL_Driver/Inc -I../Drivers/STM32F4xx_HAL_Driver/Inc/Legacy -I../Drivers/CMSIS/Device/ST/STM32F4xx/Include -I../Drivers/CMSIS/Include -O0 -ffunction-sections -fdata-sections -Wall -fstack-usage -MMD -MP -MF"Core/Src/stm32f4xx_hal_msp.d" -MT"Core/Src/stm32f4xx_hal_msp.o" --specs=nano.specs -mfpu=fpv4-sp-d16 -mfloat-abi=hard -mthumb -o "Core/Src/stm32f4xx_hal_msp.o"
arm-none-eabi-gcc "../Core/Src/stm32f4xx_hal_timebase_tim.c" -mcpu=cortex-m4 -std=gnu11 -g3 -DDEBUG -DUSE_HAL_DRIVER -DSTM32F429xx -DUSE_FULL_ASSERT=1 -c -I"C:/Users/mahon/stmWork/freeRTOS/DMA_UART/common/FreeRTOS/include" -I"C:/Users/mahon/stmWork/freeRTOS/DMA_UART/common/FreeRTOS/portable/GCC/ARM_CM4F" -I"C:/Users/mahon/stmWork/freeRTOS/DMA_UART/common/SEGGER/config" -I"C:/Users/mahon/stmWork/freeRTOS/DMA_UART/common/SEGGER/os" -I"C:/Users/mahon/stmWork/freeRTOS/DMA_UART/common/SEGGER/SEGGER" -I../Core/Inc -I../Drivers/STM32F4xx_HAL_Driver/Inc -I../Drivers/STM32F4xx_HAL_Driver/Inc/Legacy -I../Drivers/CMSIS/Device/ST/STM32F4xx/Include -I../Drivers/CMSIS/Include -O0 -ffunction-sections -fdata-sections -Wall -fstack-usage -MMD -MP -MF"Core/Src/stm32f4xx_hal_timebase_tim.d" -MT"Core/Src/stm32f4xx_hal_timebase_tim.o" --specs=nano.specs -mfpu=fpv4-sp-d16 -mfloat-abi=hard -mthumb -o "Core/Src/stm32f4xx_hal_timebase_tim.o"
arm-none-eabi-gcc "../Core/Src/stm32f4xx_it.c" -mcpu=cortex-m4 -std=gnu11 -g3 -DDEBUG -DUSE_HAL_DRIVER -DSTM32F429xx -DUSE_FULL_ASSERT=1 -c -I"C:/Users/mahon/stmWork/freeRTOS/DMA_UART/common/FreeRTOS/include" -I"C:/Users/mahon/stmWork/freeRTOS/DMA_UART/common/FreeRTOS/portable/GCC/ARM_CM4F" -I"C:/Users/mahon/stmWork/freeRTOS/DMA_UART/common/SEGGER/config" -I"C:/Users/mahon/stmWork/freeRTOS/DMA_UART/common/SEGGER/os" -I"C:/Users/mahon/stmWork/freeRTOS/DMA_UART/common/SEGGER/SEGGER" -I../Core/Inc -I../Drivers/STM32F4xx_HAL_Driver/Inc -I../Drivers/STM32F4xx_HAL_Driver/Inc/Legacy -I../Drivers/CMSIS/Device/ST/STM32F4xx/Include -I../Drivers/CMSIS/Include -O0 -ffunction-sections -fdata-sections -Wall -fstack-usage -MMD -MP -MF"Core/Src/stm32f4xx_it.d" -MT"Core/Src/stm32f4xx_it.o" --specs=nano.specs -mfpu=fpv4-sp-d16 -mfloat-abi=hard -mthumb -o "Core/Src/stm32f4xx_it.o"
arm-none-eabi-gcc "../Core/Src/syscalls.c" -mcpu=cortex-m4 -std=gnu11 -g3 -DDEBUG -DUSE_HAL_DRIVER -DSTM32F429xx -DUSE_FULL_ASSERT=1 -c -I"C:/Users/mahon/stmWork/freeRTOS/DMA_UART/common/FreeRTOS/include" -I"C:/Users/mahon/stmWork/freeRTOS/DMA_UART/common/FreeRTOS/portable/GCC/ARM_CM4F" -I"C:/Users/mahon/stmWork/freeRTOS/DMA_UART/common/SEGGER/config" -I"C:/Users/mahon/stmWork/freeRTOS/DMA_UART/common/SEGGER/os" -I"C:/Users/mahon/stmWork/freeRTOS/DMA_UART/common/SEGGER/SEGGER" -I../Core/Inc -I../Drivers/STM32F4xx_HAL_Driver/Inc -I../Drivers/STM32F4xx_HAL_Driver/Inc/Legacy -I../Drivers/CMSIS/Device/ST/STM32F4xx/Include -I../Drivers/CMSIS/Include -O0 -ffunction-sections -fdata-sections -Wall -fstack-usage -MMD -MP -MF"Core/Src/syscalls.d" -MT"Core/Src/syscalls.o" --specs=nano.specs -mfpu=fpv4-sp-d16 -mfloat-abi=hard -mthumb -o "Core/Src/syscalls.o"
arm-none-eabi-gcc "../Core/Src/sysmem.c" -mcpu=cortex-m4 -std=gnu11 -g3 -DDEBUG -DUSE_HAL_DRIVER -DSTM32F429xx -DUSE_FULL_ASSERT=1 -c -I"C:/Users/mahon/stmWork/freeRTOS/DMA_UART/common/FreeRTOS/include" -I"C:/Users/mahon/stmWork/freeRTOS/DMA_UART/common/FreeRTOS/portable/GCC/ARM_CM4F" -I"C:/Users/mahon/stmWork/freeRTOS/DMA_UART/common/SEGGER/config" -I"C:/Users/mahon/stmWork/freeRTOS/DMA_UART/common/SEGGER/os" -I"C:/Users/mahon/stmWork/freeRTOS/DMA_UART/common/SEGGER/SEGGER" -I../Core/Inc -I../Drivers/STM32F4xx_HAL_Driver/Inc -I../Drivers/STM32F4xx_HAL_Driver/Inc/Legacy -I../Drivers/CMSIS/Device/ST/STM32F4xx/Include -I../Drivers/CMSIS/Include -O0 -ffunction-sections -fdata-sections -Wall -fstack-usage -MMD -MP -MF"Core/Src/sysmem.d" -MT"Core/Src/sysmem.o" --specs=nano.specs -mfpu=fpv4-sp-d16 -mfloat-abi=hard -mthumb -o "Core/Src/sysmem.o"
arm-none-eabi-gcc "../Core/Src/system_stm32f4xx.c" -mcpu=cortex-m4 -std=gnu11 -g3 -DDEBUG -DUSE_HAL_DRIVER -DSTM32F429xx -DUSE_FULL_ASSERT=1 -c -I"C:/Users/mahon/stmWork/freeRTOS/DMA_UART/common/FreeRTOS/include" -I"C:/Users/mahon/stmWork/freeRTOS/DMA_UART/common/FreeRTOS/portable/GCC/ARM_CM4F" -I"C:/Users/mahon/stmWork/freeRTOS/DMA_UART/common/SEGGER/config" -I"C:/Users/mahon/stmWork/freeRTOS/DMA_UART/common/SEGGER/os" -I"C:/Users/mahon/stmWork/freeRTOS/DMA_UART/common/SEGGER/SEGGER" -I../Core/Inc -I../Drivers/STM32F4xx_HAL_Driver/Inc -I../Drivers/STM32F4xx_HAL_Driver/Inc/Legacy -I../Drivers/CMSIS/Device/ST/STM32F4xx/Include -I../Drivers/CMSIS/Include -O0 -ffunction-sections -fdata-sections -Wall -fstack-usage -MMD -MP -MF"Core/Src/system_stm32f4xx.d" -MT"Core/Src/system_stm32f4xx.o" --specs=nano.specs -mfpu=fpv4-sp-d16 -mfloat-abi=hard -mthumb -o "Core/Src/system_stm32f4xx.o"
arm-none-eabi-gcc -o "DMA_UART.elf" @"objects.list"   -mcpu=cortex-m4 -T"C:\Users\mahon\stmWork\freeRTOS\DMA_UART\STM32F429ZITX_FLASH.ld" --specs=nosys.specs -Wl,-Map="DMA_UART.map" -Wl,--gc-sections -static --specs=nano.specs -mfpu=fpv4-sp-d16 -mfloat-abi=hard -mthumb -Wl,--start-group -lc -lm -Wl,--end-group
Finished building target: DMA_UART.elf
 
arm-none-eabi-size   DMA_UART.elf 
arm-none-eabi-objdump -h -S  DMA_UART.elf  > "DMA_UART.list"
   text	   data	    bss	    dec	    hex	filename
   9372	      8	   3336	  12716	   31ac	DMA_UART.elf
Finished building: default.size.stdout
 
Finished building: DMA_UART.list
 

10:16:46 Build Finished. 0 errors, 0 warnings. (took 7s.300ms)

